[1790055259.754796] [local:3443 :0]     ucp_context.c:2659 UCX  INFO  Version 1.21.0 (loaded from /usr/local/lib/python3.12/dist-packages/nixl_ep_cu13/../nixl_cu13.libs/libucp-bcc5ee2e.so.0.0.0)
[1790055265.231121] [local:3443 :0]   +--------------------------+-------------------------------------------------------------+
[1790055265.231125] [local:3443 :0]   | ucp_context_0 self cfg#0 | remote memory write by ucp_put* from host memory to host    |
[1790055265.231126] [local:3443 :0]   +--------------------------+--------------------------------------------+----------------+
[1790055265.231126] [local:3443 :0]   |            0..4294967295 | short                                      | cuda_copy/cuda |
[1790055265.231127] [local:3443 :0]   +--------------------------+--------------------------------------------+----------------+
[1790055265.231153] [local:3443 :0]   +--------------------------+------------------------------------------------------------------------------+
[1790055265.231154] [local:3443 :0]   | ucp_context_0 self cfg#0 | remote memory write by ucp_put*(fast-completion) from host memory to host    |
[1790055265.231155] [local:3443 :0]   +--------------------------+-------------------------------------------------------------+----------------+
[1790055265.231156] [local:3443 :0]   |            0..4294967295 | short                                                       | cuda_copy/cuda |
[1790055265.231156] [local:3443 :0]   +--------------------------+-------------------------------------------------------------+----------------+
[1790055265.231181] [local:3443 :0]   +--------------------------+--------------------------------------------------------------------+
[1790055265.231181] [local:3443 :0]   | ucp_context_0 self cfg#0 | remote memory write by ucp_put*(multi) from host memory to host    |
[1790055265.231182] [local:3443 :0]   +--------------------------+---------------------------------------------------+----------------+
[1790055265.231182] [local:3443 :0]   |            0..4294967295 | short                                             | cuda_copy/cuda |
[1790055265.231183] [local:3443 :0]   +--------------------------+---------------------------------------------------+----------------+
[1790055265.231218] [local:3443 :0]   +--------------------------+----------------------------------------------------+
[1790055265.231219] [local:3443 :0]   | ucp_context_0 self cfg#0 | active message by ucp_am_send* from host memory    |
[1790055265.231220] [local:3443 :0]   +--------------------------+-------------------------------------------------+--+
[1790055265.231220] [local:3443 :0]   +--------------------------+-------------------------------------------------+--+
[1790055265.231231] [local:3443 :0]   +--------------------------+--------------------------------------------------------------------+
[1790055265.231231] [local:3443 :0]   | ucp_context_0 self cfg#0 | active message by ucp_am_send* with reply flag from host memory    |
[1790055265.231232] [local:3443 :0]   +--------------------------+-----------------------------------------------------------------+--+
[1790055265.231232] [local:3443 :0]   +--------------------------+-----------------------------------------------------------------+--+
[1790055265.231368] [local:3443 :0]          parser.c:2364 UCX  INFO  UCX_* env variables: UCX_PROTO_INFO=y UCX_LOG_LEVEL=info UCX_LOG_FILE=/results/default-a/ucx-prefill.%p.log UCX_RCACHE_MAX_UNRELEASED=1024
[1790055265.630899] [local:3443 :0]   +--------------------------+-------------------------------------------------------------+
[1790055265.630903] [local:3443 :0]   | ucp_context_0 self cfg#0 | remote memory write by ucp_put* from host memory to host    |
[1790055265.630904] [local:3443 :0]   +--------------------------+--------------------------------------------+----------------+
[1790055265.630905] [local:3443 :0]   |            0..4294967295 | short                                      | cuda_copy/cuda |
[1790055265.630906] [local:3443 :0]   +--------------------------+--------------------------------------------+----------------+
[1790055265.630950] [local:3443 :0]   +--------------------------+------------------------------------------------------------------------------+
[1790055265.630950] [local:3443 :0]   | ucp_context_0 self cfg#0 | remote memory write by ucp_put*(fast-completion) from host memory to host    |
[1790055265.630951] [local:3443 :0]   +--------------------------+-------------------------------------------------------------+----------------+
[1790055265.630952] [local:3443 :0]   |            0..4294967295 | short                                                       | cuda_copy/cuda |
[1790055265.630952] [local:3443 :0]   +--------------------------+-------------------------------------------------------------+----------------+
[1790055265.630977] [local:3443 :0]   +--------------------------+--------------------------------------------------------------------+
[1790055265.630978] [local:3443 :0]   | ucp_context_0 self cfg#0 | remote memory write by ucp_put*(multi) from host memory to host    |
[1790055265.630978] [local:3443 :0]   +--------------------------+---------------------------------------------------+----------------+
[1790055265.630979] [local:3443 :0]   |            0..4294967295 | short                                             | cuda_copy/cuda |
[1790055265.630979] [local:3443 :0]   +--------------------------+---------------------------------------------------+----------------+
[1790055265.631018] [local:3443 :0]   +--------------------------+----------------------------------------------------+
[1790055265.631019] [local:3443 :0]   | ucp_context_0 self cfg#0 | active message by ucp_am_send* from host memory    |
[1790055265.631019] [local:3443 :0]   +--------------------------+-------------------------------------------------+--+
[1790055265.631020] [local:3443 :0]   +--------------------------+-------------------------------------------------+--+
[1790055265.631030] [local:3443 :0]   +--------------------------+--------------------------------------------------------------------+
[1790055265.631031] [local:3443 :0]   | ucp_context_0 self cfg#0 | active message by ucp_am_send* with reply flag from host memory    |
[1790055265.631032] [local:3443 :0]   +--------------------------+-----------------------------------------------------------------+--+
[1790055265.631032] [local:3443 :0]   +--------------------------+-----------------------------------------------------------------+--+
[1790055265.992141] [local:3443 :0]   +--------------------------+-------------------------------------------------------------+
[1790055265.992145] [local:3443 :0]   | ucp_context_0 self cfg#0 | remote memory write by ucp_put* from host memory to host    |
[1790055265.992146] [local:3443 :0]   +--------------------------+--------------------------------------------+----------------+
[1790055265.992147] [local:3443 :0]   |            0..4294967295 | short                                      | cuda_copy/cuda |
[1790055265.992147] [local:3443 :0]   +--------------------------+--------------------------------------------+----------------+
[1790055265.992175] [local:3443 :0]   +--------------------------+------------------------------------------------------------------------------+
[1790055265.992175] [local:3443 :0]   | ucp_context_0 self cfg#0 | remote memory write by ucp_put*(fast-completion) from host memory to host    |
[1790055265.992176] [local:3443 :0]   +--------------------------+-------------------------------------------------------------+----------------+
[1790055265.992177] [local:3443 :0]   |            0..4294967295 | short                                                       | cuda_copy/cuda |
[1790055265.992177] [local:3443 :0]   +--------------------------+-------------------------------------------------------------+----------------+
[1790055265.992203] [local:3443 :0]   +--------------------------+--------------------------------------------------------------------+
[1790055265.992204] [local:3443 :0]   | ucp_context_0 self cfg#0 | remote memory write by ucp_put*(multi) from host memory to host    |
[1790055265.992218] [local:3443 :0]   +--------------------------+---------------------------------------------------+----------------+
[1790055265.992218] [local:3443 :0]   |            0..4294967295 | short                                             | cuda_copy/cuda |
[1790055265.992219] [local:3443 :0]   +--------------------------+---------------------------------------------------+----------------+
[1790055265.992258] [local:3443 :0]   +--------------------------+----------------------------------------------------+
[1790055265.992258] [local:3443 :0]   | ucp_context_0 self cfg#0 | active message by ucp_am_send* from host memory    |
[1790055265.992259] [local:3443 :0]   +--------------------------+-------------------------------------------------+--+
[1790055265.992259] [local:3443 :0]   +--------------------------+-------------------------------------------------+--+
[1790055265.992287] [local:3443 :0]   +--------------------------+--------------------------------------------------------------------+
[1790055265.992288] [local:3443 :0]   | ucp_context_0 self cfg#0 | active message by ucp_am_send* with reply flag from host memory    |
[1790055265.992288] [local:3443 :0]   +--------------------------+-----------------------------------------------------------------+--+
[1790055265.992289] [local:3443 :0]   +--------------------------+-----------------------------------------------------------------+--+
[1790055266.381282] [local:3443 :0]   +--------------------------+-------------------------------------------------------------+
[1790055266.381286] [local:3443 :0]   | ucp_context_0 self cfg#0 | remote memory write by ucp_put* from host memory to host    |
[1790055266.381287] [local:3443 :0]   +--------------------------+--------------------------------------------+----------------+
[1790055266.381288] [local:3443 :0]   |            0..4294967295 | short                                      | cuda_copy/cuda |
[1790055266.381289] [local:3443 :0]   +--------------------------+--------------------------------------------+----------------+
[1790055266.381320] [local:3443 :0]   +--------------------------+------------------------------------------------------------------------------+
[1790055266.381321] [local:3443 :0]   | ucp_context_0 self cfg#0 | remote memory write by ucp_put*(fast-completion) from host memory to host    |
[1790055266.381321] [local:3443 :0]   +--------------------------+-------------------------------------------------------------+----------------+
[1790055266.381322] [local:3443 :0]   |            0..4294967295 | short                                                       | cuda_copy/cuda |
[1790055266.381323] [local:3443 :0]   +--------------------------+-------------------------------------------------------------+----------------+
[1790055266.381350] [local:3443 :0]   +--------------------------+--------------------------------------------------------------------+
[1790055266.381351] [local:3443 :0]   | ucp_context_0 self cfg#0 | remote memory write by ucp_put*(multi) from host memory to host    |
[1790055266.381352] [local:3443 :0]   +--------------------------+---------------------------------------------------+----------------+
[1790055266.381352] [local:3443 :0]   |            0..4294967295 | short                                             | cuda_copy/cuda |
[1790055266.381353] [local:3443 :0]   +--------------------------+---------------------------------------------------+----------------+
[1790055266.381396] [local:3443 :0]   +--------------------------+----------------------------------------------------+
[1790055266.381397] [local:3443 :0]   | ucp_context_0 self cfg#0 | active message by ucp_am_send* from host memory    |
[1790055266.381397] [local:3443 :0]   +--------------------------+-------------------------------------------------+--+
[1790055266.381398] [local:3443 :0]   +--------------------------+-------------------------------------------------+--+
[1790055266.381408] [local:3443 :0]   +--------------------------+--------------------------------------------------------------------+
[1790055266.381422] [local:3443 :0]   | ucp_context_0 self cfg#0 | active message by ucp_am_send* with reply flag from host memory    |
[1790055266.381423] [local:3443 :0]   +--------------------------+-----------------------------------------------------------------+--+
[1790055266.381423] [local:3443 :0]   +--------------------------+-----------------------------------------------------------------+--+
[1790055266.744702] [local:3443 :0]   +--------------------------+-------------------------------------------------------------+
[1790055266.744706] [local:3443 :0]   | ucp_context_0 self cfg#0 | remote memory write by ucp_put* from host memory to host    |
[1790055266.744707] [local:3443 :0]   +--------------------------+--------------------------------------------+----------------+
[1790055266.744708] [local:3443 :0]   |            0..4294967295 | short                                      | cuda_copy/cuda |
[1790055266.744709] [local:3443 :0]   +--------------------------+--------------------------------------------+----------------+
[1790055266.744738] [local:3443 :0]   +--------------------------+------------------------------------------------------------------------------+
[1790055266.744740] [local:3443 :0]   | ucp_context_0 self cfg#0 | remote memory write by ucp_put*(fast-completion) from host memory to host    |
[1790055266.744740] [local:3443 :0]   +--------------------------+-------------------------------------------------------------+----------------+
[1790055266.744741] [local:3443 :0]   |            0..4294967295 | short                                                       | cuda_copy/cuda |
[1790055266.744742] [local:3443 :0]   +--------------------------+-------------------------------------------------------------+----------------+
[1790055266.744769] [local:3443 :0]   +--------------------------+--------------------------------------------------------------------+
[1790055266.744770] [local:3443 :0]   | ucp_context_0 self cfg#0 | remote memory write by ucp_put*(multi) from host memory to host    |
[1790055266.744770] [local:3443 :0]   +--------------------------+---------------------------------------------------+----------------+
[1790055266.744771] [local:3443 :0]   |            0..4294967295 | short                                             | cuda_copy/cuda |
[1790055266.744771] [local:3443 :0]   +--------------------------+---------------------------------------------------+----------------+
[1790055266.744815] [local:3443 :0]   +--------------------------+----------------------------------------------------+
[1790055266.744816] [local:3443 :0]   | ucp_context_0 self cfg#0 | active message by ucp_am_send* from host memory    |
[1790055266.744816] [local:3443 :0]   +--------------------------+-------------------------------------------------+--+
[1790055266.744817] [local:3443 :0]   +--------------------------+-------------------------------------------------+--+
[1790055266.744828] [local:3443 :0]   +--------------------------+--------------------------------------------------------------------+
[1790055266.744829] [local:3443 :0]   | ucp_context_0 self cfg#0 | active message by ucp_am_send* with reply flag from host memory    |
[1790055266.744829] [local:3443 :0]   +--------------------------+-----------------------------------------------------------------+--+
[1790055266.744830] [local:3443 :0]   +--------------------------+-----------------------------------------------------------------+--+
[1790055266.746909] [local:3443 :0]      ucp_worker.c:1984 UCX  INFO    ucp_context_0 self cfg#1 rma(rc_mlx5/mlx5_5:1)  amo(rc_mlx5/mlx5_5:1)  device(cuda_ipc/cuda rc_gda/cuda1-mlx5_5:1 rc_gda/cuda1-mlx5_5:1)  am(rc_mlx5/mlx5_5:1 rc_mlx5/mlx5_5:1 cuda_ipc/cuda)  ka(ud_mlx5/mlx5_5:1)
[1790055266.756060] [local:3443 :0]   +--------------------------+-------------------------------------------------------------+
[1790055266.756063] [local:3443 :0]   | ucp_context_0 self cfg#1 | remote memory write by ucp_put* from host memory to host    |
[1790055266.756064] [local:3443 :0]   +--------------------------+------------+------------------------------------------------+
[1790055266.756079] [local:3443 :0]   |                   0..220 | short      | rc_mlx5/mlx5_5:1/path0                         |
[1790055266.756080] [local:3443 :0]   |                221..1193 | copy-in    | rc_mlx5/mlx5_5:1/path0                         |
[1790055266.756080] [local:3443 :0]   |                1194..inf | zero-copy  | rc_mlx5/mlx5_5:1 50% on path0 and 50% on path1 |
[1790055266.756081] [local:3443 :0]   +--------------------------+------------+------------------------------------------------+
[1790055266.756204] [local:3443 :0]   +--------------------------+------------------------------------------------------------------------------+
[1790055266.756204] [local:3443 :0]   | ucp_context_0 self cfg#1 | remote memory write by ucp_put*(fast-completion) from host memory to host    |
[1790055266.756205] [local:3443 :0]   +--------------------------+-----------------------------+------------------------------------------------+
[1790055266.756206] [local:3443 :0]   |                   0..220 | short                       | rc_mlx5/mlx5_5:1/path0                         |
[1790055266.756206] [local:3443 :0]   |                221..9292 | copy-in                     | rc_mlx5/mlx5_5:1/path0                         |
[1790055266.756207] [local:3443 :0]   |                9293..inf | zero-copy                   | rc_mlx5/mlx5_5:1 50% on path0 and 50% on path1 |
[1790055266.756207] [local:3443 :0]   +--------------------------+-----------------------------+------------------------------------------------+
[1790055266.756321] [local:3443 :0]   +--------------------------+--------------------------------------------------------------------+
[1790055266.756322] [local:3443 :0]   | ucp_context_0 self cfg#1 | remote memory write by ucp_put*(multi) from host memory to host    |
[1790055266.756322] [local:3443 :0]   +--------------------------+-------------------+------------------------------------------------+
[1790055266.756323] [local:3443 :0]   |                   0..220 | short             | rc_mlx5/mlx5_5:1/path0                         |
[1790055266.756323] [local:3443 :0]   |                221..1285 | copy-in           | rc_mlx5/mlx5_5:1/path0                         |
[1790055266.756324] [local:3443 :0]   |                1286..inf | zero-copy         | rc_mlx5/mlx5_5:1 50% on path0 and 50% on path1 |
[1790055266.756324] [local:3443 :0]   +--------------------------+-------------------+------------------------------------------------+
[1790055266.764513] [local:3443 :0]   +--------------------------+--------------------------------------------------------------------+
[1790055266.764516] [local:3443 :0]   | ucp_context_0 self cfg#1 | remote memory write by ucp_put* from host memory to cuda/dev[1]    |
[1790055266.764517] [local:3443 :0]   +--------------------------+-------------------+------------------------------------------------+
[1790055266.764518] [local:3443 :0]   |                   0..220 | short             | rc_mlx5/mlx5_5:1/path0                         |
[1790055266.764519] [local:3443 :0]   |                221..1193 | copy-in           | rc_mlx5/mlx5_5:1/path0                         |
[1790055266.764519] [local:3443 :0]   |                1194..inf | zero-copy         | rc_mlx5/mlx5_5:1 50% on path0 and 50% on path1 |
[1790055266.764519] [local:3443 :0]   +--------------------------+-------------------+------------------------------------------------+
[1790055266.764609] [local:3443 :0]   +--------------------------+-------------------------------------------------------------------------------------+
[1790055266.764610] [local:3443 :0]   | ucp_context_0 self cfg#1 | remote memory write by ucp_put*(fast-completion) from host memory to cuda/dev[1]    |
[1790055266.764610] [local:3443 :0]   +--------------------------+------------------------------------+------------------------------------------------+
[1790055266.764611] [local:3443 :0]   |                   0..220 | short                              | rc_mlx5/mlx5_5:1/path0                         |
[1790055266.764624] [local:3443 :0]   |                221..9292 | copy-in                            | rc_mlx5/mlx5_5:1/path0                         |
[1790055266.764625] [local:3443 :0]   |                9293..inf | zero-copy                          | rc_mlx5/mlx5_5:1 50% on path0 and 50% on path1 |
[1790055266.764626] [local:3443 :0]   +--------------------------+------------------------------------+------------------------------------------------+
[1790055266.764721] [local:3443 :0]   +--------------------------+---------------------------------------------------------------------------+
[1790055266.764722] [local:3443 :0]   | ucp_context_0 self cfg#1 | remote memory write by ucp_put*(multi) from host memory to cuda/dev[1]    |
[1790055266.764722] [local:3443 :0]   +--------------------------+--------------------------+------------------------------------------------+
[1790055266.764723] [local:3443 :0]   |                   0..220 | short                    | rc_mlx5/mlx5_5:1/path0                         |
[1790055266.764724] [local:3443 :0]   |                221..1285 | copy-in                  | rc_mlx5/mlx5_5:1/path0                         |
[1790055266.764724] [local:3443 :0]   |                1286..inf | zero-copy                | rc_mlx5/mlx5_5:1 50% on path0 and 50% on path1 |
[1790055266.764725] [local:3443 :0]   +--------------------------+--------------------------+------------------------------------------------+
[1790055266.764999] [local:3443 :0]   +--------------------------+----------------------------------------------------+
[1790055266.765000] [local:3443 :0]   | ucp_context_0 self cfg#1 | active message by ucp_am_send* from host memory    |
[1790055266.765001] [local:3443 :0]   +--------------------------+---------------------------+------------------------+
[1790055266.765001] [local:3443 :0]   |                   0..226 | short                     | rc_mlx5/mlx5_5:1/path0 |
[1790055266.765002] [local:3443 :0]   |                 227..404 | copy-in                   | rc_mlx5/mlx5_5:1/path0 |
[1790055266.765002] [local:3443 :0]   |                405..8246 | zero-copy                 | rc_mlx5/mlx5_5:1/path0 |
[1790055266.765003] [local:3443 :0]   |                8247..inf | multi-frag zero-copy      | rc_mlx5/mlx5_5:1/path0 |
[1790055266.765003] [local:3443 :0]   +--------------------------+---------------------------+------------------------+
[1790055266.765184] [local:3443 :0]   +--------------------------+---------------------------------------------------------------------+
[1790055266.765185] [local:3443 :0]   | ucp_context_0 self cfg#1 | active message by ucp_am_send*(fast-completion) from host memory    |
[1790055266.765185] [local:3443 :0]   +--------------------------+--------------------------------------------+------------------------+
[1790055266.765186] [local:3443 :0]   |                   0..226 | short                                      | rc_mlx5/mlx5_5:1/path0 |
[1790055266.765186] [local:3443 :0]   |                227..8246 | copy-in                                    | rc_mlx5/mlx5_5:1/path0 |
[1790055266.765187] [local:3443 :0]   |               8247..9187 | multi-frag copy-in                         | rc_mlx5/mlx5_5:1/path0 |
[1790055266.765187] [local:3443 :0]   |                9188..inf | multi-frag zero-copy                       | rc_mlx5/mlx5_5:1/path0 |
[1790055266.765188] [local:3443 :0]   +--------------------------+--------------------------------------------+------------------------+
[1790055266.765828] [local:3443 :0]   +--------------------------+-----------------------------------------------------------+
[1790055266.765829] [local:3443 :0]   | ucp_context_0 self cfg#1 | active message by ucp_am_send*(multi) from host memory    |
[1790055266.765830] [local:3443 :0]   +--------------------------+----------------------------------+------------------------+
[1790055266.765830] [local:3443 :0]   |                   0..226 | short                            | rc_mlx5/mlx5_5:1/path0 |
[1790055266.765831] [local:3443 :0]   |                 227..440 | copy-in                          | rc_mlx5/mlx5_5:1/path0 |
[1790055266.765836] [local:3443 :0]   |                441..8246 | zero-copy                        | rc_mlx5/mlx5_5:1/path0 |
[1790055266.765837] [local:3443 :0]   |                8247..inf | multi-frag zero-copy             | rc_mlx5/mlx5_5:1/path0 |
[1790055266.765838] [local:3443 :0]   +--------------------------+----------------------------------+------------------------+
[1790055266.766019] [local:3443 :0]   +--------------------------+--------------------------------------------------------------------+
[1790055266.766020] [local:3443 :0]   | ucp_context_0 self cfg#1 | active message by ucp_am_send* with reply flag from host memory    |
[1790055266.766021] [local:3443 :0]   +--------------------------+-------------------------------------------+------------------------+
[1790055266.766021] [local:3443 :0]   |                   0..218 | short                                     | rc_mlx5/mlx5_5:1/path0 |
[1790055266.766022] [local:3443 :0]   |                 219..404 | copy-in                                   | rc_mlx5/mlx5_5:1/path0 |
[1790055266.766022] [local:3443 :0]   |                405..8238 | zero-copy                                 | rc_mlx5/mlx5_5:1/path0 |
[1790055266.766023] [local:3443 :0]   |                8239..inf | multi-frag zero-copy                      | rc_mlx5/mlx5_5:1/path0 |
[1790055266.766023] [local:3443 :0]   +--------------------------+-------------------------------------------+------------------------+
[1790055266.766196] [local:3443 :0]   +--------------------------+-------------------------------------------------------------------------------------+
[1790055266.766197] [local:3443 :0]   | ucp_context_0 self cfg#1 | active message by ucp_am_send* with reply flag(fast-completion) from host memory    |
[1790055266.766197] [local:3443 :0]   +--------------------------+------------------------------------------------------------+------------------------+
[1790055266.766198] [local:3443 :0]   |                   0..218 | short                                                      | rc_mlx5/mlx5_5:1/path0 |
[1790055266.766199] [local:3443 :0]   |                219..8238 | copy-in                                                    | rc_mlx5/mlx5_5:1/path0 |
[1790055266.766199] [local:3443 :0]   |               8239..9187 | multi-frag copy-in                                         | rc_mlx5/mlx5_5:1/path0 |
[1790055266.766200] [local:3443 :0]   |                9188..inf | multi-frag zero-copy                                       | rc_mlx5/mlx5_5:1/path0 |
[1790055266.766200] [local:3443 :0]   +--------------------------+------------------------------------------------------------+------------------------+
[1790055266.766409] [local:3443 :0]   +--------------------------+---------------------------------------------------------------------------+
[1790055266.766409] [local:3443 :0]   | ucp_context_0 self cfg#1 | active message by ucp_am_send* with reply flag(multi) from host memory    |
[1790055266.766410] [local:3443 :0]   +--------------------------+--------------------------------------------------+------------------------+
[1790055266.766411] [local:3443 :0]   |                   0..218 | short                                            | rc_mlx5/mlx5_5:1/path0 |
[1790055266.766411] [local:3443 :0]   |                 219..440 | copy-in                                          | rc_mlx5/mlx5_5:1/path0 |
[1790055266.766412] [local:3443 :0]   |                441..8238 | zero-copy                                        | rc_mlx5/mlx5_5:1/path0 |
[1790055266.766412] [local:3443 :0]   |                8239..inf | multi-frag zero-copy                             | rc_mlx5/mlx5_5:1/path0 |
[1790055266.766413] [local:3443 :0]   +--------------------------+--------------------------------------------------+------------------------+
[1790055266.839301] [local:3443 :0]      ucp_worker.c:1984 UCX  INFO    ucp_context_0 intra-node cfg#1 rma(rc_mlx5/mlx5_5:1)  amo(rc_mlx5/mlx5_5:1)  device(cuda_ipc/cuda rc_gda/cuda1-mlx5_5:1 rc_gda/cuda1-mlx5_5:1)  am(rc_mlx5/mlx5_5:1 rc_mlx5/mlx5_5:1 cuda_ipc/cuda)  ka(ud_mlx5/mlx5_5:1)
[1790055266.850659] [local:3443 :0]   +--------------------------------+-------------------------------------------------------------+
[1790055266.850662] [local:3443 :0]   | ucp_context_0 intra-node cfg#1 | remote memory write by ucp_put* from host memory to host    |
[1790055266.850663] [local:3443 :0]   +--------------------------------+------------+------------------------------------------------+
[1790055266.850664] [local:3443 :0]   |                         0..220 | short      | rc_mlx5/mlx5_5:1/path0                         |
[1790055266.850665] [local:3443 :0]   |                      221..1193 | copy-in    | rc_mlx5/mlx5_5:1/path0                         |
[1790055266.850665] [local:3443 :0]   |                      1194..inf | zero-copy  | rc_mlx5/mlx5_5:1 50% on path0 and 50% on path1 |
[1790055266.850666] [local:3443 :0]   +--------------------------------+------------+------------------------------------------------+
[1790055266.850766] [local:3443 :0]   +--------------------------------+------------------------------------------------------------------------------+
[1790055266.850767] [local:3443 :0]   | ucp_context_0 intra-node cfg#1 | remote memory write by ucp_put*(fast-completion) from host memory to host    |
[1790055266.850768] [local:3443 :0]   +--------------------------------+-----------------------------+------------------------------------------------+
[1790055266.850768] [local:3443 :0]   |                         0..220 | short                       | rc_mlx5/mlx5_5:1/path0                         |
[1790055266.850769] [local:3443 :0]   |                      221..9292 | copy-in                     | rc_mlx5/mlx5_5:1/path0                         |
[1790055266.850769] [local:3443 :0]   |                      9293..inf | zero-copy                   | rc_mlx5/mlx5_5:1 50% on path0 and 50% on path1 |
[1790055266.850770] [local:3443 :0]   +--------------------------------+-----------------------------+------------------------------------------------+
[1790055266.850845] [local:3443 :0]   +--------------------------------+--------------------------------------------------------------------+
[1790055266.850845] [local:3443 :0]   | ucp_context_0 intra-node cfg#1 | remote memory write by ucp_put*(multi) from host memory to host    |
[1790055266.850846] [local:3443 :0]   +--------------------------------+-------------------+------------------------------------------------+
[1790055266.850847] [local:3443 :0]   |                         0..220 | short             | rc_mlx5/mlx5_5:1/path0                         |
[1790055266.850847] [local:3443 :0]   |                      221..1285 | copy-in           | rc_mlx5/mlx5_5:1/path0                         |
[1790055266.850848] [local:3443 :0]   |                      1286..inf | zero-copy         | rc_mlx5/mlx5_5:1 50% on path0 and 50% on path1 |
[1790055266.850848] [local:3443 :0]   +--------------------------------+-------------------+------------------------------------------------+
[1790055266.851115] [local:3443 :0]   +--------------------------------+--------------------------------------------------------------------+
[1790055266.851116] [local:3443 :0]   | ucp_context_0 intra-node cfg#1 | remote memory write by ucp_put* from host memory to cuda/dev[1]    |
[1790055266.851116] [local:3443 :0]   +--------------------------------+-------------------+------------------------------------------------+
[1790055266.851117] [local:3443 :0]   |                         0..220 | short             | rc_mlx5/mlx5_5:1/path0                         |
[1790055266.851117] [local:3443 :0]   |                      221..1193 | copy-in           | rc_mlx5/mlx5_5:1/path0                         |
[1790055266.851118] [local:3443 :0]   |                      1194..inf | zero-copy         | rc_mlx5/mlx5_5:1 50% on path0 and 50% on path1 |
[1790055266.851118] [local:3443 :0]   +--------------------------------+-------------------+------------------------------------------------+
[1790055266.851199] [local:3443 :0]   +--------------------------------+-------------------------------------------------------------------------------------+
[1790055266.851200] [local:3443 :0]   | ucp_context_0 intra-node cfg#1 | remote memory write by ucp_put*(fast-completion) from host memory to cuda/dev[1]    |
[1790055266.851200] [local:3443 :0]   +--------------------------------+------------------------------------+------------------------------------------------+
[1790055266.851201] [local:3443 :0]   |                         0..220 | short                              | rc_mlx5/mlx5_5:1/path0                         |
[1790055266.851201] [local:3443 :0]   |                      221..9292 | copy-in                            | rc_mlx5/mlx5_5:1/path0                         |
[1790055266.851202] [local:3443 :0]   |                      9293..inf | zero-copy                          | rc_mlx5/mlx5_5:1 50% on path0 and 50% on path1 |
[1790055266.851202] [local:3443 :0]   +--------------------------------+------------------------------------+------------------------------------------------+
[1790055266.851291] [local:3443 :0]   +--------------------------------+---------------------------------------------------------------------------+
[1790055266.851292] [local:3443 :0]   | ucp_context_0 intra-node cfg#1 | remote memory write by ucp_put*(multi) from host memory to cuda/dev[1]    |
[1790055266.851293] [local:3443 :0]   +--------------------------------+--------------------------+------------------------------------------------+
[1790055266.851293] [local:3443 :0]   |                         0..220 | short                    | rc_mlx5/mlx5_5:1/path0                         |
[1790055266.851294] [local:3443 :0]   |                      221..1285 | copy-in                  | rc_mlx5/mlx5_5:1/path0                         |
[1790055266.851294] [local:3443 :0]   |                      1286..inf | zero-copy                | rc_mlx5/mlx5_5:1 50% on path0 and 50% on path1 |
[1790055266.851295] [local:3443 :0]   +--------------------------------+--------------------------+------------------------------------------------+
[1790055266.851534] [local:3443 :0]   +--------------------------------+----------------------------------------------------+
[1790055266.851535] [local:3443 :0]   | ucp_context_0 intra-node cfg#1 | active message by ucp_am_send* from host memory    |
[1790055266.851535] [local:3443 :0]   +--------------------------------+---------------------------+------------------------+
[1790055266.851536] [local:3443 :0]   |                         0..226 | short                     | rc_mlx5/mlx5_5:1/path0 |
[1790055266.851536] [local:3443 :0]   |                       227..404 | copy-in                   | rc_mlx5/mlx5_5:1/path0 |
[1790055266.851537] [local:3443 :0]   |                      405..8246 | zero-copy                 | rc_mlx5/mlx5_5:1/path0 |
[1790055266.851537] [local:3443 :0]   |                      8247..inf | multi-frag zero-copy      | rc_mlx5/mlx5_5:1/path0 |
[1790055266.851538] [local:3443 :0]   +--------------------------------+---------------------------+------------------------+
[1790055266.851694] [local:3443 :0]   +--------------------------------+---------------------------------------------------------------------+
[1790055266.851695] [local:3443 :0]   | ucp_context_0 intra-node cfg#1 | active message by ucp_am_send*(fast-completion) from host memory    |
[1790055266.851696] [local:3443 :0]   +--------------------------------+--------------------------------------------+------------------------+
[1790055266.851696] [local:3443 :0]   |                         0..226 | short                                      | rc_mlx5/mlx5_5:1/path0 |
[1790055266.851697] [local:3443 :0]   |                      227..8246 | copy-in                                    | rc_mlx5/mlx5_5:1/path0 |
[1790055266.851697] [local:3443 :0]   |                     8247..9187 | multi-frag copy-in                         | rc_mlx5/mlx5_5:1/path0 |
[1790055266.851698] [local:3443 :0]   |                      9188..inf | multi-frag zero-copy                       | rc_mlx5/mlx5_5:1/path0 |
[1790055266.851702] [local:3443 :0]   +--------------------------------+--------------------------------------------+------------------------+
[1790055266.852169] [local:3443 :0]   +--------------------------------+-----------------------------------------------------------+
[1790055266.852169] [local:3443 :0]   | ucp_context_0 intra-node cfg#1 | active message by ucp_am_send*(multi) from host memory    |
[1790055266.852170] [local:3443 :0]   +--------------------------------+----------------------------------+------------------------+
[1790055266.852170] [local:3443 :0]   |                         0..226 | short                            | rc_mlx5/mlx5_5:1/path0 |
[1790055266.852171] [local:3443 :0]   |                       227..440 | copy-in                          | rc_mlx5/mlx5_5:1/path0 |
[1790055266.852171] [local:3443 :0]   |                      441..8246 | zero-copy                        | rc_mlx5/mlx5_5:1/path0 |
[1790055266.852172] [local:3443 :0]   |                      8247..inf | multi-frag zero-copy             | rc_mlx5/mlx5_5:1/path0 |
[1790055266.852172] [local:3443 :0]   +--------------------------------+----------------------------------+------------------------+
[1790055266.852326] [local:3443 :0]   +--------------------------------+--------------------------------------------------------------------+
[1790055266.852327] [local:3443 :0]   | ucp_context_0 intra-node cfg#1 | active message by ucp_am_send* with reply flag from host memory    |
[1790055266.852328] [local:3443 :0]   +--------------------------------+-------------------------------------------+------------------------+
[1790055266.852328] [local:3443 :0]   |                         0..218 | short                                     | rc_mlx5/mlx5_5:1/path0 |
[1790055266.852329] [local:3443 :0]   |                       219..404 | copy-in                                   | rc_mlx5/mlx5_5:1/path0 |
[1790055266.852329] [local:3443 :0]   |                      405..8238 | zero-copy                                 | rc_mlx5/mlx5_5:1/path0 |
[1790055266.852330] [local:3443 :0]   |                      8239..inf | multi-frag zero-copy                      | rc_mlx5/mlx5_5:1/path0 |
[1790055266.852330] [local:3443 :0]   +--------------------------------+-------------------------------------------+------------------------+
[1790055266.852471] [local:3443 :0]   +--------------------------------+-------------------------------------------------------------------------------------+
[1790055266.852472] [local:3443 :0]   | ucp_context_0 intra-node cfg#1 | active message by ucp_am_send* with reply flag(fast-completion) from host memory    |
[1790055266.852472] [local:3443 :0]   +--------------------------------+------------------------------------------------------------+------------------------+
[1790055266.852473] [local:3443 :0]   |                         0..218 | short                                                      | rc_mlx5/mlx5_5:1/path0 |
[1790055266.852473] [local:3443 :0]   |                      219..8238 | copy-in                                                    | rc_mlx5/mlx5_5:1/path0 |
[1790055266.852474] [local:3443 :0]   |                     8239..9187 | multi-frag copy-in                                         | rc_mlx5/mlx5_5:1/path0 |
[1790055266.852474] [local:3443 :0]   |                      9188..inf | multi-frag zero-copy                                       | rc_mlx5/mlx5_5:1/path0 |
[1790055266.852475] [local:3443 :0]   +--------------------------------+------------------------------------------------------------+------------------------+
[1790055266.852628] [local:3443 :0]   +--------------------------------+---------------------------------------------------------------------------+
[1790055266.852629] [local:3443 :0]   | ucp_context_0 intra-node cfg#1 | active message by ucp_am_send* with reply flag(multi) from host memory    |
[1790055266.852630] [local:3443 :0]   +--------------------------------+--------------------------------------------------+------------------------+
[1790055266.852633] [local:3443 :0]   |                         0..218 | short                                            | rc_mlx5/mlx5_5:1/path0 |
[1790055266.852634] [local:3443 :0]   |                       219..440 | copy-in                                          | rc_mlx5/mlx5_5:1/path0 |
[1790055266.852635] [local:3443 :0]   |                      441..8238 | zero-copy                                        | rc_mlx5/mlx5_5:1/path0 |
[1790055266.852635] [local:3443 :0]   |                      8239..inf | multi-frag zero-copy                             | rc_mlx5/mlx5_5:1/path0 |
[1790055266.852636] [local:3443 :0]   +--------------------------------+--------------------------------------------------+------------------------+
[1790055266.924250] [local:3443 :0]      ucp_worker.c:1984 UCX  INFO    ucp_context_0 intra-node cfg#1 rma(rc_mlx5/mlx5_5:1)  amo(rc_mlx5/mlx5_5:1)  device(cuda_ipc/cuda rc_gda/cuda1-mlx5_5:1 rc_gda/cuda1-mlx5_5:1)  am(rc_mlx5/mlx5_5:1 rc_mlx5/mlx5_5:1 cuda_ipc/cuda)  ka(ud_mlx5/mlx5_5:1)
[1790055266.935397] [local:3443 :0]   +--------------------------------+-------------------------------------------------------------+
[1790055266.935401] [local:3443 :0]   | ucp_context_0 intra-node cfg#1 | remote memory write by ucp_put* from host memory to host    |
[1790055266.935402] [local:3443 :0]   +--------------------------------+------------+------------------------------------------------+
[1790055266.935402] [local:3443 :0]   |                         0..220 | short      | rc_mlx5/mlx5_5:1/path0                         |
[1790055266.935403] [local:3443 :0]   |                      221..1193 | copy-in    | rc_mlx5/mlx5_5:1/path0                         |
[1790055266.935403] [local:3443 :0]   |                      1194..inf | zero-copy  | rc_mlx5/mlx5_5:1 50% on path0 and 50% on path1 |
[1790055266.935404] [local:3443 :0]   +--------------------------------+------------+------------------------------------------------+
[1790055266.935511] [local:3443 :0]   +--------------------------------+------------------------------------------------------------------------------+
[1790055266.935512] [local:3443 :0]   | ucp_context_0 intra-node cfg#1 | remote memory write by ucp_put*(fast-completion) from host memory to host    |
[1790055266.935513] [local:3443 :0]   +--------------------------------+-----------------------------+------------------------------------------------+
[1790055266.935513] [local:3443 :0]   |                         0..220 | short                       | rc_mlx5/mlx5_5:1/path0                         |
[1790055266.935514] [local:3443 :0]   |                      221..9292 | copy-in                     | rc_mlx5/mlx5_5:1/path0                         |
[1790055266.935515] [local:3443 :0]   |                      9293..inf | zero-copy                   | rc_mlx5/mlx5_5:1 50% on path0 and 50% on path1 |
[1790055266.935515] [local:3443 :0]   +--------------------------------+-----------------------------+------------------------------------------------+
[1790055266.935596] [local:3443 :0]   +--------------------------------+--------------------------------------------------------------------+
[1790055266.935597] [local:3443 :0]   | ucp_context_0 intra-node cfg#1 | remote memory write by ucp_put*(multi) from host memory to host    |
[1790055266.935598] [local:3443 :0]   +--------------------------------+-------------------+------------------------------------------------+
[1790055266.935598] [local:3443 :0]   |                         0..220 | short             | rc_mlx5/mlx5_5:1/path0                         |
[1790055266.935599] [local:3443 :0]   |                      221..1285 | copy-in           | rc_mlx5/mlx5_5:1/path0                         |
[1790055266.935599] [local:3443 :0]   |                      1286..inf | zero-copy         | rc_mlx5/mlx5_5:1 50% on path0 and 50% on path1 |
[1790055266.935600] [local:3443 :0]   +--------------------------------+-------------------+------------------------------------------------+
[1790055266.935899] [local:3443 :0]   +--------------------------------+--------------------------------------------------------------------+
[1790055266.935900] [local:3443 :0]   | ucp_context_0 intra-node cfg#1 | remote memory write by ucp_put* from host memory to cuda/dev[1]    |
[1790055266.935900] [local:3443 :0]   +--------------------------------+-------------------+------------------------------------------------+
[1790055266.935901] [local:3443 :0]   |                         0..220 | short             | rc_mlx5/mlx5_5:1/path0                         |
[1790055266.935901] [local:3443 :0]   |                      221..1193 | copy-in           | rc_mlx5/mlx5_5:1/path0                         |
[1790055266.935902] [local:3443 :0]   |                      1194..inf | zero-copy         | rc_mlx5/mlx5_5:1 50% on path0 and 50% on path1 |
[1790055266.935902] [local:3443 :0]   +--------------------------------+-------------------+------------------------------------------------+
[1790055266.935968] [local:3443 :0]   +--------------------------------+-------------------------------------------------------------------------------------+
[1790055266.935969] [local:3443 :0]   | ucp_context_0 intra-node cfg#1 | remote memory write by ucp_put*(fast-completion) from host memory to cuda/dev[1]    |
[1790055266.935969] [local:3443 :0]   +--------------------------------+------------------------------------+------------------------------------------------+
[1790055266.935970] [local:3443 :0]   |                         0..220 | short                              | rc_mlx5/mlx5_5:1/path0                         |
[1790055266.935971] [local:3443 :0]   |                      221..9292 | copy-in                            | rc_mlx5/mlx5_5:1/path0                         |
[1790055266.935971] [local:3443 :0]   |                      9293..inf | zero-copy                          | rc_mlx5/mlx5_5:1 50% on path0 and 50% on path1 |
[1790055266.935972] [local:3443 :0]   +--------------------------------+------------------------------------+------------------------------------------------+
[1790055266.936043] [local:3443 :0]   +--------------------------------+---------------------------------------------------------------------------+
[1790055266.936043] [local:3443 :0]   | ucp_context_0 intra-node cfg#1 | remote memory write by ucp_put*(multi) from host memory to cuda/dev[1]    |
[1790055266.936044] [local:3443 :0]   +--------------------------------+--------------------------+------------------------------------------------+
[1790055266.936045] [local:3443 :0]   |                         0..220 | short                    | rc_mlx5/mlx5_5:1/path0                         |
[1790055266.936045] [local:3443 :0]   |                      221..1285 | copy-in                  | rc_mlx5/mlx5_5:1/path0                         |
[1790055266.936046] [local:3443 :0]   |                      1286..inf | zero-copy                | rc_mlx5/mlx5_5:1 50% on path0 and 50% on path1 |
[1790055266.936046] [local:3443 :0]   +--------------------------------+--------------------------+------------------------------------------------+
[1790055266.936261] [local:3443 :0]   +--------------------------------+----------------------------------------------------+
[1790055266.936261] [local:3443 :0]   | ucp_context_0 intra-node cfg#1 | active message by ucp_am_send* from host memory    |
[1790055266.936262] [local:3443 :0]   +--------------------------------+---------------------------+------------------------+
[1790055266.936263] [local:3443 :0]   |                         0..226 | short                     | rc_mlx5/mlx5_5:1/path0 |
[1790055266.936263] [local:3443 :0]   |                       227..404 | copy-in                   | rc_mlx5/mlx5_5:1/path0 |
[1790055266.936264] [local:3443 :0]   |                      405..8246 | zero-copy                 | rc_mlx5/mlx5_5:1/path0 |
[1790055266.936264] [local:3443 :0]   |                      8247..inf | multi-frag zero-copy      | rc_mlx5/mlx5_5:1/path0 |
[1790055266.936265] [local:3443 :0]   +--------------------------------+---------------------------+------------------------+
[1790055266.936436] [local:3443 :0]   +--------------------------------+---------------------------------------------------------------------+
[1790055266.936436] [local:3443 :0]   | ucp_context_0 intra-node cfg#1 | active message by ucp_am_send*(fast-completion) from host memory    |
[1790055266.936437] [local:3443 :0]   +--------------------------------+--------------------------------------------+------------------------+
[1790055266.936438] [local:3443 :0]   |                         0..226 | short                                      | rc_mlx5/mlx5_5:1/path0 |
[1790055266.936438] [local:3443 :0]   |                      227..8246 | copy-in                                    | rc_mlx5/mlx5_5:1/path0 |
[1790055266.936439] [local:3443 :0]   |                     8247..9187 | multi-frag copy-in                         | rc_mlx5/mlx5_5:1/path0 |
[1790055266.936439] [local:3443 :0]   |                      9188..inf | multi-frag zero-copy                       | rc_mlx5/mlx5_5:1/path0 |
[1790055266.936440] [local:3443 :0]   +--------------------------------+--------------------------------------------+------------------------+
[1790055266.936917] [local:3443 :0]   +--------------------------------+-----------------------------------------------------------+
[1790055266.936917] [local:3443 :0]   | ucp_context_0 intra-node cfg#1 | active message by ucp_am_send*(multi) from host memory    |
[1790055266.936918] [local:3443 :0]   +--------------------------------+----------------------------------+------------------------+
[1790055266.936919] [local:3443 :0]   |                         0..226 | short                            | rc_mlx5/mlx5_5:1/path0 |
[1790055266.936919] [local:3443 :0]   |                       227..440 | copy-in                          | rc_mlx5/mlx5_5:1/path0 |
[1790055266.936920] [local:3443 :0]   |                      441..8246 | zero-copy                        | rc_mlx5/mlx5_5:1/path0 |
[1790055266.936920] [local:3443 :0]   |                      8247..inf | multi-frag zero-copy             | rc_mlx5/mlx5_5:1/path0 |
[1790055266.936921] [local:3443 :0]   +--------------------------------+----------------------------------+------------------------+
[1790055266.937062] [local:3443 :0]   +--------------------------------+--------------------------------------------------------------------+
[1790055266.937063] [local:3443 :0]   | ucp_context_0 intra-node cfg#1 | active message by ucp_am_send* with reply flag from host memory    |
[1790055266.937064] [local:3443 :0]   +--------------------------------+-------------------------------------------+------------------------+
[1790055266.937064] [local:3443 :0]   |                         0..218 | short                                     | rc_mlx5/mlx5_5:1/path0 |
[1790055266.937065] [local:3443 :0]   |                       219..404 | copy-in                                   | rc_mlx5/mlx5_5:1/path0 |
[1790055266.937065] [local:3443 :0]   |                      405..8238 | zero-copy                                 | rc_mlx5/mlx5_5:1/path0 |
[1790055266.937066] [local:3443 :0]   |                      8239..inf | multi-frag zero-copy                      | rc_mlx5/mlx5_5:1/path0 |
[1790055266.937066] [local:3443 :0]   +--------------------------------+-------------------------------------------+------------------------+
[1790055266.937200] [local:3443 :0]   +--------------------------------+-------------------------------------------------------------------------------------+
[1790055266.937201] [local:3443 :0]   | ucp_context_0 intra-node cfg#1 | active message by ucp_am_send* with reply flag(fast-completion) from host memory    |
[1790055266.937201] [local:3443 :0]   +--------------------------------+------------------------------------------------------------+------------------------+
[1790055266.937202] [local:3443 :0]   |                         0..218 | short                                                      | rc_mlx5/mlx5_5:1/path0 |
[1790055266.937202] [local:3443 :0]   |                      219..8238 | copy-in                                                    | rc_mlx5/mlx5_5:1/path0 |
[1790055266.937206] [local:3443 :0]   |                     8239..9187 | multi-frag copy-in                                         | rc_mlx5/mlx5_5:1/path0 |
[1790055266.937206] [local:3443 :0]   |                      9188..inf | multi-frag zero-copy                                       | rc_mlx5/mlx5_5:1/path0 |
[1790055266.937207] [local:3443 :0]   +--------------------------------+------------------------------------------------------------+------------------------+
[1790055266.937368] [local:3443 :0]   +--------------------------------+---------------------------------------------------------------------------+
[1790055266.937369] [local:3443 :0]   | ucp_context_0 intra-node cfg#1 | active message by ucp_am_send* with reply flag(multi) from host memory    |
[1790055266.937369] [local:3443 :0]   +--------------------------------+--------------------------------------------------+------------------------+
[1790055266.937370] [local:3443 :0]   |                         0..218 | short                                            | rc_mlx5/mlx5_5:1/path0 |
[1790055266.937370] [local:3443 :0]   |                       219..440 | copy-in                                          | rc_mlx5/mlx5_5:1/path0 |
[1790055266.937371] [local:3443 :0]   |                      441..8238 | zero-copy                                        | rc_mlx5/mlx5_5:1/path0 |
[1790055266.937372] [local:3443 :0]   |                      8239..inf | multi-frag zero-copy                             | rc_mlx5/mlx5_5:1/path0 |
[1790055266.937372] [local:3443 :0]   +--------------------------------+--------------------------------------------------+------------------------+
[1790055267.008787] [local:3443 :0]      ucp_worker.c:1984 UCX  INFO    ucp_context_0 intra-node cfg#1 rma(rc_mlx5/mlx5_5:1)  amo(rc_mlx5/mlx5_5:1)  device(cuda_ipc/cuda rc_gda/cuda1-mlx5_5:1 rc_gda/cuda1-mlx5_5:1)  am(rc_mlx5/mlx5_5:1 rc_mlx5/mlx5_5:1 cuda_ipc/cuda)  ka(ud_mlx5/mlx5_5:1)
[1790055267.020132] [local:3443 :0]   +--------------------------------+-------------------------------------------------------------+
[1790055267.020135] [local:3443 :0]   | ucp_context_0 intra-node cfg#1 | remote memory write by ucp_put* from host memory to host    |
[1790055267.020136] [local:3443 :0]   +--------------------------------+------------+------------------------------------------------+
[1790055267.020137] [local:3443 :0]   |                         0..220 | short      | rc_mlx5/mlx5_5:1/path0                         |
[1790055267.020138] [local:3443 :0]   |                      221..1193 | copy-in    | rc_mlx5/mlx5_5:1/path0                         |
[1790055267.020138] [local:3443 :0]   |                      1194..inf | zero-copy  | rc_mlx5/mlx5_5:1 50% on path0 and 50% on path1 |
[1790055267.020139] [local:3443 :0]   +--------------------------------+------------+------------------------------------------------+
[1790055267.020231] [local:3443 :0]   +--------------------------------+------------------------------------------------------------------------------+
[1790055267.020232] [local:3443 :0]   | ucp_context_0 intra-node cfg#1 | remote memory write by ucp_put*(fast-completion) from host memory to host    |
[1790055267.020233] [local:3443 :0]   +--------------------------------+-----------------------------+------------------------------------------------+
[1790055267.020233] [local:3443 :0]   |                         0..220 | short                       | rc_mlx5/mlx5_5:1/path0                         |
[1790055267.020234] [local:3443 :0]   |                      221..9292 | copy-in                     | rc_mlx5/mlx5_5:1/path0                         |
[1790055267.020235] [local:3443 :0]   |                      9293..inf | zero-copy                   | rc_mlx5/mlx5_5:1 50% on path0 and 50% on path1 |
[1790055267.020235] [local:3443 :0]   +--------------------------------+-----------------------------+------------------------------------------------+
[1790055267.020316] [local:3443 :0]   +--------------------------------+--------------------------------------------------------------------+
[1790055267.020330] [local:3443 :0]   | ucp_context_0 intra-node cfg#1 | remote memory write by ucp_put*(multi) from host memory to host    |
[1790055267.020331] [local:3443 :0]   +--------------------------------+-------------------+------------------------------------------------+
[1790055267.020331] [local:3443 :0]   |                         0..220 | short             | rc_mlx5/mlx5_5:1/path0                         |
[1790055267.020332] [local:3443 :0]   |                      221..1285 | copy-in           | rc_mlx5/mlx5_5:1/path0                         |
[1790055267.020332] [local:3443 :0]   |                      1286..inf | zero-copy         | rc_mlx5/mlx5_5:1 50% on path0 and 50% on path1 |
[1790055267.020333] [local:3443 :0]   +--------------------------------+-------------------+------------------------------------------------+
[1790055267.020613] [local:3443 :0]   +--------------------------------+--------------------------------------------------------------------+
[1790055267.020614] [local:3443 :0]   | ucp_context_0 intra-node cfg#1 | remote memory write by ucp_put* from host memory to cuda/dev[1]    |
[1790055267.020615] [local:3443 :0]   +--------------------------------+-------------------+------------------------------------------------+
[1790055267.020615] [local:3443 :0]   |                         0..220 | short             | rc_mlx5/mlx5_5:1/path0                         |
[1790055267.020616] [local:3443 :0]   |                      221..1193 | copy-in           | rc_mlx5/mlx5_5:1/path0                         |
[1790055267.020616] [local:3443 :0]   |                      1194..inf | zero-copy         | rc_mlx5/mlx5_5:1 50% on path0 and 50% on path1 |
[1790055267.020617] [local:3443 :0]   +--------------------------------+-------------------+------------------------------------------------+
[1790055267.020683] [local:3443 :0]   +--------------------------------+-------------------------------------------------------------------------------------+
[1790055267.020684] [local:3443 :0]   | ucp_context_0 intra-node cfg#1 | remote memory write by ucp_put*(fast-completion) from host memory to cuda/dev[1]    |
[1790055267.020684] [local:3443 :0]   +--------------------------------+------------------------------------+------------------------------------------------+
[1790055267.020685] [local:3443 :0]   |                         0..220 | short                              | rc_mlx5/mlx5_5:1/path0                         |
[1790055267.020685] [local:3443 :0]   |                      221..9292 | copy-in                            | rc_mlx5/mlx5_5:1/path0                         |
[1790055267.020686] [local:3443 :0]   |                      9293..inf | zero-copy                          | rc_mlx5/mlx5_5:1 50% on path0 and 50% on path1 |
[1790055267.020686] [local:3443 :0]   +--------------------------------+------------------------------------+------------------------------------------------+
[1790055267.020758] [local:3443 :0]   +--------------------------------+---------------------------------------------------------------------------+
[1790055267.020758] [local:3443 :0]   | ucp_context_0 intra-node cfg#1 | remote memory write by ucp_put*(multi) from host memory to cuda/dev[1]    |
[1790055267.020759] [local:3443 :0]   +--------------------------------+--------------------------+------------------------------------------------+
[1790055267.020760] [local:3443 :0]   |                         0..220 | short                    | rc_mlx5/mlx5_5:1/path0                         |
[1790055267.020760] [local:3443 :0]   |                      221..1285 | copy-in                  | rc_mlx5/mlx5_5:1/path0                         |
[1790055267.020761] [local:3443 :0]   |                      1286..inf | zero-copy                | rc_mlx5/mlx5_5:1 50% on path0 and 50% on path1 |
[1790055267.020761] [local:3443 :0]   +--------------------------------+--------------------------+------------------------------------------------+
[1790055267.020991] [local:3443 :0]   +--------------------------------+----------------------------------------------------+
[1790055267.020992] [local:3443 :0]   | ucp_context_0 intra-node cfg#1 | active message by ucp_am_send* from host memory    |
[1790055267.020993] [local:3443 :0]   +--------------------------------+---------------------------+------------------------+
[1790055267.020994] [local:3443 :0]   |                         0..226 | short                     | rc_mlx5/mlx5_5:1/path0 |
[1790055267.020994] [local:3443 :0]   |                       227..404 | copy-in                   | rc_mlx5/mlx5_5:1/path0 |
[1790055267.020995] [local:3443 :0]   |                      405..8246 | zero-copy                 | rc_mlx5/mlx5_5:1/path0 |
[1790055267.020995] [local:3443 :0]   |                      8247..inf | multi-frag zero-copy      | rc_mlx5/mlx5_5:1/path0 |
[1790055267.020996] [local:3443 :0]   +--------------------------------+---------------------------+------------------------+
[1790055267.021138] [local:3443 :0]   +--------------------------------+---------------------------------------------------------------------+
[1790055267.021138] [local:3443 :0]   | ucp_context_0 intra-node cfg#1 | active message by ucp_am_send*(fast-completion) from host memory    |
[1790055267.021139] [local:3443 :0]   +--------------------------------+--------------------------------------------+------------------------+
[1790055267.021140] [local:3443 :0]   |                         0..226 | short                                      | rc_mlx5/mlx5_5:1/path0 |
[1790055267.021140] [local:3443 :0]   |                      227..8246 | copy-in                                    | rc_mlx5/mlx5_5:1/path0 |
[1790055267.021141] [local:3443 :0]   |                     8247..9187 | multi-frag copy-in                         | rc_mlx5/mlx5_5:1/path0 |
[1790055267.021141] [local:3443 :0]   |                      9188..inf | multi-frag zero-copy                       | rc_mlx5/mlx5_5:1/path0 |
[1790055267.021142] [local:3443 :0]   +--------------------------------+--------------------------------------------+------------------------+
[1790055267.021628] [local:3443 :0]   +--------------------------------+-----------------------------------------------------------+
[1790055267.021629] [local:3443 :0]   | ucp_context_0 intra-node cfg#1 | active message by ucp_am_send*(multi) from host memory    |
[1790055267.021630] [local:3443 :0]   +--------------------------------+----------------------------------+------------------------+
[1790055267.021630] [local:3443 :0]   |                         0..226 | short                            | rc_mlx5/mlx5_5:1/path0 |
[1790055267.021631] [local:3443 :0]   |                       227..440 | copy-in                          | rc_mlx5/mlx5_5:1/path0 |
[1790055267.021631] [local:3443 :0]   |                      441..8246 | zero-copy                        | rc_mlx5/mlx5_5:1/path0 |
[1790055267.021632] [local:3443 :0]   |                      8247..inf | multi-frag zero-copy             | rc_mlx5/mlx5_5:1/path0 |
[1790055267.021632] [local:3443 :0]   +--------------------------------+----------------------------------+------------------------+
[1790055267.021774] [local:3443 :0]   +--------------------------------+--------------------------------------------------------------------+
[1790055267.021775] [local:3443 :0]   | ucp_context_0 intra-node cfg#1 | active message by ucp_am_send* with reply flag from host memory    |
[1790055267.021775] [local:3443 :0]   +--------------------------------+-------------------------------------------+------------------------+
[1790055267.021776] [local:3443 :0]   |                         0..218 | short                                     | rc_mlx5/mlx5_5:1/path0 |
[1790055267.021776] [local:3443 :0]   |                       219..404 | copy-in                                   | rc_mlx5/mlx5_5:1/path0 |
[1790055267.021777] [local:3443 :0]   |                      405..8238 | zero-copy                                 | rc_mlx5/mlx5_5:1/path0 |
[1790055267.021782] [local:3443 :0]   |                      8239..inf | multi-frag zero-copy                      | rc_mlx5/mlx5_5:1/path0 |
[1790055267.021782] [local:3443 :0]   +--------------------------------+-------------------------------------------+------------------------+
[1790055267.021917] [local:3443 :0]   +--------------------------------+-------------------------------------------------------------------------------------+
[1790055267.021918] [local:3443 :0]   | ucp_context_0 intra-node cfg#1 | active message by ucp_am_send* with reply flag(fast-completion) from host memory    |
[1790055267.021918] [local:3443 :0]   +--------------------------------+------------------------------------------------------------+------------------------+
[1790055267.021919] [local:3443 :0]   |                         0..218 | short                                                      | rc_mlx5/mlx5_5:1/path0 |
[1790055267.021919] [local:3443 :0]   |                      219..8238 | copy-in                                                    | rc_mlx5/mlx5_5:1/path0 |
[1790055267.021920] [local:3443 :0]   |                     8239..9187 | multi-frag copy-in                                         | rc_mlx5/mlx5_5:1/path0 |
[1790055267.021920] [local:3443 :0]   |                      9188..inf | multi-frag zero-copy                                       | rc_mlx5/mlx5_5:1/path0 |
[1790055267.021921] [local:3443 :0]   +--------------------------------+------------------------------------------------------------+------------------------+
[1790055267.022080] [local:3443 :0]   +--------------------------------+---------------------------------------------------------------------------+
[1790055267.022080] [local:3443 :0]   | ucp_context_0 intra-node cfg#1 | active message by ucp_am_send* with reply flag(multi) from host memory    |
[1790055267.022081] [local:3443 :0]   +--------------------------------+--------------------------------------------------+------------------------+
[1790055267.022082] [local:3443 :0]   |                         0..218 | short                                            | rc_mlx5/mlx5_5:1/path0 |
[1790055267.022082] [local:3443 :0]   |                       219..440 | copy-in                                          | rc_mlx5/mlx5_5:1/path0 |
[1790055267.022083] [local:3443 :0]   |                      441..8238 | zero-copy                                        | rc_mlx5/mlx5_5:1/path0 |
[1790055267.022083] [local:3443 :0]   |                      8239..inf | multi-frag zero-copy                             | rc_mlx5/mlx5_5:1/path0 |
[1790055267.022084] [local:3443 :0]   +--------------------------------+--------------------------------------------------+------------------------+
[1790055267.093854] [local:3443 :0]      ucp_worker.c:1984 UCX  INFO    ucp_context_0 intra-node cfg#1 rma(rc_mlx5/mlx5_5:1)  amo(rc_mlx5/mlx5_5:1)  device(cuda_ipc/cuda rc_gda/cuda1-mlx5_5:1 rc_gda/cuda1-mlx5_5:1)  am(rc_mlx5/mlx5_5:1 rc_mlx5/mlx5_5:1 cuda_ipc/cuda)  ka(ud_mlx5/mlx5_5:1)
[1790055267.105120] [local:3443 :0]   +--------------------------------+-------------------------------------------------------------+
[1790055267.105123] [local:3443 :0]   | ucp_context_0 intra-node cfg#1 | remote memory write by ucp_put* from host memory to host    |
[1790055267.105124] [local:3443 :0]   +--------------------------------+------------+------------------------------------------------+
[1790055267.105125] [local:3443 :0]   |                         0..220 | short      | rc_mlx5/mlx5_5:1/path0                         |
[1790055267.105125] [local:3443 :0]   |                      221..1193 | copy-in    | rc_mlx5/mlx5_5:1/path0                         |
[1790055267.105126] [local:3443 :0]   |                      1194..inf | zero-copy  | rc_mlx5/mlx5_5:1 50% on path0 and 50% on path1 |
[1790055267.105126] [local:3443 :0]   +--------------------------------+------------+------------------------------------------------+
[1790055267.105214] [local:3443 :0]   +--------------------------------+------------------------------------------------------------------------------+
[1790055267.105228] [local:3443 :0]   | ucp_context_0 intra-node cfg#1 | remote memory write by ucp_put*(fast-completion) from host memory to host    |
[1790055267.105229] [local:3443 :0]   +--------------------------------+-----------------------------+------------------------------------------------+
[1790055267.105230] [local:3443 :0]   |                         0..220 | short                       | rc_mlx5/mlx5_5:1/path0                         |
[1790055267.105230] [local:3443 :0]   |                      221..9292 | copy-in                     | rc_mlx5/mlx5_5:1/path0                         |
[1790055267.105231] [local:3443 :0]   |                      9293..inf | zero-copy                   | rc_mlx5/mlx5_5:1 50% on path0 and 50% on path1 |
[1790055267.105231] [local:3443 :0]   +--------------------------------+-----------------------------+------------------------------------------------+
[1790055267.105308] [local:3443 :0]   +--------------------------------+--------------------------------------------------------------------+
[1790055267.105309] [local:3443 :0]   | ucp_context_0 intra-node cfg#1 | remote memory write by ucp_put*(multi) from host memory to host    |
[1790055267.105310] [local:3443 :0]   +--------------------------------+-------------------+------------------------------------------------+
[1790055267.105310] [local:3443 :0]   |                         0..220 | short             | rc_mlx5/mlx5_5:1/path0                         |
[1790055267.105311] [local:3443 :0]   |                      221..1285 | copy-in           | rc_mlx5/mlx5_5:1/path0                         |
[1790055267.105311] [local:3443 :0]   |                      1286..inf | zero-copy         | rc_mlx5/mlx5_5:1 50% on path0 and 50% on path1 |
[1790055267.105312] [local:3443 :0]   +--------------------------------+-------------------+------------------------------------------------+
[1790055267.105570] [local:3443 :0]   +--------------------------------+--------------------------------------------------------------------+
[1790055267.105571] [local:3443 :0]   | ucp_context_0 intra-node cfg#1 | remote memory write by ucp_put* from host memory to cuda/dev[1]    |
[1790055267.105572] [local:3443 :0]   +--------------------------------+-------------------+------------------------------------------------+
[1790055267.105572] [local:3443 :0]   |                         0..220 | short             | rc_mlx5/mlx5_5:1/path0                         |
[1790055267.105573] [local:3443 :0]   |                      221..1193 | copy-in           | rc_mlx5/mlx5_5:1/path0                         |
[1790055267.105573] [local:3443 :0]   |                      1194..inf | zero-copy         | rc_mlx5/mlx5_5:1 50% on path0 and 50% on path1 |
[1790055267.105574] [local:3443 :0]   +--------------------------------+-------------------+------------------------------------------------+
[1790055267.105637] [local:3443 :0]   +--------------------------------+-------------------------------------------------------------------------------------+
[1790055267.105637] [local:3443 :0]   | ucp_context_0 intra-node cfg#1 | remote memory write by ucp_put*(fast-completion) from host memory to cuda/dev[1]    |
[1790055267.105638] [local:3443 :0]   +--------------------------------+------------------------------------+------------------------------------------------+
[1790055267.105638] [local:3443 :0]   |                         0..220 | short                              | rc_mlx5/mlx5_5:1/path0                         |
[1790055267.105639] [local:3443 :0]   |                      221..9292 | copy-in                            | rc_mlx5/mlx5_5:1/path0                         |
[1790055267.105640] [local:3443 :0]   |                      9293..inf | zero-copy                          | rc_mlx5/mlx5_5:1 50% on path0 and 50% on path1 |
[1790055267.105640] [local:3443 :0]   +--------------------------------+------------------------------------+------------------------------------------------+
[1790055267.105708] [local:3443 :0]   +--------------------------------+---------------------------------------------------------------------------+
[1790055267.105713] [local:3443 :0]   | ucp_context_0 intra-node cfg#1 | remote memory write by ucp_put*(multi) from host memory to cuda/dev[1]    |
[1790055267.105714] [local:3443 :0]   +--------------------------------+--------------------------+------------------------------------------------+
[1790055267.105714] [local:3443 :0]   |                         0..220 | short                    | rc_mlx5/mlx5_5:1/path0                         |
[1790055267.105715] [local:3443 :0]   |                      221..1285 | copy-in                  | rc_mlx5/mlx5_5:1/path0                         |
[1790055267.105715] [local:3443 :0]   |                      1286..inf | zero-copy                | rc_mlx5/mlx5_5:1 50% on path0 and 50% on path1 |
[1790055267.105716] [local:3443 :0]   +--------------------------------+--------------------------+------------------------------------------------+
[1790055267.105931] [local:3443 :0]   +--------------------------------+----------------------------------------------------+
[1790055267.105932] [local:3443 :0]   | ucp_context_0 intra-node cfg#1 | active message by ucp_am_send* from host memory    |
[1790055267.105932] [local:3443 :0]   +--------------------------------+---------------------------+------------------------+
[1790055267.105933] [local:3443 :0]   |                         0..226 | short                     | rc_mlx5/mlx5_5:1/path0 |
[1790055267.105933] [local:3443 :0]   |                       227..404 | copy-in                   | rc_mlx5/mlx5_5:1/path0 |
[1790055267.105934] [local:3443 :0]   |                      405..8246 | zero-copy                 | rc_mlx5/mlx5_5:1/path0 |
[1790055267.105934] [local:3443 :0]   |                      8247..inf | multi-frag zero-copy      | rc_mlx5/mlx5_5:1/path0 |
[1790055267.105935] [local:3443 :0]   +--------------------------------+---------------------------+------------------------+
[1790055267.106077] [local:3443 :0]   +--------------------------------+---------------------------------------------------------------------+
[1790055267.106078] [local:3443 :0]   | ucp_context_0 intra-node cfg#1 | active message by ucp_am_send*(fast-completion) from host memory    |
[1790055267.106078] [local:3443 :0]   +--------------------------------+--------------------------------------------+------------------------+
[1790055267.106079] [local:3443 :0]   |                         0..226 | short                                      | rc_mlx5/mlx5_5:1/path0 |
[1790055267.106079] [local:3443 :0]   |                      227..8246 | copy-in                                    | rc_mlx5/mlx5_5:1/path0 |
[1790055267.106080] [local:3443 :0]   |                     8247..9187 | multi-frag copy-in                         | rc_mlx5/mlx5_5:1/path0 |
[1790055267.106080] [local:3443 :0]   |                      9188..inf | multi-frag zero-copy                       | rc_mlx5/mlx5_5:1/path0 |
[1790055267.106081] [local:3443 :0]   +--------------------------------+--------------------------------------------+------------------------+
[1790055267.106555] [local:3443 :0]   +--------------------------------+-----------------------------------------------------------+
[1790055267.106555] [local:3443 :0]   | ucp_context_0 intra-node cfg#1 | active message by ucp_am_send*(multi) from host memory    |
[1790055267.106556] [local:3443 :0]   +--------------------------------+----------------------------------+------------------------+
[1790055267.106557] [local:3443 :0]   |                         0..226 | short                            | rc_mlx5/mlx5_5:1/path0 |
[1790055267.106557] [local:3443 :0]   |                       227..440 | copy-in                          | rc_mlx5/mlx5_5:1/path0 |
[1790055267.106558] [local:3443 :0]   |                      441..8246 | zero-copy                        | rc_mlx5/mlx5_5:1/path0 |
[1790055267.106558] [local:3443 :0]   |                      8247..inf | multi-frag zero-copy             | rc_mlx5/mlx5_5:1/path0 |
[1790055267.106558] [local:3443 :0]   +--------------------------------+----------------------------------+------------------------+
[1790055267.106700] [local:3443 :0]   +--------------------------------+--------------------------------------------------------------------+
[1790055267.106701] [local:3443 :0]   | ucp_context_0 intra-node cfg#1 | active message by ucp_am_send* with reply flag from host memory    |
[1790055267.106702] [local:3443 :0]   +--------------------------------+-------------------------------------------+------------------------+
[1790055267.106702] [local:3443 :0]   |                         0..218 | short                                     | rc_mlx5/mlx5_5:1/path0 |
[1790055267.106703] [local:3443 :0]   |                       219..404 | copy-in                                   | rc_mlx5/mlx5_5:1/path0 |
[1790055267.106703] [local:3443 :0]   |                      405..8238 | zero-copy                                 | rc_mlx5/mlx5_5:1/path0 |
[1790055267.106704] [local:3443 :0]   |                      8239..inf | multi-frag zero-copy                      | rc_mlx5/mlx5_5:1/path0 |
[1790055267.106704] [local:3443 :0]   +--------------------------------+-------------------------------------------+------------------------+
[1790055267.106840] [local:3443 :0]   +--------------------------------+-------------------------------------------------------------------------------------+
[1790055267.106841] [local:3443 :0]   | ucp_context_0 intra-node cfg#1 | active message by ucp_am_send* with reply flag(fast-completion) from host memory    |
[1790055267.106841] [local:3443 :0]   +--------------------------------+------------------------------------------------------------+------------------------+
[1790055267.106842] [local:3443 :0]   |                         0..218 | short                                                      | rc_mlx5/mlx5_5:1/path0 |
[1790055267.106842] [local:3443 :0]   |                      219..8238 | copy-in                                                    | rc_mlx5/mlx5_5:1/path0 |
[1790055267.106843] [local:3443 :0]   |                     8239..9187 | multi-frag copy-in                                         | rc_mlx5/mlx5_5:1/path0 |
[1790055267.106843] [local:3443 :0]   |                      9188..inf | multi-frag zero-copy                                       | rc_mlx5/mlx5_5:1/path0 |
[1790055267.106844] [local:3443 :0]   +--------------------------------+------------------------------------------------------------+------------------------+
[1790055267.106996] [local:3443 :0]   +--------------------------------+---------------------------------------------------------------------------+
[1790055267.106997] [local:3443 :0]   | ucp_context_0 intra-node cfg#1 | active message by ucp_am_send* with reply flag(multi) from host memory    |
[1790055267.106997] [local:3443 :0]   +--------------------------------+--------------------------------------------------+------------------------+
[1790055267.106998] [local:3443 :0]   |                         0..218 | short                                            | rc_mlx5/mlx5_5:1/path0 |
[1790055267.106999] [local:3443 :0]   |                       219..440 | copy-in                                          | rc_mlx5/mlx5_5:1/path0 |
[1790055267.106999] [local:3443 :0]   |                      441..8238 | zero-copy                                        | rc_mlx5/mlx5_5:1/path0 |
[1790055267.107000] [local:3443 :0]   |                      8239..inf | multi-frag zero-copy                             | rc_mlx5/mlx5_5:1/path0 |
[1790055267.107000] [local:3443 :0]   +--------------------------------+--------------------------------------------------+------------------------+
[1790055268.487406] [local:3443 :0]   +--------------------------+--------------------------------------------------------------------+
[1790055268.487411] [local:3443 :0]   | ucp_context_0 self cfg#1 | remote memory write by ucp_put* from host memory to cuda/dev[1]    |
[1790055268.487412] [local:3443 :0]   +--------------------------+-------------------+------------------------------------------------+
[1790055268.487445] [local:3443 :0]   |                   0..220 | short             | rc_mlx5/mlx5_5:1/path0                         |
[1790055268.487446] [local:3443 :0]   |                221..1193 | copy-in           | rc_mlx5/mlx5_5:1/path0                         |
[1790055268.487447] [local:3443 :0]   |                1194..inf | zero-copy         | rc_mlx5/mlx5_5:1 50% on path0 and 50% on path1 |
[1790055268.487447] [local:3443 :0]   +--------------------------+-------------------+------------------------------------------------+
[1790055268.487521] [local:3443 :0]   +--------------------------+-------------------------------------------------------------------------------------+
[1790055268.487522] [local:3443 :0]   | ucp_context_0 self cfg#1 | remote memory write by ucp_put*(fast-completion) from host memory to cuda/dev[1]    |
[1790055268.487523] [local:3443 :0]   +--------------------------+------------------------------------+------------------------------------------------+
[1790055268.487523] [local:3443 :0]   |                   0..220 | short                              | rc_mlx5/mlx5_5:1/path0                         |
[1790055268.487524] [local:3443 :0]   |                221..9292 | copy-in                            | rc_mlx5/mlx5_5:1/path0                         |
[1790055268.487525] [local:3443 :0]   |                9293..inf | zero-copy                          | rc_mlx5/mlx5_5:1 50% on path0 and 50% on path1 |
[1790055268.487525] [local:3443 :0]   +--------------------------+------------------------------------+------------------------------------------------+
[1790055268.487600] [local:3443 :0]   +--------------------------+---------------------------------------------------------------------------+
[1790055268.487601] [local:3443 :0]   | ucp_context_0 self cfg#1 | remote memory write by ucp_put*(multi) from host memory to cuda/dev[1]    |
[1790055268.487601] [local:3443 :0]   +--------------------------+--------------------------+------------------------------------------------+
[1790055268.487602] [local:3443 :0]   |                   0..220 | short                    | rc_mlx5/mlx5_5:1/path0                         |
[1790055268.487603] [local:3443 :0]   |                221..1285 | copy-in                  | rc_mlx5/mlx5_5:1/path0                         |
[1790055268.487603] [local:3443 :0]   |                1286..inf | zero-copy                | rc_mlx5/mlx5_5:1 50% on path0 and 50% on path1 |
[1790055268.487604] [local:3443 :0]   +--------------------------+--------------------------+------------------------------------------------+
[1790055287.322601] [local:3443 :1]      ucp_worker.c:1984 UCX  INFO    ucp_context_0 intra-node cfg#2 rma(rc_mlx5/mlx5_5:1)  amo(rc_mlx5/mlx5_5:1)  device(cuda_ipc/cuda rc_gda/cuda1-mlx5_5:1 rc_gda/cuda1-mlx5_5:1)  am(rc_mlx5/mlx5_5:1 rc_mlx5/mlx5_5:1 cuda_ipc/cuda)  ka(ud_mlx5/mlx5_5:1)
[1790055287.322800] [local:3443 :1]   +--------------------------------+-------------------------------------------------------------+
[1790055287.322802] [local:3443 :1]   | ucp_context_0 intra-node cfg#2 | remote memory write by ucp_put* from host memory to host    |
[1790055287.322803] [local:3443 :1]   +--------------------------------+------------+------------------------------------------------+
[1790055287.322803] [local:3443 :1]   |                         0..220 | short      | rc_mlx5/mlx5_5:1/path0                         |
[1790055287.322804] [local:3443 :1]   |                      221..1193 | copy-in    | rc_mlx5/mlx5_5:1/path0                         |
[1790055287.322805] [local:3443 :1]   |                      1194..inf | zero-copy  | rc_mlx5/mlx5_5:1 50% on path0 and 50% on path1 |
[1790055287.322805] [local:3443 :1]   +--------------------------------+------------+------------------------------------------------+
[1790055287.322880] [local:3443 :1]   +--------------------------------+------------------------------------------------------------------------------+
[1790055287.322881] [local:3443 :1]   | ucp_context_0 intra-node cfg#2 | remote memory write by ucp_put*(fast-completion) from host memory to host    |
[1790055287.322899] [local:3443 :1]   +--------------------------------+-----------------------------+------------------------------------------------+
[1790055287.322899] [local:3443 :1]   |                         0..220 | short                       | rc_mlx5/mlx5_5:1/path0                         |
[1790055287.322900] [local:3443 :1]   |                      221..9292 | copy-in                     | rc_mlx5/mlx5_5:1/path0                         |
[1790055287.322900] [local:3443 :1]   |                      9293..inf | zero-copy                   | rc_mlx5/mlx5_5:1 50% on path0 and 50% on path1 |
[1790055287.322901] [local:3443 :1]   +--------------------------------+-----------------------------+------------------------------------------------+
[1790055287.322975] [local:3443 :1]   +--------------------------------+--------------------------------------------------------------------+
[1790055287.322976] [local:3443 :1]   | ucp_context_0 intra-node cfg#2 | remote memory write by ucp_put*(multi) from host memory to host    |
[1790055287.322977] [local:3443 :1]   +--------------------------------+-------------------+------------------------------------------------+
[1790055287.322977] [local:3443 :1]   |                         0..220 | short             | rc_mlx5/mlx5_5:1/path0                         |
[1790055287.322978] [local:3443 :1]   |                      221..1285 | copy-in           | rc_mlx5/mlx5_5:1/path0                         |
[1790055287.322978] [local:3443 :1]   |                      1286..inf | zero-copy         | rc_mlx5/mlx5_5:1 50% on path0 and 50% on path1 |
[1790055287.322979] [local:3443 :1]   +--------------------------------+-------------------+------------------------------------------------+
[1790055287.323333] [local:3443 :1]   +--------------------------------+--------------------------------------------------------------------+
[1790055287.323334] [local:3443 :1]   | ucp_context_0 intra-node cfg#2 | remote memory write by ucp_put* from host memory to cuda/dev[1]    |
[1790055287.323334] [local:3443 :1]   +--------------------------------+-------------------+------------------------------------------------+
[1790055287.323335] [local:3443 :1]   |                         0..220 | short             | rc_mlx5/mlx5_5:1/path0                         |
[1790055287.323335] [local:3443 :1]   |                      221..1193 | copy-in           | rc_mlx5/mlx5_5:1/path0                         |
[1790055287.323336] [local:3443 :1]   |                      1194..inf | zero-copy         | rc_mlx5/mlx5_5:1 50% on path0 and 50% on path1 |
[1790055287.323336] [local:3443 :1]   +--------------------------------+-------------------+------------------------------------------------+
[1790055287.323406] [local:3443 :1]   +--------------------------------+-------------------------------------------------------------------------------------+
[1790055287.323407] [local:3443 :1]   | ucp_context_0 intra-node cfg#2 | remote memory write by ucp_put*(fast-completion) from host memory to cuda/dev[1]    |
[1790055287.323407] [local:3443 :1]   +--------------------------------+------------------------------------+------------------------------------------------+
[1790055287.323408] [local:3443 :1]   |                         0..220 | short                              | rc_mlx5/mlx5_5:1/path0                         |
[1790055287.323408] [local:3443 :1]   |                      221..9292 | copy-in                            | rc_mlx5/mlx5_5:1/path0                         |
[1790055287.323409] [local:3443 :1]   |                      9293..inf | zero-copy                          | rc_mlx5/mlx5_5:1 50% on path0 and 50% on path1 |
[1790055287.323409] [local:3443 :1]   +--------------------------------+------------------------------------+------------------------------------------------+
[1790055287.323496] [local:3443 :1]   +--------------------------------+---------------------------------------------------------------------------+
[1790055287.323502] [local:3443 :1]   | ucp_context_0 intra-node cfg#2 | remote memory write by ucp_put*(multi) from host memory to cuda/dev[1]    |
[1790055287.323502] [local:3443 :1]   +--------------------------------+--------------------------+------------------------------------------------+
[1790055287.323503] [local:3443 :1]   |                         0..220 | short                    | rc_mlx5/mlx5_5:1/path0                         |
[1790055287.323503] [local:3443 :1]   |                      221..1285 | copy-in                  | rc_mlx5/mlx5_5:1/path0                         |
[1790055287.323504] [local:3443 :1]   |                      1286..inf | zero-copy                | rc_mlx5/mlx5_5:1 50% on path0 and 50% on path1 |
[1790055287.323504] [local:3443 :1]   +--------------------------------+--------------------------+------------------------------------------------+
[1790055287.323747] [local:3443 :1]   +--------------------------------+----------------------------------------------------+
[1790055287.323747] [local:3443 :1]   | ucp_context_0 intra-node cfg#2 | active message by ucp_am_send* from host memory    |
[1790055287.323748] [local:3443 :1]   +--------------------------------+---------------------------+------------------------+
[1790055287.323749] [local:3443 :1]   |                         0..226 | short                     | rc_mlx5/mlx5_5:1/path0 |
[1790055287.323749] [local:3443 :1]   |                       227..404 | copy-in                   | rc_mlx5/mlx5_5:1/path0 |
[1790055287.323750] [local:3443 :1]   |                      405..8246 | zero-copy                 | rc_mlx5/mlx5_5:1/path0 |
[1790055287.323750] [local:3443 :1]   |                      8247..inf | multi-frag zero-copy      | rc_mlx5/mlx5_5:1/path0 |
[1790055287.323751] [local:3443 :1]   +--------------------------------+---------------------------+------------------------+
[1790055287.323914] [local:3443 :1]   +--------------------------------+---------------------------------------------------------------------+
[1790055287.323914] [local:3443 :1]   | ucp_context_0 intra-node cfg#2 | active message by ucp_am_send*(fast-completion) from host memory    |
[1790055287.323915] [local:3443 :1]   +--------------------------------+--------------------------------------------+------------------------+
[1790055287.323916] [local:3443 :1]   |                         0..226 | short                                      | rc_mlx5/mlx5_5:1/path0 |
[1790055287.323916] [local:3443 :1]   |                      227..8246 | copy-in                                    | rc_mlx5/mlx5_5:1/path0 |
[1790055287.323917] [local:3443 :1]   |                     8247..9187 | multi-frag copy-in                         | rc_mlx5/mlx5_5:1/path0 |
[1790055287.323917] [local:3443 :1]   |                      9188..inf | multi-frag zero-copy                       | rc_mlx5/mlx5_5:1/path0 |
[1790055287.323918] [local:3443 :1]   +--------------------------------+--------------------------------------------+------------------------+
[1790055287.324530] [local:3443 :1]   +--------------------------------+-----------------------------------------------------------+
[1790055287.324531] [local:3443 :1]   | ucp_context_0 intra-node cfg#2 | active message by ucp_am_send*(multi) from host memory    |
[1790055287.324532] [local:3443 :1]   +--------------------------------+----------------------------------+------------------------+
[1790055287.324532] [local:3443 :1]   |                         0..226 | short                            | rc_mlx5/mlx5_5:1/path0 |
[1790055287.324533] [local:3443 :1]   |                       227..440 | copy-in                          | rc_mlx5/mlx5_5:1/path0 |
[1790055287.324534] [local:3443 :1]   |                      441..8246 | zero-copy                        | rc_mlx5/mlx5_5:1/path0 |
[1790055287.324534] [local:3443 :1]   |                      8247..inf | multi-frag zero-copy             | rc_mlx5/mlx5_5:1/path0 |
[1790055287.324535] [local:3443 :1]   +--------------------------------+----------------------------------+---