[1790055259.743262] [local:3442 :0]     ucp_context.c:2659 UCX  INFO  Version 1.21.0 (loaded from /usr/local/lib/python3.12/dist-packages/nixl_ep_cu13/../nixl_cu13.libs/libucp-bcc5ee2e.so.0.0.0)
[1790055265.231592] [local:3442 :0]   +--------------------------+-------------------------------------------------------------+
[1790055265.231595] [local:3442 :0]   | ucp_context_0 self cfg#0 | remote memory write by ucp_put* from host memory to host    |
[1790055265.231596] [local:3442 :0]   +--------------------------+--------------------------------------------+----------------+
[1790055265.231597] [local:3442 :0]   |            0..4294967295 | short                                      | cuda_copy/cuda |
[1790055265.231598] [local:3442 :0]   +--------------------------+--------------------------------------------+----------------+
[1790055265.231625] [local:3442 :0]   +--------------------------+------------------------------------------------------------------------------+
[1790055265.231626] [local:3442 :0]   | ucp_context_0 self cfg#0 | remote memory write by ucp_put*(fast-completion) from host memory to host    |
[1790055265.231627] [local:3442 :0]   +--------------------------+-------------------------------------------------------------+----------------+
[1790055265.231627] [local:3442 :0]   |            0..4294967295 | short                                                       | cuda_copy/cuda |
[1790055265.231628] [local:3442 :0]   +--------------------------+-------------------------------------------------------------+----------------+
[1790055265.231653] [local:3442 :0]   +--------------------------+--------------------------------------------------------------------+
[1790055265.231653] [local:3442 :0]   | ucp_context_0 self cfg#0 | remote memory write by ucp_put*(multi) from host memory to host    |
[1790055265.231654] [local:3442 :0]   +--------------------------+---------------------------------------------------+----------------+
[1790055265.231655] [local:3442 :0]   |            0..4294967295 | short                                             | cuda_copy/cuda |
[1790055265.231655] [local:3442 :0]   +--------------------------+---------------------------------------------------+----------------+
[1790055265.231693] [local:3442 :0]   +--------------------------+----------------------------------------------------+
[1790055265.231693] [local:3442 :0]   | ucp_context_0 self cfg#0 | active message by ucp_am_send* from host memory    |
[1790055265.231694] [local:3442 :0]   +--------------------------+-------------------------------------------------+--+
[1790055265.231695] [local:3442 :0]   +--------------------------+-------------------------------------------------+--+
[1790055265.231705] [local:3442 :0]   +--------------------------+--------------------------------------------------------------------+
[1790055265.231706] [local:3442 :0]   | ucp_context_0 self cfg#0 | active message by ucp_am_send* with reply flag from host memory    |
[1790055265.231707] [local:3442 :0]   +--------------------------+-----------------------------------------------------------------+--+
[1790055265.231707] [local:3442 :0]   +--------------------------+-----------------------------------------------------------------+--+
[1790055265.231826] [local:3442 :0]          parser.c:2364 UCX  INFO  UCX_* env variables: UCX_PROTO_INFO=y UCX_LOG_LEVEL=info UCX_LOG_FILE=/results/default-a/ucx-prefill.%p.log UCX_RCACHE_MAX_UNRELEASED=1024
[1790055265.629756] [local:3442 :0]   +--------------------------+-------------------------------------------------------------+
[1790055265.629760] [local:3442 :0]   | ucp_context_0 self cfg#0 | remote memory write by ucp_put* from host memory to host    |
[1790055265.629761] [local:3442 :0]   +--------------------------+--------------------------------------------+----------------+
[1790055265.629762] [local:3442 :0]   |            0..4294967295 | short                                      | cuda_copy/cuda |
[1790055265.629762] [local:3442 :0]   +--------------------------+--------------------------------------------+----------------+
[1790055265.629806] [local:3442 :0]   +--------------------------+------------------------------------------------------------------------------+
[1790055265.629807] [local:3442 :0]   | ucp_context_0 self cfg#0 | remote memory write by ucp_put*(fast-completion) from host memory to host    |
[1790055265.629807] [local:3442 :0]   +--------------------------+-------------------------------------------------------------+----------------+
[1790055265.629808] [local:3442 :0]   |            0..4294967295 | short                                                       | cuda_copy/cuda |
[1790055265.629809] [local:3442 :0]   +--------------------------+-------------------------------------------------------------+----------------+
[1790055265.629834] [local:3442 :0]   +--------------------------+--------------------------------------------------------------------+
[1790055265.629834] [local:3442 :0]   | ucp_context_0 self cfg#0 | remote memory write by ucp_put*(multi) from host memory to host    |
[1790055265.629835] [local:3442 :0]   +--------------------------+---------------------------------------------------+----------------+
[1790055265.629835] [local:3442 :0]   |            0..4294967295 | short                                             | cuda_copy/cuda |
[1790055265.629836] [local:3442 :0]   +--------------------------+---------------------------------------------------+----------------+
[1790055265.629873] [local:3442 :0]   +--------------------------+----------------------------------------------------+
[1790055265.629874] [local:3442 :0]   | ucp_context_0 self cfg#0 | active message by ucp_am_send* from host memory    |
[1790055265.629874] [local:3442 :0]   +--------------------------+-------------------------------------------------+--+
[1790055265.629875] [local:3442 :0]   +--------------------------+-------------------------------------------------+--+
[1790055265.629886] [local:3442 :0]   +--------------------------+--------------------------------------------------------------------+
[1790055265.629886] [local:3442 :0]   | ucp_context_0 self cfg#0 | active message by ucp_am_send* with reply flag from host memory    |
[1790055265.629887] [local:3442 :0]   +--------------------------+-----------------------------------------------------------------+--+
[1790055265.629887] [local:3442 :0]   +--------------------------+-----------------------------------------------------------------+--+
[1790055265.991625] [local:3442 :0]   +--------------------------+-------------------------------------------------------------+
[1790055265.991629] [local:3442 :0]   | ucp_context_0 self cfg#0 | remote memory write by ucp_put* from host memory to host    |
[1790055265.991630] [local:3442 :0]   +--------------------------+--------------------------------------------+----------------+
[1790055265.991630] [local:3442 :0]   |            0..4294967295 | short                                      | cuda_copy/cuda |
[1790055265.991631] [local:3442 :0]   +--------------------------+--------------------------------------------+----------------+
[1790055265.991658] [local:3442 :0]   +--------------------------+------------------------------------------------------------------------------+
[1790055265.991658] [local:3442 :0]   | ucp_context_0 self cfg#0 | remote memory write by ucp_put*(fast-completion) from host memory to host    |
[1790055265.991659] [local:3442 :0]   +--------------------------+-------------------------------------------------------------+----------------+
[1790055265.991660] [local:3442 :0]   |            0..4294967295 | short                                                       | cuda_copy/cuda |
[1790055265.991660] [local:3442 :0]   +--------------------------+-------------------------------------------------------------+----------------+
[1790055265.991684] [local:3442 :0]   +--------------------------+--------------------------------------------------------------------+
[1790055265.991685] [local:3442 :0]   | ucp_context_0 self cfg#0 | remote memory write by ucp_put*(multi) from host memory to host    |
[1790055265.991700] [local:3442 :0]   +--------------------------+---------------------------------------------------+----------------+
[1790055265.991700] [local:3442 :0]   |            0..4294967295 | short                                             | cuda_copy/cuda |
[1790055265.991701] [local:3442 :0]   +--------------------------+---------------------------------------------------+----------------+
[1790055265.991738] [local:3442 :0]   +--------------------------+----------------------------------------------------+
[1790055265.991739] [local:3442 :0]   | ucp_context_0 self cfg#0 | active message by ucp_am_send* from host memory    |
[1790055265.991739] [local:3442 :0]   +--------------------------+-------------------------------------------------+--+
[1790055265.991740] [local:3442 :0]   +--------------------------+-------------------------------------------------+--+
[1790055265.991750] [local:3442 :0]   +--------------------------+--------------------------------------------------------------------+
[1790055265.991751] [local:3442 :0]   | ucp_context_0 self cfg#0 | active message by ucp_am_send* with reply flag from host memory    |
[1790055265.991752] [local:3442 :0]   +--------------------------+-----------------------------------------------------------------+--+
[1790055265.991752] [local:3442 :0]   +--------------------------+-----------------------------------------------------------------+--+
[1790055266.374909] [local:3442 :0]   +--------------------------+-------------------------------------------------------------+
[1790055266.374913] [local:3442 :0]   | ucp_context_0 self cfg#0 | remote memory write by ucp_put* from host memory to host    |
[1790055266.374913] [local:3442 :0]   +--------------------------+--------------------------------------------+----------------+
[1790055266.374914] [local:3442 :0]   |            0..4294967295 | short                                      | cuda_copy/cuda |
[1790055266.374915] [local:3442 :0]   +--------------------------+--------------------------------------------+----------------+
[1790055266.374940] [local:3442 :0]   +--------------------------+------------------------------------------------------------------------------+
[1790055266.374941] [local:3442 :0]   | ucp_context_0 self cfg#0 | remote memory write by ucp_put*(fast-completion) from host memory to host    |
[1790055266.374941] [local:3442 :0]   +--------------------------+-------------------------------------------------------------+----------------+
[1790055266.374942] [local:3442 :0]   |            0..4294967295 | short                                                       | cuda_copy/cuda |
[1790055266.374943] [local:3442 :0]   +--------------------------+-------------------------------------------------------------+----------------+
[1790055266.374969] [local:3442 :0]   +--------------------------+--------------------------------------------------------------------+
[1790055266.374970] [local:3442 :0]   | ucp_context_0 self cfg#0 | remote memory write by ucp_put*(multi) from host memory to host    |
[1790055266.374971] [local:3442 :0]   +--------------------------+---------------------------------------------------+----------------+
[1790055266.374971] [local:3442 :0]   |            0..4294967295 | short                                             | cuda_copy/cuda |
[1790055266.374972] [local:3442 :0]   +--------------------------+---------------------------------------------------+----------------+
[1790055266.375008] [local:3442 :0]   +--------------------------+----------------------------------------------------+
[1790055266.375009] [local:3442 :0]   | ucp_context_0 self cfg#0 | active message by ucp_am_send* from host memory    |
[1790055266.375010] [local:3442 :0]   +--------------------------+-------------------------------------------------+--+
[1790055266.375010] [local:3442 :0]   +--------------------------+-------------------------------------------------+--+
[1790055266.375022] [local:3442 :0]   +--------------------------+--------------------------------------------------------------------+
[1790055266.375035] [local:3442 :0]   | ucp_context_0 self cfg#0 | active message by ucp_am_send* with reply flag from host memory    |
[1790055266.375035] [local:3442 :0]   +--------------------------+-----------------------------------------------------------------+--+
[1790055266.375036] [local:3442 :0]   +--------------------------+-----------------------------------------------------------------+--+
[1790055266.733957] [local:3442 :0]   +--------------------------+-------------------------------------------------------------+
[1790055266.733961] [local:3442 :0]   | ucp_context_0 self cfg#0 | remote memory write by ucp_put* from host memory to host    |
[1790055266.733962] [local:3442 :0]   +--------------------------+--------------------------------------------+----------------+
[1790055266.733962] [local:3442 :0]   |            0..4294967295 | short                                      | cuda_copy/cuda |
[1790055266.733963] [local:3442 :0]   +--------------------------+--------------------------------------------+----------------+
[1790055266.733990] [local:3442 :0]   +--------------------------+------------------------------------------------------------------------------+
[1790055266.733990] [local:3442 :0]   | ucp_context_0 self cfg#0 | remote memory write by ucp_put*(fast-completion) from host memory to host    |
[1790055266.733991] [local:3442 :0]   +--------------------------+-------------------------------------------------------------+----------------+
[1790055266.733992] [local:3442 :0]   |            0..4294967295 | short                                                       | cuda_copy/cuda |
[1790055266.733992] [local:3442 :0]   +--------------------------+-------------------------------------------------------------+----------------+
[1790055266.734017] [local:3442 :0]   +--------------------------+--------------------------------------------------------------------+
[1790055266.734017] [local:3442 :0]   | ucp_context_0 self cfg#0 | remote memory write by ucp_put*(multi) from host memory to host    |
[1790055266.734018] [local:3442 :0]   +--------------------------+---------------------------------------------------+----------------+
[1790055266.734019] [local:3442 :0]   |            0..4294967295 | short                                             | cuda_copy/cuda |
[1790055266.734019] [local:3442 :0]   +--------------------------+---------------------------------------------------+----------------+
[1790055266.734057] [local:3442 :0]   +--------------------------+----------------------------------------------------+
[1790055266.734058] [local:3442 :0]   | ucp_context_0 self cfg#0 | active message by ucp_am_send* from host memory    |
[1790055266.734058] [local:3442 :0]   +--------------------------+-------------------------------------------------+--+
[1790055266.734059] [local:3442 :0]   +--------------------------+-------------------------------------------------+--+
[1790055266.734070] [local:3442 :0]   +--------------------------+--------------------------------------------------------------------+
[1790055266.734071] [local:3442 :0]   | ucp_context_0 self cfg#0 | active message by ucp_am_send* with reply flag from host memory    |
[1790055266.734071] [local:3442 :0]   +--------------------------+-----------------------------------------------------------------+--+
[1790055266.734072] [local:3442 :0]   +--------------------------+-----------------------------------------------------------------+--+
[1790055266.736279] [local:3442 :0]      ucp_worker.c:1984 UCX  INFO    ucp_context_0 self cfg#1 rma(rc_mlx5/mlx5_4:1)  amo(rc_mlx5/mlx5_4:1)  device(cuda_ipc/cuda rc_gda/cuda0-mlx5_4:1 rc_gda/cuda0-mlx5_4:1)  am(rc_mlx5/mlx5_4:1 rc_mlx5/mlx5_4:1 cuda_ipc/cuda)  ka(ud_mlx5/mlx5_4:1)
[1790055266.744854] [local:3442 :0]   +--------------------------+-------------------------------------------------------------+
[1790055266.744858] [local:3442 :0]   | ucp_context_0 self cfg#1 | remote memory write by ucp_put* from host memory to host    |
[1790055266.744859] [local:3442 :0]   +--------------------------+------------+------------------------------------------------+
[1790055266.744879] [local:3442 :0]   |                   0..220 | short      | rc_mlx5/mlx5_4:1/path0                         |
[1790055266.744880] [local:3442 :0]   |                221..1193 | copy-in    | rc_mlx5/mlx5_4:1/path0                         |
[1790055266.744881] [local:3442 :0]   |                1194..inf | zero-copy  | rc_mlx5/mlx5_4:1 50% on path0 and 50% on path1 |
[1790055266.744882] [local:3442 :0]   +--------------------------+------------+------------------------------------------------+
[1790055266.745003] [local:3442 :0]   +--------------------------+------------------------------------------------------------------------------+
[1790055266.745004] [local:3442 :0]   | ucp_context_0 self cfg#1 | remote memory write by ucp_put*(fast-completion) from host memory to host    |
[1790055266.745005] [local:3442 :0]   +--------------------------+-----------------------------+------------------------------------------------+
[1790055266.745006] [local:3442 :0]   |                   0..220 | short                       | rc_mlx5/mlx5_4:1/path0                         |
[1790055266.745006] [local:3442 :0]   |                221..9292 | copy-in                     | rc_mlx5/mlx5_4:1/path0                         |
[1790055266.745007] [local:3442 :0]   |                9293..inf | zero-copy                   | rc_mlx5/mlx5_4:1 50% on path0 and 50% on path1 |
[1790055266.745008] [local:3442 :0]   +--------------------------+-----------------------------+------------------------------------------------+
[1790055266.745119] [local:3442 :0]   +--------------------------+--------------------------------------------------------------------+
[1790055266.745120] [local:3442 :0]   | ucp_context_0 self cfg#1 | remote memory write by ucp_put*(multi) from host memory to host    |
[1790055266.745120] [local:3442 :0]   +--------------------------+-------------------+------------------------------------------------+
[1790055266.745121] [local:3442 :0]   |                   0..220 | short             | rc_mlx5/mlx5_4:1/path0                         |
[1790055266.745121] [local:3442 :0]   |                221..1285 | copy-in           | rc_mlx5/mlx5_4:1/path0                         |
[1790055266.745122] [local:3442 :0]   |                1286..inf | zero-copy         | rc_mlx5/mlx5_4:1 50% on path0 and 50% on path1 |
[1790055266.745122] [local:3442 :0]   +--------------------------+-------------------+------------------------------------------------+
[1790055266.755636] [local:3442 :0]   +--------------------------+--------------------------------------------------------------------+
[1790055266.755640] [local:3442 :0]   | ucp_context_0 self cfg#1 | remote memory write by ucp_put* from host memory to cuda/dev[0]    |
[1790055266.755641] [local:3442 :0]   +--------------------------+-------------------+------------------------------------------------+
[1790055266.755642] [local:3442 :0]   |                   0..220 | short             | rc_mlx5/mlx5_4:1/path0                         |
[1790055266.755642] [local:3442 :0]   |                221..1193 | copy-in           | rc_mlx5/mlx5_4:1/path0                         |
[1790055266.755643] [local:3442 :0]   |                1194..inf | zero-copy         | rc_mlx5/mlx5_4:1 50% on path0 and 50% on path1 |
[1790055266.755644] [local:3442 :0]   +--------------------------+-------------------+------------------------------------------------+
[1790055266.755758] [local:3442 :0]   +--------------------------+-------------------------------------------------------------------------------------+
[1790055266.755759] [local:3442 :0]   | ucp_context_0 self cfg#1 | remote memory write by ucp_put*(fast-completion) from host memory to cuda/dev[0]    |
[1790055266.755760] [local:3442 :0]   +--------------------------+------------------------------------+------------------------------------------------+
[1790055266.755760] [local:3442 :0]   |                   0..220 | short                              | rc_mlx5/mlx5_4:1/path0                         |
[1790055266.755778] [local:3442 :0]   |                221..9292 | copy-in                            | rc_mlx5/mlx5_4:1/path0                         |
[1790055266.755779] [local:3442 :0]   |                9293..inf | zero-copy                          | rc_mlx5/mlx5_4:1 50% on path0 and 50% on path1 |
[1790055266.755779] [local:3442 :0]   +--------------------------+------------------------------------+------------------------------------------------+
[1790055266.755899] [local:3442 :0]   +--------------------------+---------------------------------------------------------------------------+
[1790055266.755900] [local:3442 :0]   | ucp_context_0 self cfg#1 | remote memory write by ucp_put*(multi) from host memory to cuda/dev[0]    |
[1790055266.755901] [local:3442 :0]   +--------------------------+--------------------------+------------------------------------------------+
[1790055266.755902] [local:3442 :0]   |                   0..220 | short                    | rc_mlx5/mlx5_4:1/path0                         |
[1790055266.755902] [local:3442 :0]   |                221..1285 | copy-in                  | rc_mlx5/mlx5_4:1/path0                         |
[1790055266.755903] [local:3442 :0]   |                1286..inf | zero-copy                | rc_mlx5/mlx5_4:1 50% on path0 and 50% on path1 |
[1790055266.755904] [local:3442 :0]   +--------------------------+--------------------------+------------------------------------------------+
[1790055266.756287] [local:3442 :0]   +--------------------------+----------------------------------------------------+
[1790055266.756288] [local:3442 :0]   | ucp_context_0 self cfg#1 | active message by ucp_am_send* from host memory    |
[1790055266.756289] [local:3442 :0]   +--------------------------+---------------------------+------------------------+
[1790055266.756290] [local:3442 :0]   |                   0..226 | short                     | rc_mlx5/mlx5_4:1/path0 |
[1790055266.756291] [local:3442 :0]   |                 227..404 | copy-in                   | rc_mlx5/mlx5_4:1/path0 |
[1790055266.756291] [local:3442 :0]   |                405..8246 | zero-copy                 | rc_mlx5/mlx5_4:1/path0 |
[1790055266.756292] [local:3442 :0]   |                8247..inf | multi-frag zero-copy      | rc_mlx5/mlx5_4:1/path0 |
[1790055266.756293] [local:3442 :0]   +--------------------------+---------------------------+------------------------+
[1790055266.756552] [local:3442 :0]   +--------------------------+---------------------------------------------------------------------+
[1790055266.756553] [local:3442 :0]   | ucp_context_0 self cfg#1 | active message by ucp_am_send*(fast-completion) from host memory    |
[1790055266.756554] [local:3442 :0]   +--------------------------+--------------------------------------------+------------------------+
[1790055266.756555] [local:3442 :0]   |                   0..226 | short                                      | rc_mlx5/mlx5_4:1/path0 |
[1790055266.756556] [local:3442 :0]   |                227..8246 | copy-in                                    | rc_mlx5/mlx5_4:1/path0 |
[1790055266.756556] [local:3442 :0]   |               8247..9187 | multi-frag copy-in                         | rc_mlx5/mlx5_4:1/path0 |
[1790055266.756557] [local:3442 :0]   |                9188..inf | multi-frag zero-copy                       | rc_mlx5/mlx5_4:1/path0 |
[1790055266.756558] [local:3442 :0]   +--------------------------+--------------------------------------------+------------------------+
[1790055266.757382] [local:3442 :0]   +--------------------------+-----------------------------------------------------------+
[1790055266.757383] [local:3442 :0]   | ucp_context_0 self cfg#1 | active message by ucp_am_send*(multi) from host memory    |
[1790055266.757384] [local:3442 :0]   +--------------------------+----------------------------------+------------------------+
[1790055266.757385] [local:3442 :0]   |                   0..226 | short                            | rc_mlx5/mlx5_4:1/path0 |
[1790055266.757385] [local:3442 :0]   |                 227..440 | copy-in                          | rc_mlx5/mlx5_4:1/path0 |
[1790055266.757392] [local:3442 :0]   |                441..8246 | zero-copy                        | rc_mlx5/mlx5_4:1/path0 |
[1790055266.757392] [local:3442 :0]   |                8247..inf | multi-frag zero-copy             | rc_mlx5/mlx5_4:1/path0 |
[1790055266.757393] [local:3442 :0]   +--------------------------+----------------------------------+------------------------+
[1790055266.757564] [local:3442 :0]   +--------------------------+--------------------------------------------------------------------+
[1790055266.757564] [local:3442 :0]   | ucp_context_0 self cfg#1 | active message by ucp_am_send* with reply flag from host memory    |
[1790055266.757565] [local:3442 :0]   +--------------------------+-------------------------------------------+------------------------+
[1790055266.757565] [local:3442 :0]   |                   0..218 | short                                     | rc_mlx5/mlx5_4:1/path0 |
[1790055266.757566] [local:3442 :0]   |                 219..404 | copy-in                                   | rc_mlx5/mlx5_4:1/path0 |
[1790055266.757566] [local:3442 :0]   |                405..8238 | zero-copy                                 | rc_mlx5/mlx5_4:1/path0 |
[1790055266.757567] [local:3442 :0]   |                8239..inf | multi-frag zero-copy                      | rc_mlx5/mlx5_4:1/path0 |
[1790055266.757568] [local:3442 :0]   +--------------------------+-------------------------------------------+------------------------+
[1790055266.757726] [local:3442 :0]   +--------------------------+-------------------------------------------------------------------------------------+
[1790055266.757726] [local:3442 :0]   | ucp_context_0 self cfg#1 | active message by ucp_am_send* with reply flag(fast-completion) from host memory    |
[1790055266.757727] [local:3442 :0]   +--------------------------+------------------------------------------------------------+------------------------+
[1790055266.757727] [local:3442 :0]   |                   0..218 | short                                                      | rc_mlx5/mlx5_4:1/path0 |
[1790055266.757728] [local:3442 :0]   |                219..8238 | copy-in                                                    | rc_mlx5/mlx5_4:1/path0 |
[1790055266.757728] [local:3442 :0]   |               8239..9187 | multi-frag copy-in                                         | rc_mlx5/mlx5_4:1/path0 |
[1790055266.757729] [local:3442 :0]   |                9188..inf | multi-frag zero-copy                                       | rc_mlx5/mlx5_4:1/path0 |
[1790055266.757730] [local:3442 :0]   +--------------------------+------------------------------------------------------------+------------------------+
[1790055266.757888] [local:3442 :0]   +--------------------------+---------------------------------------------------------------------------+
[1790055266.757889] [local:3442 :0]   | ucp_context_0 self cfg#1 | active message by ucp_am_send* with reply flag(multi) from host memory    |
[1790055266.757889] [local:3442 :0]   +--------------------------+--------------------------------------------------+------------------------+
[1790055266.757890] [local:3442 :0]   |                   0..218 | short                                            | rc_mlx5/mlx5_4:1/path0 |
[1790055266.757890] [local:3442 :0]   |                 219..440 | copy-in                                          | rc_mlx5/mlx5_4:1/path0 |
[1790055266.757891] [local:3442 :0]   |                441..8238 | zero-copy                                        | rc_mlx5/mlx5_4:1/path0 |
[1790055266.757891] [local:3442 :0]   |                8239..inf | multi-frag zero-copy                             | rc_mlx5/mlx5_4:1/path0 |
[1790055266.757892] [local:3442 :0]   +--------------------------+--------------------------------------------------+------------------------+
[1790055266.830700] [local:3442 :0]      ucp_worker.c:1984 UCX  INFO    ucp_context_0 intra-node cfg#1 rma(rc_mlx5/mlx5_4:1)  amo(rc_mlx5/mlx5_4:1)  device(cuda_ipc/cuda rc_gda/cuda0-mlx5_4:1 rc_gda/cuda0-mlx5_4:1)  am(rc_mlx5/mlx5_4:1 rc_mlx5/mlx5_4:1 cuda_ipc/cuda)  ka(ud_mlx5/mlx5_4:1)
[1790055266.841459] [local:3442 :0]   +--------------------------------+-------------------------------------------------------------+
[1790055266.841463] [local:3442 :0]   | ucp_context_0 intra-node cfg#1 | remote memory write by ucp_put* from host memory to host    |
[1790055266.841464] [local:3442 :0]   +--------------------------------+------------+------------------------------------------------+
[1790055266.841465] [local:3442 :0]   |                         0..220 | short      | rc_mlx5/mlx5_4:1/path0                         |
[1790055266.841466] [local:3442 :0]   |                      221..1193 | copy-in    | rc_mlx5/mlx5_4:1/path0                         |
[1790055266.841467] [local:3442 :0]   |                      1194..inf | zero-copy  | rc_mlx5/mlx5_4:1 50% on path0 and 50% on path1 |
[1790055266.841468] [local:3442 :0]   +--------------------------------+------------+------------------------------------------------+
[1790055266.841596] [local:3442 :0]   +--------------------------------+------------------------------------------------------------------------------+
[1790055266.841598] [local:3442 :0]   | ucp_context_0 intra-node cfg#1 | remote memory write by ucp_put*(fast-completion) from host memory to host    |
[1790055266.841598] [local:3442 :0]   +--------------------------------+-----------------------------+------------------------------------------------+
[1790055266.841599] [local:3442 :0]   |                         0..220 | short                       | rc_mlx5/mlx5_4:1/path0                         |
[1790055266.841600] [local:3442 :0]   |                      221..9292 | copy-in                     | rc_mlx5/mlx5_4:1/path0                         |
[1790055266.841601] [local:3442 :0]   |                      9293..inf | zero-copy                   | rc_mlx5/mlx5_4:1 50% on path0 and 50% on path1 |
[1790055266.841602] [local:3442 :0]   +--------------------------------+-----------------------------+------------------------------------------------+
[1790055266.841708] [local:3442 :0]   +--------------------------------+--------------------------------------------------------------------+
[1790055266.841709] [local:3442 :0]   | ucp_context_0 intra-node cfg#1 | remote memory write by ucp_put*(multi) from host memory to host    |
[1790055266.841710] [local:3442 :0]   +--------------------------------+-------------------+------------------------------------------------+
[1790055266.841710] [local:3442 :0]   |                         0..220 | short             | rc_mlx5/mlx5_4:1/path0                         |
[1790055266.841711] [local:3442 :0]   |                      221..1285 | copy-in           | rc_mlx5/mlx5_4:1/path0                         |
[1790055266.841712] [local:3442 :0]   |                      1286..inf | zero-copy         | rc_mlx5/mlx5_4:1 50% on path0 and 50% on path1 |
[1790055266.841713] [local:3442 :0]   +--------------------------------+-------------------+------------------------------------------------+
[1790055266.842099] [local:3442 :0]   +--------------------------------+--------------------------------------------------------------------+
[1790055266.842100] [local:3442 :0]   | ucp_context_0 intra-node cfg#1 | remote memory write by ucp_put* from host memory to cuda/dev[0]    |
[1790055266.842101] [local:3442 :0]   +--------------------------------+-------------------+------------------------------------------------+
[1790055266.842101] [local:3442 :0]   |                         0..220 | short             | rc_mlx5/mlx5_4:1/path0                         |
[1790055266.842102] [local:3442 :0]   |                      221..1193 | copy-in           | rc_mlx5/mlx5_4:1/path0                         |
[1790055266.842103] [local:3442 :0]   |                      1194..inf | zero-copy         | rc_mlx5/mlx5_4:1 50% on path0 and 50% on path1 |
[1790055266.842104] [local:3442 :0]   +--------------------------------+-------------------+------------------------------------------------+
[1790055266.842217] [local:3442 :0]   +--------------------------------+-------------------------------------------------------------------------------------+
[1790055266.842218] [local:3442 :0]   | ucp_context_0 intra-node cfg#1 | remote memory write by ucp_put*(fast-completion) from host memory to cuda/dev[0]    |
[1790055266.842219] [local:3442 :0]   +--------------------------------+------------------------------------+------------------------------------------------+
[1790055266.842220] [local:3442 :0]   |                         0..220 | short                              | rc_mlx5/mlx5_4:1/path0                         |
[1790055266.842221] [local:3442 :0]   |                      221..9292 | copy-in                            | rc_mlx5/mlx5_4:1/path0                         |
[1790055266.842222] [local:3442 :0]   |                      9293..inf | zero-copy                          | rc_mlx5/mlx5_4:1 50% on path0 and 50% on path1 |
[1790055266.842223] [local:3442 :0]   +--------------------------------+------------------------------------+------------------------------------------------+
[1790055266.842344] [local:3442 :0]   +--------------------------------+---------------------------------------------------------------------------+
[1790055266.842345] [local:3442 :0]   | ucp_context_0 intra-node cfg#1 | remote memory write by ucp_put*(multi) from host memory to cuda/dev[0]    |
[1790055266.842346] [local:3442 :0]   +--------------------------------+--------------------------+------------------------------------------------+
[1790055266.842347] [local:3442 :0]   |                         0..220 | short                    | rc_mlx5/mlx5_4:1/path0                         |
[1790055266.842348] [local:3442 :0]   |                      221..1285 | copy-in                  | rc_mlx5/mlx5_4:1/path0                         |
[1790055266.842348] [local:3442 :0]   |                      1286..inf | zero-copy                | rc_mlx5/mlx5_4:1 50% on path0 and 50% on path1 |
[1790055266.842349] [local:3442 :0]   +--------------------------------+--------------------------+------------------------------------------------+
[1790055266.842688] [local:3442 :0]   +--------------------------------+----------------------------------------------------+
[1790055266.842689] [local:3442 :0]   | ucp_context_0 intra-node cfg#1 | active message by ucp_am_send* from host memory    |
[1790055266.842690] [local:3442 :0]   +--------------------------------+---------------------------+------------------------+
[1790055266.842691] [local:3442 :0]   |                         0..226 | short                     | rc_mlx5/mlx5_4:1/path0 |
[1790055266.842691] [local:3442 :0]   |                       227..404 | copy-in                   | rc_mlx5/mlx5_4:1/path0 |
[1790055266.842692] [local:3442 :0]   |                      405..8246 | zero-copy                 | rc_mlx5/mlx5_4:1/path0 |
[1790055266.842693] [local:3442 :0]   |                      8247..inf | multi-frag zero-copy      | rc_mlx5/mlx5_4:1/path0 |
[1790055266.842694] [local:3442 :0]   +--------------------------------+---------------------------+------------------------+
[1790055266.842876] [local:3442 :0]   +--------------------------------+---------------------------------------------------------------------+
[1790055266.842877] [local:3442 :0]   | ucp_context_0 intra-node cfg#1 | active message by ucp_am_send*(fast-completion) from host memory    |
[1790055266.842877] [local:3442 :0]   +--------------------------------+--------------------------------------------+------------------------+
[1790055266.842878] [local:3442 :0]   |                         0..226 | short                                      | rc_mlx5/mlx5_4:1/path0 |
[1790055266.842878] [local:3442 :0]   |                      227..8246 | copy-in                                    | rc_mlx5/mlx5_4:1/path0 |
[1790055266.842879] [local:3442 :0]   |                     8247..9187 | multi-frag copy-in                         | rc_mlx5/mlx5_4:1/path0 |
[1790055266.842879] [local:3442 :0]   |                      9188..inf | multi-frag zero-copy                       | rc_mlx5/mlx5_4:1/path0 |
[1790055266.842884] [local:3442 :0]   +--------------------------------+--------------------------------------------+------------------------+
[1790055266.843425] [local:3442 :0]   +--------------------------------+-----------------------------------------------------------+
[1790055266.843427] [local:3442 :0]   | ucp_context_0 intra-node cfg#1 | active message by ucp_am_send*(multi) from host memory    |
[1790055266.843427] [local:3442 :0]   +--------------------------------+----------------------------------+------------------------+
[1790055266.843428] [local:3442 :0]   |                         0..226 | short                            | rc_mlx5/mlx5_4:1/path0 |
[1790055266.843428] [local:3442 :0]   |                       227..440 | copy-in                          | rc_mlx5/mlx5_4:1/path0 |
[1790055266.843429] [local:3442 :0]   |                      441..8246 | zero-copy                        | rc_mlx5/mlx5_4:1/path0 |
[1790055266.843429] [local:3442 :0]   |                      8247..inf | multi-frag zero-copy             | rc_mlx5/mlx5_4:1/path0 |
[1790055266.843430] [local:3442 :0]   +--------------------------------+----------------------------------+------------------------+
[1790055266.843629] [local:3442 :0]   +--------------------------------+--------------------------------------------------------------------+
[1790055266.843630] [local:3442 :0]   | ucp_context_0 intra-node cfg#1 | active message by ucp_am_send* with reply flag from host memory    |
[1790055266.843631] [local:3442 :0]   +--------------------------------+-------------------------------------------+------------------------+
[1790055266.843632] [local:3442 :0]   |                         0..218 | short                                     | rc_mlx5/mlx5_4:1/path0 |
[1790055266.843633] [local:3442 :0]   |                       219..404 | copy-in                                   | rc_mlx5/mlx5_4:1/path0 |
[1790055266.843633] [local:3442 :0]   |                      405..8238 | zero-copy                                 | rc_mlx5/mlx5_4:1/path0 |
[1790055266.843634] [local:3442 :0]   |                      8239..inf | multi-frag zero-copy                      | rc_mlx5/mlx5_4:1/path0 |
[1790055266.843635] [local:3442 :0]   +--------------------------------+-------------------------------------------+------------------------+
[1790055266.843846] [local:3442 :0]   +--------------------------------+-------------------------------------------------------------------------------------+
[1790055266.843848] [local:3442 :0]   | ucp_context_0 intra-node cfg#1 | active message by ucp_am_send* with reply flag(fast-completion) from host memory    |
[1790055266.843848] [local:3442 :0]   +--------------------------------+------------------------------------------------------------+------------------------+
[1790055266.843849] [local:3442 :0]   |                         0..218 | short                                                      | rc_mlx5/mlx5_4:1/path0 |
[1790055266.843850] [local:3442 :0]   |                      219..8238 | copy-in                                                    | rc_mlx5/mlx5_4:1/path0 |
[1790055266.843851] [local:3442 :0]   |                     8239..9187 | multi-frag copy-in                                         | rc_mlx5/mlx5_4:1/path0 |
[1790055266.843852] [local:3442 :0]   |                      9188..inf | multi-frag zero-copy                                       | rc_mlx5/mlx5_4:1/path0 |
[1790055266.843853] [local:3442 :0]   +--------------------------------+------------------------------------------------------------+------------------------+
[1790055266.844091] [local:3442 :0]   +--------------------------------+---------------------------------------------------------------------------+
[1790055266.844092] [local:3442 :0]   | ucp_context_0 intra-node cfg#1 | active message by ucp_am_send* with reply flag(multi) from host memory    |
[1790055266.844093] [local:3442 :0]   +--------------------------------+--------------------------------------------------+------------------------+
[1790055266.844099] [local:3442 :0]   |                         0..218 | short                                            | rc_mlx5/mlx5_4:1/path0 |
[1790055266.844100] [local:3442 :0]   |                       219..440 | copy-in                                          | rc_mlx5/mlx5_4:1/path0 |
[1790055266.844101] [local:3442 :0]   |                      441..8238 | zero-copy                                        | rc_mlx5/mlx5_4:1/path0 |
[1790055266.844102] [local:3442 :0]   |                      8239..inf | multi-frag zero-copy                             | rc_mlx5/mlx5_4:1/path0 |
[1790055266.844103] [local:3442 :0]   +--------------------------------+--------------------------------------------------+------------------------+
[1790055266.917039] [local:3442 :0]      ucp_worker.c:1984 UCX  INFO    ucp_context_0 intra-node cfg#1 rma(rc_mlx5/mlx5_4:1)  amo(rc_mlx5/mlx5_4:1)  device(cuda_ipc/cuda rc_gda/cuda0-mlx5_4:1 rc_gda/cuda0-mlx5_4:1)  am(rc_mlx5/mlx5_4:1 rc_mlx5/mlx5_4:1 cuda_ipc/cuda)  ka(ud_mlx5/mlx5_4:1)
[1790055266.927515] [local:3442 :0]   +--------------------------------+-------------------------------------------------------------+
[1790055266.927519] [local:3442 :0]   | ucp_context_0 intra-node cfg#1 | remote memory write by ucp_put* from host memory to host    |
[1790055266.927520] [local:3442 :0]   +--------------------------------+------------+------------------------------------------------+
[1790055266.927521] [local:3442 :0]   |                         0..220 | short      | rc_mlx5/mlx5_4:1/path0                         |
[1790055266.927522] [local:3442 :0]   |                      221..1193 | copy-in    | rc_mlx5/mlx5_4:1/path0                         |
[1790055266.927523] [local:3442 :0]   |                      1194..inf | zero-copy  | rc_mlx5/mlx5_4:1 50% on path0 and 50% on path1 |
[1790055266.927524] [local:3442 :0]   +--------------------------------+------------+------------------------------------------------+
[1790055266.927649] [local:3442 :0]   +--------------------------------+------------------------------------------------------------------------------+
[1790055266.927650] [local:3442 :0]   | ucp_context_0 intra-node cfg#1 | remote memory write by ucp_put*(fast-completion) from host memory to host    |
[1790055266.927651] [local:3442 :0]   +--------------------------------+-----------------------------+------------------------------------------------+
[1790055266.927652] [local:3442 :0]   |                         0..220 | short                       | rc_mlx5/mlx5_4:1/path0                         |
[1790055266.927653] [local:3442 :0]   |                      221..9292 | copy-in                     | rc_mlx5/mlx5_4:1/path0                         |
[1790055266.927653] [local:3442 :0]   |                      9293..inf | zero-copy                   | rc_mlx5/mlx5_4:1 50% on path0 and 50% on path1 |
[1790055266.927654] [local:3442 :0]   +--------------------------------+-----------------------------+------------------------------------------------+
[1790055266.927755] [local:3442 :0]   +--------------------------------+--------------------------------------------------------------------+
[1790055266.927756] [local:3442 :0]   | ucp_context_0 intra-node cfg#1 | remote memory write by ucp_put*(multi) from host memory to host    |
[1790055266.927757] [local:3442 :0]   +--------------------------------+-------------------+------------------------------------------------+
[1790055266.927758] [local:3442 :0]   |                         0..220 | short             | rc_mlx5/mlx5_4:1/path0                         |
[1790055266.927758] [local:3442 :0]   |                      221..1285 | copy-in           | rc_mlx5/mlx5_4:1/path0                         |
[1790055266.927759] [local:3442 :0]   |                      1286..inf | zero-copy         | rc_mlx5/mlx5_4:1 50% on path0 and 50% on path1 |
[1790055266.927760] [local:3442 :0]   +--------------------------------+-------------------+------------------------------------------------+
[1790055266.928175] [local:3442 :0]   +--------------------------------+--------------------------------------------------------------------+
[1790055266.928176] [local:3442 :0]   | ucp_context_0 intra-node cfg#1 | remote memory write by ucp_put* from host memory to cuda/dev[0]    |
[1790055266.928177] [local:3442 :0]   +--------------------------------+-------------------+------------------------------------------------+
[1790055266.928177] [local:3442 :0]   |                         0..220 | short             | rc_mlx5/mlx5_4:1/path0                         |
[1790055266.928178] [local:3442 :0]   |                      221..1193 | copy-in           | rc_mlx5/mlx5_4:1/path0                         |
[1790055266.928178] [local:3442 :0]   |                      1194..inf | zero-copy         | rc_mlx5/mlx5_4:1 50% on path0 and 50% on path1 |
[1790055266.928179] [local:3442 :0]   +--------------------------------+-------------------+------------------------------------------------+
[1790055266.928249] [local:3442 :0]   +--------------------------------+-------------------------------------------------------------------------------------+
[1790055266.928249] [local:3442 :0]   | ucp_context_0 intra-node cfg#1 | remote memory write by ucp_put*(fast-completion) from host memory to cuda/dev[0]    |
[1790055266.928250] [local:3442 :0]   +--------------------------------+------------------------------------+------------------------------------------------+
[1790055266.928251] [local:3442 :0]   |                         0..220 | short                              | rc_mlx5/mlx5_4:1/path0                         |
[1790055266.928251] [local:3442 :0]   |                      221..9292 | copy-in                            | rc_mlx5/mlx5_4:1/path0                         |
[1790055266.928252] [local:3442 :0]   |                      9293..inf | zero-copy                          | rc_mlx5/mlx5_4:1 50% on path0 and 50% on path1 |
[1790055266.928252] [local:3442 :0]   +--------------------------------+------------------------------------+------------------------------------------------+
[1790055266.928332] [local:3442 :0]   +--------------------------------+---------------------------------------------------------------------------+
[1790055266.928333] [local:3442 :0]   | ucp_context_0 intra-node cfg#1 | remote memory write by ucp_put*(multi) from host memory to cuda/dev[0]    |
[1790055266.928334] [local:3442 :0]   +--------------------------------+--------------------------+------------------------------------------------+
[1790055266.928334] [local:3442 :0]   |                         0..220 | short                    | rc_mlx5/mlx5_4:1/path0                         |
[1790055266.928335] [local:3442 :0]   |                      221..1285 | copy-in                  | rc_mlx5/mlx5_4:1/path0                         |
[1790055266.928335] [local:3442 :0]   |                      1286..inf | zero-copy                | rc_mlx5/mlx5_4:1 50% on path0 and 50% on path1 |
[1790055266.928336] [local:3442 :0]   +--------------------------------+--------------------------+------------------------------------------------+
[1790055266.928581] [local:3442 :0]   +--------------------------------+----------------------------------------------------+
[1790055266.928582] [local:3442 :0]   | ucp_context_0 intra-node cfg#1 | active message by ucp_am_send* from host memory    |
[1790055266.928583] [local:3442 :0]   +--------------------------------+---------------------------+------------------------+
[1790055266.928584] [local:3442 :0]   |                         0..226 | short                     | rc_mlx5/mlx5_4:1/path0 |
[1790055266.928585] [local:3442 :0]   |                       227..404 | copy-in                   | rc_mlx5/mlx5_4:1/path0 |
[1790055266.928586] [local:3442 :0]   |                      405..8246 | zero-copy                 | rc_mlx5/mlx5_4:1/path0 |
[1790055266.928587] [local:3442 :0]   |                      8247..inf | multi-frag zero-copy      | rc_mlx5/mlx5_4:1/path0 |
[1790055266.928588] [local:3442 :0]   +--------------------------------+---------------------------+------------------------+
[1790055266.928774] [local:3442 :0]   +--------------------------------+---------------------------------------------------------------------+
[1790055266.928776] [local:3442 :0]   | ucp_context_0 intra-node cfg#1 | active message by ucp_am_send*(fast-completion) from host memory    |
[1790055266.928777] [local:3442 :0]   +--------------------------------+--------------------------------------------+------------------------+
[1790055266.928777] [local:3442 :0]   |                         0..226 | short                                      | rc_mlx5/mlx5_4:1/path0 |
[1790055266.928778] [local:3442 :0]   |                      227..8246 | copy-in                                    | rc_mlx5/mlx5_4:1/path0 |
[1790055266.928779] [local:3442 :0]   |                     8247..9187 | multi-frag copy-in                         | rc_mlx5/mlx5_4:1/path0 |
[1790055266.928779] [local:3442 :0]   |                      9188..inf | multi-frag zero-copy                       | rc_mlx5/mlx5_4:1/path0 |
[1790055266.928780] [local:3442 :0]   +--------------------------------+--------------------------------------------+------------------------+
[1790055266.929480] [local:3442 :0]   +--------------------------------+-----------------------------------------------------------+
[1790055266.929481] [local:3442 :0]   | ucp_context_0 intra-node cfg#1 | active message by ucp_am_send*(multi) from host memory    |
[1790055266.929482] [local:3442 :0]   +--------------------------------+----------------------------------+------------------------+
[1790055266.929483] [local:3442 :0]   |                         0..226 | short                            | rc_mlx5/mlx5_4:1/path0 |
[1790055266.929484] [local:3442 :0]   |                       227..440 | copy-in                          | rc_mlx5/mlx5_4:1/path0 |
[1790055266.929484] [local:3442 :0]   |                      441..8246 | zero-copy                        | rc_mlx5/mlx5_4:1/path0 |
[1790055266.929485] [local:3442 :0]   |                      8247..inf | multi-frag zero-copy             | rc_mlx5/mlx5_4:1/path0 |
[1790055266.929486] [local:3442 :0]   +--------------------------------+----------------------------------+------------------------+
[1790055266.929690] [local:3442 :0]   +--------------------------------+--------------------------------------------------------------------+
[1790055266.929691] [local:3442 :0]   | ucp_context_0 intra-node cfg#1 | active message by ucp_am_send* with reply flag from host memory    |
[1790055266.929692] [local:3442 :0]   +--------------------------------+-------------------------------------------+------------------------+
[1790055266.929693] [local:3442 :0]   |                         0..218 | short                                     | rc_mlx5/mlx5_4:1/path0 |
[1790055266.929694] [local:3442 :0]   |                       219..404 | copy-in                                   | rc_mlx5/mlx5_4:1/path0 |
[1790055266.929695] [local:3442 :0]   |                      405..8238 | zero-copy                                 | rc_mlx5/mlx5_4:1/path0 |
[1790055266.929695] [local:3442 :0]   |                      8239..inf | multi-frag zero-copy                      | rc_mlx5/mlx5_4:1/path0 |
[1790055266.929696] [local:3442 :0]   +--------------------------------+-------------------------------------------+------------------------+
[1790055266.929895] [local:3442 :0]   +--------------------------------+-------------------------------------------------------------------------------------+
[1790055266.929896] [local:3442 :0]   | ucp_context_0 intra-node cfg#1 | active message by ucp_am_send* with reply flag(fast-completion) from host memory    |
[1790055266.929897] [local:3442 :0]   +--------------------------------+------------------------------------------------------------+------------------------+
[1790055266.929898] [local:3442 :0]   |                         0..218 | short                                                      | rc_mlx5/mlx5_4:1/path0 |
[1790055266.929899] [local:3442 :0]   |                      219..8238 | copy-in                                                    | rc_mlx5/mlx5_4:1/path0 |
[1790055266.929906] [local:3442 :0]   |                     8239..9187 | multi-frag copy-in                                         | rc_mlx5/mlx5_4:1/path0 |
[1790055266.929906] [local:3442 :0]   |                      9188..inf | multi-frag zero-copy                                       | rc_mlx5/mlx5_4:1/path0 |
[1790055266.929907] [local:3442 :0]   +--------------------------------+------------------------------------------------------------+------------------------+
[1790055266.930143] [local:3442 :0]   +--------------------------------+---------------------------------------------------------------------------+
[1790055266.930144] [local:3442 :0]   | ucp_context_0 intra-node cfg#1 | active message by ucp_am_send* with reply flag(multi) from host memory    |
[1790055266.930145] [local:3442 :0]   +--------------------------------+--------------------------------------------------+------------------------+
[1790055266.930145] [local:3442 :0]   |                         0..218 | short                                            | rc_mlx5/mlx5_4:1/path0 |
[1790055266.930146] [local:3442 :0]   |                       219..440 | copy-in                                          | rc_mlx5/mlx5_4:1/path0 |
[1790055266.930147] [local:3442 :0]   |                      441..8238 | zero-copy                                        | rc_mlx5/mlx5_4:1/path0 |
[1790055266.930148] [local:3442 :0]   |                      8239..inf | multi-frag zero-copy                             | rc_mlx5/mlx5_4:1/path0 |
[1790055266.930149] [local:3442 :0]   +--------------------------------+--------------------------------------------------+------------------------+
[1790055267.003054] [local:3442 :0]      ucp_worker.c:1984 UCX  INFO    ucp_context_0 intra-node cfg#1 rma(rc_mlx5/mlx5_4:1)  amo(rc_mlx5/mlx5_4:1)  device(cuda_ipc/cuda rc_gda/cuda0-mlx5_4:1 rc_gda/cuda0-mlx5_4:1)  am(rc_mlx5/mlx5_4:1 rc_mlx5/mlx5_4:1 cuda_ipc/cuda)  ka(ud_mlx5/mlx5_4:1)
[1790055267.013294] [local:3442 :0]   +--------------------------------+-------------------------------------------------------------+
[1790055267.013297] [local:3442 :0]   | ucp_context_0 intra-node cfg#1 | remote memory write by ucp_put* from host memory to host    |
[1790055267.013298] [local:3442 :0]   +--------------------------------+------------+------------------------------------------------+
[1790055267.013299] [local:3442 :0]   |                         0..220 | short      | rc_mlx5/mlx5_4:1/path0                         |
[1790055267.013299] [local:3442 :0]   |                      221..1193 | copy-in    | rc_mlx5/mlx5_4:1/path0                         |
[1790055267.013300] [local:3442 :0]   |                      1194..inf | zero-copy  | rc_mlx5/mlx5_4:1 50% on path0 and 50% on path1 |
[1790055267.013300] [local:3442 :0]   +--------------------------------+------------+------------------------------------------------+
[1790055267.013388] [local:3442 :0]   +--------------------------------+------------------------------------------------------------------------------+
[1790055267.013389] [local:3442 :0]   | ucp_context_0 intra-node cfg#1 | remote memory write by ucp_put*(fast-completion) from host memory to host    |
[1790055267.013390] [local:3442 :0]   +--------------------------------+-----------------------------+------------------------------------------------+
[1790055267.013391] [local:3442 :0]   |                         0..220 | short                       | rc_mlx5/mlx5_4:1/path0                         |
[1790055267.013392] [local:3442 :0]   |                      221..9292 | copy-in                     | rc_mlx5/mlx5_4:1/path0                         |
[1790055267.013393] [local:3442 :0]   |                      9293..inf | zero-copy                   | rc_mlx5/mlx5_4:1 50% on path0 and 50% on path1 |
[1790055267.013394] [local:3442 :0]   +--------------------------------+-----------------------------+------------------------------------------------+
[1790055267.013472] [local:3442 :0]   +--------------------------------+--------------------------------------------------------------------+
[1790055267.013486] [local:3442 :0]   | ucp_context_0 intra-node cfg#1 | remote memory write by ucp_put*(multi) from host memory to host    |
[1790055267.013487] [local:3442 :0]   +--------------------------------+-------------------+------------------------------------------------+
[1790055267.013487] [local:3442 :0]   |                         0..220 | short             | rc_mlx5/mlx5_4:1/path0                         |
[1790055267.013488] [local:3442 :0]   |                      221..1285 | copy-in           | rc_mlx5/mlx5_4:1/path0                         |
[1790055267.013488] [local:3442 :0]   |                      1286..inf | zero-copy         | rc_mlx5/mlx5_4:1 50% on path0 and 50% on path1 |
[1790055267.013489] [local:3442 :0]   +--------------------------------+-------------------+------------------------------------------------+
[1790055267.013791] [local:3442 :0]   +--------------------------------+--------------------------------------------------------------------+
[1790055267.013793] [local:3442 :0]   | ucp_context_0 intra-node cfg#1 | remote memory write by ucp_put* from host memory to cuda/dev[0]    |
[1790055267.013794] [local:3442 :0]   +--------------------------------+-------------------+------------------------------------------------+
[1790055267.013795] [local:3442 :0]   |                         0..220 | short             | rc_mlx5/mlx5_4:1/path0                         |
[1790055267.013795] [local:3442 :0]   |                      221..1193 | copy-in           | rc_mlx5/mlx5_4:1/path0                         |
[1790055267.013796] [local:3442 :0]   |                      1194..inf | zero-copy         | rc_mlx5/mlx5_4:1 50% on path0 and 50% on path1 |
[1790055267.013797] [local:3442 :0]   +--------------------------------+-------------------+------------------------------------------------+
[1790055267.013870] [local:3442 :0]   +--------------------------------+-------------------------------------------------------------------------------------+
[1790055267.013870] [local:3442 :0]   | ucp_context_0 intra-node cfg#1 | remote memory write by ucp_put*(fast-completion) from host memory to cuda/dev[0]    |
[1790055267.013871] [local:3442 :0]   +--------------------------------+------------------------------------+------------------------------------------------+
[1790055267.013872] [local:3442 :0]   |                         0..220 | short                              | rc_mlx5/mlx5_4:1/path0                         |
[1790055267.013872] [local:3442 :0]   |                      221..9292 | copy-in                            | rc_mlx5/mlx5_4:1/path0                         |
[1790055267.013873] [local:3442 :0]   |                      9293..inf | zero-copy                          | rc_mlx5/mlx5_4:1 50% on path0 and 50% on path1 |
[1790055267.013873] [local:3442 :0]   +--------------------------------+------------------------------------+------------------------------------------------+
[1790055267.013960] [local:3442 :0]   +--------------------------------+---------------------------------------------------------------------------+
[1790055267.013961] [local:3442 :0]   | ucp_context_0 intra-node cfg#1 | remote memory write by ucp_put*(multi) from host memory to cuda/dev[0]    |
[1790055267.013962] [local:3442 :0]   +--------------------------------+--------------------------+------------------------------------------------+
[1790055267.013963] [local:3442 :0]   |                         0..220 | short                    | rc_mlx5/mlx5_4:1/path0                         |
[1790055267.013963] [local:3442 :0]   |                      221..1285 | copy-in                  | rc_mlx5/mlx5_4:1/path0                         |
[1790055267.013964] [local:3442 :0]   |                      1286..inf | zero-copy                | rc_mlx5/mlx5_4:1 50% on path0 and 50% on path1 |
[1790055267.013965] [local:3442 :0]   +--------------------------------+--------------------------+------------------------------------------------+
[1790055267.014300] [local:3442 :0]   +--------------------------------+----------------------------------------------------+
[1790055267.014301] [local:3442 :0]   | ucp_context_0 intra-node cfg#1 | active message by ucp_am_send* from host memory    |
[1790055267.014302] [local:3442 :0]   +--------------------------------+---------------------------+------------------------+
[1790055267.014303] [local:3442 :0]   |                         0..226 | short                     | rc_mlx5/mlx5_4:1/path0 |
[1790055267.014304] [local:3442 :0]   |                       227..404 | copy-in                   | rc_mlx5/mlx5_4:1/path0 |
[1790055267.014305] [local:3442 :0]   |                      405..8246 | zero-copy                 | rc_mlx5/mlx5_4:1/path0 |
[1790055267.014306] [local:3442 :0]   |                      8247..inf | multi-frag zero-copy      | rc_mlx5/mlx5_4:1/path0 |
[1790055267.014307] [local:3442 :0]   +--------------------------------+---------------------------+------------------------+
[1790055267.014519] [local:3442 :0]   +--------------------------------+---------------------------------------------------------------------+
[1790055267.014520] [local:3442 :0]   | ucp_context_0 intra-node cfg#1 | active message by ucp_am_send*(fast-completion) from host memory    |
[1790055267.014521] [local:3442 :0]   +--------------------------------+--------------------------------------------+------------------------+
[1790055267.014522] [local:3442 :0]   |                         0..226 | short                                      | rc_mlx5/mlx5_4:1/path0 |
[1790055267.014523] [local:3442 :0]   |                      227..8246 | copy-in                                    | rc_mlx5/mlx5_4:1/path0 |
[1790055267.014523] [local:3442 :0]   |                     8247..9187 | multi-frag copy-in                         | rc_mlx5/mlx5_4:1/path0 |
[1790055267.014524] [local:3442 :0]   |                      9188..inf | multi-frag zero-copy                       | rc_mlx5/mlx5_4:1/path0 |
[1790055267.014525] [local:3442 :0]   +--------------------------------+--------------------------------------------+------------------------+
[1790055267.015236] [local:3442 :0]   +--------------------------------+-----------------------------------------------------------+
[1790055267.015237] [local:3442 :0]   | ucp_context_0 intra-node cfg#1 | active message by ucp_am_send*(multi) from host memory    |
[1790055267.015238] [local:3442 :0]   +--------------------------------+----------------------------------+------------------------+
[1790055267.015239] [local:3442 :0]   |                         0..226 | short                            | rc_mlx5/mlx5_4:1/path0 |
[1790055267.015240] [local:3442 :0]   |                       227..440 | copy-in                          | rc_mlx5/mlx5_4:1/path0 |
[1790055267.015240] [local:3442 :0]   |                      441..8246 | zero-copy                        | rc_mlx5/mlx5_4:1/path0 |
[1790055267.015241] [local:3442 :0]   |                      8247..inf | multi-frag zero-copy             | rc_mlx5/mlx5_4:1/path0 |
[1790055267.015242] [local:3442 :0]   +--------------------------------+----------------------------------+------------------------+
[1790055267.015472] [local:3442 :0]   +--------------------------------+--------------------------------------------------------------------+
[1790055267.015473] [local:3442 :0]   | ucp_context_0 intra-node cfg#1 | active message by ucp_am_send* with reply flag from host memory    |
[1790055267.015474] [local:3442 :0]   +--------------------------------+-------------------------------------------+------------------------+
[1790055267.015474] [local:3442 :0]   |                         0..218 | short                                     | rc_mlx5/mlx5_4:1/path0 |
[1790055267.015475] [local:3442 :0]   |                       219..404 | copy-in                                   | rc_mlx5/mlx5_4:1/path0 |
[1790055267.015476] [local:3442 :0]   |                      405..8238 | zero-copy                                 | rc_mlx5/mlx5_4:1/path0 |
[1790055267.015483] [local:3442 :0]   |                      8239..inf | multi-frag zero-copy                      | rc_mlx5/mlx5_4:1/path0 |
[1790055267.015484] [local:3442 :0]   +--------------------------------+-------------------------------------------+------------------------+
[1790055267.015693] [local:3442 :0]   +--------------------------------+-------------------------------------------------------------------------------------+
[1790055267.015694] [local:3442 :0]   | ucp_context_0 intra-node cfg#1 | active message by ucp_am_send* with reply flag(fast-completion) from host memory    |
[1790055267.015695] [local:3442 :0]   +--------------------------------+------------------------------------------------------------+------------------------+
[1790055267.015696] [local:3442 :0]   |                         0..218 | short                                                      | rc_mlx5/mlx5_4:1/path0 |
[1790055267.015697] [local:3442 :0]   |                      219..8238 | copy-in                                                    | rc_mlx5/mlx5_4:1/path0 |
[1790055267.015698] [local:3442 :0]   |                     8239..9187 | multi-frag copy-in                                         | rc_mlx5/mlx5_4:1/path0 |
[1790055267.015699] [local:3442 :0]   |                      9188..inf | multi-frag zero-copy                                       | rc_mlx5/mlx5_4:1/path0 |
[1790055267.015699] [local:3442 :0]   +--------------------------------+------------------------------------------------------------+------------------------+
[1790055267.015930] [local:3442 :0]   +--------------------------------+---------------------------------------------------------------------------+
[1790055267.015931] [local:3442 :0]   | ucp_context_0 intra-node cfg#1 | active message by ucp_am_send* with reply flag(multi) from host memory    |
[1790055267.015932] [local:3442 :0]   +--------------------------------+--------------------------------------------------+------------------------+
[1790055267.015932] [local:3442 :0]   |                         0..218 | short                                            | rc_mlx5/mlx5_4:1/path0 |
[1790055267.015933] [local:3442 :0]   |                       219..440 | copy-in                                          | rc_mlx5/mlx5_4:1/path0 |
[1790055267.015934] [local:3442 :0]   |                      441..8238 | zero-copy                                        | rc_mlx5/mlx5_4:1/path0 |
[1790055267.015935] [local:3442 :0]   |                      8239..inf | multi-frag zero-copy                             | rc_mlx5/mlx5_4:1/path0 |
[1790055267.015936] [local:3442 :0]   +--------------------------------+--------------------------------------------------+------------------------+
[1790055267.087889] [local:3442 :0]      ucp_worker.c:1984 UCX  INFO    ucp_context_0 intra-node cfg#1 rma(rc_mlx5/mlx5_4:1)  amo(rc_mlx5/mlx5_4:1)  device(cuda_ipc/cuda rc_gda/cuda0-mlx5_4:1 rc_gda/cuda0-mlx5_4:1)  am(rc_mlx5/mlx5_4:1 rc_mlx5/mlx5_4:1 cuda_ipc/cuda)  ka(ud_mlx5/mlx5_4:1)
[1790055267.098571] [local:3442 :0]   +--------------------------------+-------------------------------------------------------------+
[1790055267.098575] [local:3442 :0]   | ucp_context_0 intra-node cfg#1 | remote memory write by ucp_put* from host memory to host    |
[1790055267.098576] [local:3442 :0]   +--------------------------------+------------+------------------------------------------------+
[1790055267.098577] [local:3442 :0]   |                         0..220 | short      | rc_mlx5/mlx5_4:1/path0                         |
[1790055267.098578] [local:3442 :0]   |                      221..1193 | copy-in    | rc_mlx5/mlx5_4:1/path0                         |
[1790055267.098579] [local:3442 :0]   |                      1194..inf | zero-copy  | rc_mlx5/mlx5_4:1 50% on path0 and 50% on path1 |
[1790055267.098579] [local:3442 :0]   +--------------------------------+------------+------------------------------------------------+
[1790055267.098698] [local:3442 :0]   +--------------------------------+------------------------------------------------------------------------------+
[1790055267.098715] [local:3442 :0]   | ucp_context_0 intra-node cfg#1 | remote memory write by ucp_put*(fast-completion) from host memory to host    |
[1790055267.098716] [local:3442 :0]   +--------------------------------+-----------------------------+------------------------------------------------+
[1790055267.098717] [local:3442 :0]   |                         0..220 | short                       | rc_mlx5/mlx5_4:1/path0                         |
[1790055267.098718] [local:3442 :0]   |                      221..9292 | copy-in                     | rc_mlx5/mlx5_4:1/path0                         |
[1790055267.098719] [local:3442 :0]   |                      9293..inf | zero-copy                   | rc_mlx5/mlx5_4:1 50% on path0 and 50% on path1 |
[1790055267.098720] [local:3442 :0]   +--------------------------------+-----------------------------+------------------------------------------------+
[1790055267.098818] [local:3442 :0]   +--------------------------------+--------------------------------------------------------------------+
[1790055267.098819] [local:3442 :0]   | ucp_context_0 intra-node cfg#1 | remote memory write by ucp_put*(multi) from host memory to host    |
[1790055267.098819] [local:3442 :0]   +--------------------------------+-------------------+------------------------------------------------+
[1790055267.098820] [local:3442 :0]   |                         0..220 | short             | rc_mlx5/mlx5_4:1/path0                         |
[1790055267.098821] [local:3442 :0]   |                      221..1285 | copy-in           | rc_mlx5/mlx5_4:1/path0                         |
[1790055267.098822] [local:3442 :0]   |                      1286..inf | zero-copy         | rc_mlx5/mlx5_4:1 50% on path0 and 50% on path1 |
[1790055267.098823] [local:3442 :0]   +--------------------------------+-------------------+------------------------------------------------+
[1790055267.099195] [local:3442 :0]   +--------------------------------+--------------------------------------------------------------------+
[1790055267.099196] [local:3442 :0]   | ucp_context_0 intra-node cfg#1 | remote memory write by ucp_put* from host memory to cuda/dev[0]    |
[1790055267.099197] [local:3442 :0]   +--------------------------------+-------------------+------------------------------------------------+
[1790055267.099197] [local:3442 :0]   |                         0..220 | short             | rc_mlx5/mlx5_4:1/path0                         |
[1790055267.099198] [local:3442 :0]   |                      221..1193 | copy-in           | rc_mlx5/mlx5_4:1/path0                         |
[1790055267.099199] [local:3442 :0]   |                      1194..inf | zero-copy         | rc_mlx5/mlx5_4:1 50% on path0 and 50% on path1 |
[1790055267.099200] [local:3442 :0]   +--------------------------------+-------------------+------------------------------------------------+
[1790055267.099300] [local:3442 :0]   +--------------------------------+-------------------------------------------------------------------------------------+
[1790055267.099301] [local:3442 :0]   | ucp_context_0 intra-node cfg#1 | remote memory write by ucp_put*(fast-completion) from host memory to cuda/dev[0]    |
[1790055267.099302] [local:3442 :0]   +--------------------------------+------------------------------------+------------------------------------------------+
[1790055267.099303] [local:3442 :0]   |                         0..220 | short                              | rc_mlx5/mlx5_4:1/path0                         |
[1790055267.099304] [local:3442 :0]   |                      221..9292 | copy-in                            | rc_mlx5/mlx5_4:1/path0                         |
[1790055267.099304] [local:3442 :0]   |                      9293..inf | zero-copy                          | rc_mlx5/mlx5_4:1 50% on path0 and 50% on path1 |
[1790055267.099305] [local:3442 :0]   +--------------------------------+------------------------------------+------------------------------------------------+
[1790055267.099405] [local:3442 :0]   +--------------------------------+---------------------------------------------------------------------------+
[1790055267.099411] [local:3442 :0]   | ucp_context_0 intra-node cfg#1 | remote memory write by ucp_put*(multi) from host memory to cuda/dev[0]    |
[1790055267.099412] [local:3442 :0]   +--------------------------------+--------------------------+------------------------------------------------+
[1790055267.099413] [local:3442 :0]   |                         0..220 | short                    | rc_mlx5/mlx5_4:1/path0                         |
[1790055267.099414] [local:3442 :0]   |                      221..1285 | copy-in                  | rc_mlx5/mlx5_4:1/path0                         |
[1790055267.099415] [local:3442 :0]   |                      1286..inf | zero-copy                | rc_mlx5/mlx5_4:1 50% on path0 and 50% on path1 |
[1790055267.099415] [local:3442 :0]   +--------------------------------+--------------------------+------------------------------------------------+
[1790055267.099743] [local:3442 :0]   +--------------------------------+----------------------------------------------------+
[1790055267.099745] [local:3442 :0]   | ucp_context_0 intra-node cfg#1 | active message by ucp_am_send* from host memory    |
[1790055267.099745] [local:3442 :0]   +--------------------------------+---------------------------+------------------------+
[1790055267.099746] [local:3442 :0]   |                         0..226 | short                     | rc_mlx5/mlx5_4:1/path0 |
[1790055267.099747] [local:3442 :0]   |                       227..404 | copy-in                   | rc_mlx5/mlx5_4:1/path0 |
[1790055267.099748] [local:3442 :0]   |                      405..8246 | zero-copy                 | rc_mlx5/mlx5_4:1/path0 |
[1790055267.099749] [local:3442 :0]   |                      8247..inf | multi-frag zero-copy      | rc_mlx5/mlx5_4:1/path0 |
[1790055267.099750] [local:3442 :0]   +--------------------------------+---------------------------+------------------------+
[1790055267.099954] [local:3442 :0]   +--------------------------------+---------------------------------------------------------------------+
[1790055267.099955] [local:3442 :0]   | ucp_context_0 intra-node cfg#1 | active message by ucp_am_send*(fast-completion) from host memory    |
[1790055267.099956] [local:3442 :0]   +--------------------------------+--------------------------------------------+------------------------+
[1790055267.099956] [local:3442 :0]   |                         0..226 | short                                      | rc_mlx5/mlx5_4:1/path0 |
[1790055267.099957] [local:3442 :0]   |                      227..8246 | copy-in                                    | rc_mlx5/mlx5_4:1/path0 |
[1790055267.099958] [local:3442 :0]   |                     8247..9187 | multi-frag copy-in                         | rc_mlx5/mlx5_4:1/path0 |
[1790055267.099959] [local:3442 :0]   |                      9188..inf | multi-frag zero-copy                       | rc_mlx5/mlx5_4:1/path0 |
[1790055267.099960] [local:3442 :0]   +--------------------------------+--------------------------------------------+------------------------+
[1790055267.100662] [local:3442 :0]   +--------------------------------+-----------------------------------------------------------+
[1790055267.100663] [local:3442 :0]   | ucp_context_0 intra-node cfg#1 | active message by ucp_am_send*(multi) from host memory    |
[1790055267.100664] [local:3442 :0]   +--------------------------------+----------------------------------+------------------------+
[1790055267.100665] [local:3442 :0]   |                         0..226 | short                            | rc_mlx5/mlx5_4:1/path0 |
[1790055267.100666] [local:3442 :0]   |                       227..440 | copy-in                          | rc_mlx5/mlx5_4:1/path0 |
[1790055267.100666] [local:3442 :0]   |                      441..8246 | zero-copy                        | rc_mlx5/mlx5_4:1/path0 |
[1790055267.100667] [local:3442 :0]   |                      8247..inf | multi-frag zero-copy             | rc_mlx5/mlx5_4:1/path0 |
[1790055267.100668] [local:3442 :0]   +--------------------------------+----------------------------------+------------------------+
[1790055267.100870] [local:3442 :0]   +--------------------------------+--------------------------------------------------------------------+
[1790055267.100871] [local:3442 :0]   | ucp_context_0 intra-node cfg#1 | active message by ucp_am_send* with reply flag from host memory    |
[1790055267.100872] [local:3442 :0]   +--------------------------------+-------------------------------------------+------------------------+
[1790055267.100873] [local:3442 :0]   |                         0..218 | short                                     | rc_mlx5/mlx5_4:1/path0 |
[1790055267.100874] [local:3442 :0]   |                       219..404 | copy-in                                   | rc_mlx5/mlx5_4:1/path0 |
[1790055267.100874] [local:3442 :0]   |                      405..8238 | zero-copy                                 | rc_mlx5/mlx5_4:1/path0 |
[1790055267.100875] [local:3442 :0]   |                      8239..inf | multi-frag zero-copy                      | rc_mlx5/mlx5_4:1/path0 |
[1790055267.100876] [local:3442 :0]   +--------------------------------+-------------------------------------------+------------------------+
[1790055267.101073] [local:3442 :0]   +--------------------------------+-------------------------------------------------------------------------------------+
[1790055267.101074] [local:3442 :0]   | ucp_context_0 intra-node cfg#1 | active message by ucp_am_send* with reply flag(fast-completion) from host memory    |
[1790055267.101075] [local:3442 :0]   +--------------------------------+------------------------------------------------------------+------------------------+
[1790055267.101075] [local:3442 :0]   |                         0..218 | short                                                      | rc_mlx5/mlx5_4:1/path0 |
[1790055267.101076] [local:3442 :0]   |                      219..8238 | copy-in                                                    | rc_mlx5/mlx5_4:1/path0 |
[1790055267.101077] [local:3442 :0]   |                     8239..9187 | multi-frag copy-in                                         | rc_mlx5/mlx5_4:1/path0 |
[1790055267.101078] [local:3442 :0]   |                      9188..inf | multi-frag zero-copy                                       | rc_mlx5/mlx5_4:1/path0 |
[1790055267.101079] [local:3442 :0]   +--------------------------------+------------------------------------------------------------+------------------------+
[1790055267.101312] [local:3442 :0]   +--------------------------------+---------------------------------------------------------------------------+
[1790055267.101313] [local:3442 :0]   | ucp_context_0 intra-node cfg#1 | active message by ucp_am_send* with reply flag(multi) from host memory    |
[1790055267.101314] [local:3442 :0]   +--------------------------------+--------------------------------------------------+------------------------+
[1790055267.101315] [local:3442 :0]   |                         0..218 | short                                            | rc_mlx5/mlx5_4:1/path0 |
[1790055267.101316] [local:3442 :0]   |                       219..440 | copy-in                                          | rc_mlx5/mlx5_4:1/path0 |
[1790055267.101317] [local:3442 :0]   |                      441..8238 | zero-copy                                        | rc_mlx5/mlx5_4:1/path0 |
[1790055267.101318] [local:3442 :0]   |                      8239..inf | multi-frag zero-copy                             | rc_mlx5/mlx5_4:1/path0 |
[1790055267.101318] [local:3442 :0]   +--------------------------------+--------------------------------------------------+------------------------+
[1790055268.494406] [local:3442 :0]   +--------------------------+--------------------------------------------------------------------+
[1790055268.494410] [local:3442 :0]   | ucp_context_0 self cfg#1 | remote memory write by ucp_put* from host memory to cuda/dev[0]    |
[1790055268.494411] [local:3442 :0]   +--------------------------+-------------------+------------------------------------------------+
[1790055268.494432] [local:3442 :0]   |                   0..220 | short             | rc_mlx5/mlx5_4:1/path0                         |
[1790055268.494433] [local:3442 :0]   |                221..1193 | copy-in           | rc_mlx5/mlx5_4:1/path0                         |
[1790055268.494433] [local:3442 :0]   |                1194..inf | zero-copy         | rc_mlx5/mlx5_4:1 50% on path0 and 50% on path1 |
[1790055268.494434] [local:3442 :0]   +--------------------------+-------------------+------------------------------------------------+
[1790055268.494499] [local:3442 :0]   +--------------------------+-------------------------------------------------------------------------------------+
[1790055268.494500] [local:3442 :0]   | ucp_context_0 self cfg#1 | remote memory write by ucp_put*(fast-completion) from host memory to cuda/dev[0]    |
[1790055268.494500] [local:3442 :0]   +--------------------------+------------------------------------+------------------------------------------------+
[1790055268.494501] [local:3442 :0]   |                   0..220 | short                              | rc_mlx5/mlx5_4:1/path0                         |
[1790055268.494501] [local:3442 :0]   |                221..9292 | copy-in                            | rc_mlx5/mlx5_4:1/path0                         |
[1790055268.494502] [local:3442 :0]   |                9293..inf | zero-copy                          | rc_mlx5/mlx5_4:1 50% on path0 and 50% on path1 |
[1790055268.494502] [local:3442 :0]   +--------------------------+------------------------------------+------------------------------------------------+
[1790055268.494575] [local:3442 :0]   +--------------------------+---------------------------------------------------------------------------+
[1790055268.494575] [local:3442 :0]   | ucp_context_0 self cfg#1 | remote memory write by ucp_put*(multi) from host memory to cuda/dev[0]    |
[1790055268.494576] [local:3442 :0]   +--------------------------+--------------------------+------------------------------------------------+
[1790055268.494577] [local:3442 :0]   |                   0..220 | short                    | rc_mlx5/mlx5_4:1/path0                         |
[1790055268.494577] [local:3442 :0]   |                221..1285 | copy-in                  | rc_mlx5/mlx5_4:1/path0                         |
[1790055268.494578] [local:3442 :0]   |                1286..inf | zero-copy                | rc_mlx5/mlx5_4:1 50% on path0 and 50% on path1 |
[1790055268.494578] [local:3442 :0]   +--------------------------+--------------------------+------------------------------------------------+
[1790055287.321859] [local:3442 :1]      ucp_worker.c:1984 UCX  INFO    ucp_context_0 intra-node cfg#2 rma(rc_mlx5/mlx5_4:1)  amo(rc_mlx5/mlx5_4:1)  device(cuda_ipc/cuda rc_gda/cuda0-mlx5_4:1 rc_gda/cuda0-mlx5_4:1)  am(rc_mlx5/mlx5_4:1 rc_mlx5/mlx5_4:1 cuda_ipc/cuda)  ka(ud_mlx5/mlx5_4:1)
[1790055287.322033] [local:3442 :1]   +--------------------------------+-------------------------------------------------------------+
[1790055287.322035] [local:3442 :1]   | ucp_context_0 intra-node cfg#2 | remote memory write by ucp_put* from host memory to host    |
[1790055287.322035] [local:3442 :1]   +--------------------------------+------------+------------------------------------------------+
[1790055287.322036] [local:3442 :1]   |                         0..220 | short      | rc_mlx5/mlx5_4:1/path0                         |
[1790055287.322037] [local:3442 :1]   |                      221..1193 | copy-in    | rc_mlx5/mlx5_4:1/path0                         |
[1790055287.322038] [local:3442 :1]   |                      1194..inf | zero-copy  | rc_mlx5/mlx5_4:1 50% on path0 and 50% on path1 |
[1790055287.322038] [local:3442 :1]   +--------------------------------+------------+------------------------------------------------+
[1790055287.322108] [local:3442 :1]   +--------------------------------+------------------------------------------------------------------------------+
[1790055287.322109] [local:3442 :1]   | ucp_context_0 intra-node cfg#2 | remote memory write by ucp_put*(fast-completion) from host memory to host    |
[1790055287.322125] [local:3442 :1]   +--------------------------------+-----------------------------+------------------------------------------------+
[1790055287.322126] [local:3442 :1]   |                         0..220 | short                       | rc_mlx5/mlx5_4:1/path0                         |
[1790055287.322127] [local:3442 :1]   |                      221..9292 | copy-in                     | rc_mlx5/mlx5_4:1/path0                         |
[1790055287.322127] [local:3442 :1]   |                      9293..inf | zero-copy                   | rc_mlx5/mlx5_4:1 50% on path0 and 50% on path1 |
[1790055287.322128] [local:3442 :1]   +--------------------------------+-----------------------------+------------------------------------------------+
[1790055287.322198] [local:3442 :1]   +--------------------------------+--------------------------------------------------------------------+
[1790055287.322199] [local:3442 :1]   | ucp_context_0 intra-node cfg#2 | remote memory write by ucp_put*(multi) from host memory to host    |
[1790055287.322200] [local:3442 :1]   +--------------------------------+-------------------+------------------------------------------------+
[1790055287.322200] [local:3442 :1]   |                         0..220 | short             | rc_mlx5/mlx5_4:1/path0                         |
[1790055287.322201] [local:3442 :1]   |                      221..1285 | copy-in           | rc_mlx5/mlx5_4:1/path0                         |
[1790055287.322201] [local:3442 :1]   |                      1286..inf | zero-copy         | rc_mlx5/mlx5_4:1 50% on path0 and 50% on path1 |
[1790055287.322202] [local:3442 :1]   +--------------------------------+-------------------+------------------------------------------------+
[1790055287.322661] [local:3442 :1]   +--------------------------------+--------------------------------------------------------------------+
[1790055287.322662] [local:3442 :1]   | ucp_context_0 intra-node cfg#2 | remote memory write by ucp_put* from host memory to cuda/dev[0]    |
[1790055287.322663] [local:3442 :1]   +--------------------------------+-------------------+------------------------------------------------+
[1790055287.322663] [local:3442 :1]   |                         0..220 | short             | rc_mlx5/mlx5_4:1/path0                         |
[1790055287.322664] [local:3442 :1]   |                      221..1193 | copy-in           | rc_mlx5/mlx5_4:1/path0                         |
[1790055287.322664] [local:3442 :1]   |                      1194..inf | zero-copy         | rc_mlx5/mlx5_4:1 50% on path0 and 50% on path1 |
[1790055287.322665] [local:3442 :1]   +--------------------------------+-------------------+------------------------------------------------+
[1790055287.322731] [local:3442 :1]   +--------------------------------+-------------------------------------------------------------------------------------+
[1790055287.322732] [local:3442 :1]   | ucp_context_0 intra-node cfg#2 | remote memory write by ucp_put*(fast-completion) from host memory to cuda/dev[0]    |
[1790055287.322733] [local:3442 :1]   +--------------------------------+------------------------------------+------------------------------------------------+
[1790055287.322733] [local:3442 :1]   |                         0..220 | short                              | rc_mlx5/mlx5_4:1/path0                         |
[1790055287.322734] [local:3442 :1]   |                      221..9292 | copy-in                            | rc_mlx5/mlx5_4:1/path0                         |
[1790055287.322734] [local:3442 :1]   |                      9293..inf | zero-copy                          | rc_mlx5/mlx5_4:1 50% on path0 and 50% on path1 |
[1790055287.322735] [local:3442 :1]   +--------------------------------+------------------------------------+------------------------------------------------+
[1790055287.322808] [local:3442 :1]   +--------------------------------+---------------------------------------------------------------------------+
[1790055287.322814] [local:3442 :1]   | ucp_context_0 intra-node cfg#2 | remote memory write by ucp_put*(multi) from host memory to cuda/dev[0]    |
[1790055287.322814] [local:3442 :1]   +--------------------------------+--------------------------+------------------------------------------------+
[1790055287.322815] [local:3442 :1]   |                         0..220 | short                    | rc_mlx5/mlx5_4:1/path0                         |
[1790055287.322816] [local:3442 :1]   |                      221..1285 | copy-in                  | rc_mlx5/mlx5_4:1/path0                         |
[1790055287.322816] [local:3442 :1]   |                      1286..inf | zero-copy                | rc_mlx5/mlx5_4:1 50% on path0 and 50% on path1 |
[1790055287.322817] [local:3442 :1]   +--------------------------------+--------------------------+------------------------------------------------+
[1790055287.323044] [local:3442 :1]   +--------------------------------+----------------------------------------------------+
[1790055287.323044] [local:3442 :1]   | ucp_context_0 intra-node cfg#2 | active message by ucp_am_send* from host memory    |
[1790055287.323045] [local:3442 :1]   +--------------------------------+---------------------------+------------------------+
[1790055287.323046] [local:3442 :1]   |                         0..226 | short                     | rc_mlx5/mlx5_4:1/path0 |
[1790055287.323046] [local:3442 :1]   |                       227..404 | copy-in                   | rc_mlx5/mlx5_4:1/path0 |
[1790055287.323047] [local:3442 :1]   |                      405..8246 | zero-copy                 | rc_mlx5/mlx5_4:1/path0 |
[1790055287.323047] [local:3442 :1]   |                      8247..inf | multi-frag zero-copy      | rc_mlx5/mlx5_4:1/path0 |
[1790055287.323048] [local:3442 :1]   +--------------------------------+---------------------------+------------------------+
[1790055287.323202] [local:3442 :1]   +--------------------------------+---------------------------------------------------------------------+
[1790055287.323203] [local:3442 :1]   | ucp_context_0 intra-node cfg#2 | active message by ucp_am_send*(fast-completion) from host memory    |
[1790055287.323203] [local:3442 :1]   +--------------------------------+--------------------------------------------+------------------------+
[1790055287.323204] [local:3442 :1]   |                         0..226 | short                                      | rc_mlx5/mlx5_4:1/path0 |
[1790055287.323204] [local:3442 :1]   |                      227..8246 | copy-in                                    | rc_mlx5/mlx5_4:1/path0 |
[1790055287.323205] [local:3442 :1]   |                     8247..9187 | multi-frag copy-in                         | rc_mlx5/mlx5_4:1/path0 |
[1790055287.323206] [local:3442 :1]   |                      9188..inf | multi-frag zero-copy                       | rc_mlx5/mlx5_4:1/path0 |
[1790055287.323206] [local:3442 :1]   +--------------------------------+--------------------------------------------+------------------------+
[1790055287.323748] [local:3442 :1]   +--------------------------------+-----------------------------------------------------------+
[1790055287.323748] [local:3442 :1]   | ucp_context_0 intra-node cfg#2 | active message by ucp_am_send*(multi) from host memory    |
[1790055287.323749] [local:3442 :1]   +--------------------------------+----------------------------------+------------------------+
[1790055287.323750] [local:3442 :1]   |                         0..226 | short                            | rc_mlx5/mlx5_4:1/path0 |
[1790055287.323750] [local:3442 :1]   |                       227..440 | copy-in                          | rc_mlx5/mlx5_4:1/path0 |
[1790055287.323751] [local:3442 :1]   |                      441..8246 | zero-copy                        | rc_mlx5/mlx5_4:1/path0 |
[1790055287.323751] [local:3442 :1]   |                      8247..inf | multi-frag zero-copy             | rc_mlx5/mlx5_4:1/path0 |
[1790055287.323752] [local:3442 :1]   +--------------------------------+----------------------------------+---