[1790055259.743872] [local:3445 :0]     ucp_context.c:2659 UCX  INFO  Version 1.21.0 (loaded from /usr/local/lib/python3.12/dist-packages/nixl_ep_cu13/../nixl_cu13.libs/libucp-bcc5ee2e.so.0.0.0)
[1790055265.231193] [local:3445 :0]   +--------------------------+-------------------------------------------------------------+
[1790055265.231198] [local:3445 :0]   | ucp_context_0 self cfg#0 | remote memory write by ucp_put* from host memory to host    |
[1790055265.231199] [local:3445 :0]   +--------------------------+--------------------------------------------+----------------+
[1790055265.231199] [local:3445 :0]   |            0..4294967295 | short                                      | cuda_copy/cuda |
[1790055265.231200] [local:3445 :0]   +--------------------------+--------------------------------------------+----------------+
[1790055265.231229] [local:3445 :0]   +--------------------------+------------------------------------------------------------------------------+
[1790055265.231230] [local:3445 :0]   | ucp_context_0 self cfg#0 | remote memory write by ucp_put*(fast-completion) from host memory to host    |
[1790055265.231230] [local:3445 :0]   +--------------------------+-------------------------------------------------------------+----------------+
[1790055265.231231] [local:3445 :0]   |            0..4294967295 | short                                                       | cuda_copy/cuda |
[1790055265.231232] [local:3445 :0]   +--------------------------+-------------------------------------------------------------+----------------+
[1790055265.231257] [local:3445 :0]   +--------------------------+--------------------------------------------------------------------+
[1790055265.231258] [local:3445 :0]   | ucp_context_0 self cfg#0 | remote memory write by ucp_put*(multi) from host memory to host    |
[1790055265.231259] [local:3445 :0]   +--------------------------+---------------------------------------------------+----------------+
[1790055265.231260] [local:3445 :0]   |            0..4294967295 | short                                             | cuda_copy/cuda |
[1790055265.231260] [local:3445 :0]   +--------------------------+---------------------------------------------------+----------------+
[1790055265.231311] [local:3445 :0]   +--------------------------+----------------------------------------------------+
[1790055265.231312] [local:3445 :0]   | ucp_context_0 self cfg#0 | active message by ucp_am_send* from host memory    |
[1790055265.231312] [local:3445 :0]   +--------------------------+-------------------------------------------------+--+
[1790055265.231313] [local:3445 :0]   +--------------------------+-------------------------------------------------+--+
[1790055265.231325] [local:3445 :0]   +--------------------------+--------------------------------------------------------------------+
[1790055265.231326] [local:3445 :0]   | ucp_context_0 self cfg#0 | active message by ucp_am_send* with reply flag from host memory    |
[1790055265.231327] [local:3445 :0]   +--------------------------+-----------------------------------------------------------------+--+
[1790055265.231327] [local:3445 :0]   +--------------------------+-----------------------------------------------------------------+--+
[1790055265.231468] [local:3445 :0]          parser.c:2364 UCX  INFO  UCX_* env variables: UCX_PROTO_INFO=y UCX_LOG_LEVEL=info UCX_LOG_FILE=/results/default-a/ucx-prefill.%p.log UCX_RCACHE_MAX_UNRELEASED=1024
[1790055265.625993] [local:3445 :0]   +--------------------------+-------------------------------------------------------------+
[1790055265.625998] [local:3445 :0]   | ucp_context_0 self cfg#0 | remote memory write by ucp_put* from host memory to host    |
[1790055265.626002] [local:3445 :0]   +--------------------------+--------------------------------------------+----------------+
[1790055265.626003] [local:3445 :0]   |            0..4294967295 | short                                      | cuda_copy/cuda |
[1790055265.626004] [local:3445 :0]   +--------------------------+--------------------------------------------+----------------+
[1790055265.626053] [local:3445 :0]   +--------------------------+------------------------------------------------------------------------------+
[1790055265.626053] [local:3445 :0]   | ucp_context_0 self cfg#0 | remote memory write by ucp_put*(fast-completion) from host memory to host    |
[1790055265.626054] [local:3445 :0]   +--------------------------+-------------------------------------------------------------+----------------+
[1790055265.626055] [local:3445 :0]   |            0..4294967295 | short                                                       | cuda_copy/cuda |
[1790055265.626055] [local:3445 :0]   +--------------------------+-------------------------------------------------------------+----------------+
[1790055265.626081] [local:3445 :0]   +--------------------------+--------------------------------------------------------------------+
[1790055265.626082] [local:3445 :0]   | ucp_context_0 self cfg#0 | remote memory write by ucp_put*(multi) from host memory to host    |
[1790055265.626082] [local:3445 :0]   +--------------------------+---------------------------------------------------+----------------+
[1790055265.626083] [local:3445 :0]   |            0..4294967295 | short                                             | cuda_copy/cuda |
[1790055265.626083] [local:3445 :0]   +--------------------------+---------------------------------------------------+----------------+
[1790055265.626123] [local:3445 :0]   +--------------------------+----------------------------------------------------+
[1790055265.626123] [local:3445 :0]   | ucp_context_0 self cfg#0 | active message by ucp_am_send* from host memory    |
[1790055265.626124] [local:3445 :0]   +--------------------------+-------------------------------------------------+--+
[1790055265.626125] [local:3445 :0]   +--------------------------+-------------------------------------------------+--+
[1790055265.626136] [local:3445 :0]   +--------------------------+--------------------------------------------------------------------+
[1790055265.626136] [local:3445 :0]   | ucp_context_0 self cfg#0 | active message by ucp_am_send* with reply flag from host memory    |
[1790055265.626137] [local:3445 :0]   +--------------------------+-----------------------------------------------------------------+--+
[1790055265.626137] [local:3445 :0]   +--------------------------+-----------------------------------------------------------------+--+
[1790055266.059999] [local:3445 :0]   +--------------------------+-------------------------------------------------------------+
[1790055266.060004] [local:3445 :0]   | ucp_context_0 self cfg#0 | remote memory write by ucp_put* from host memory to host    |
[1790055266.060005] [local:3445 :0]   +--------------------------+--------------------------------------------+----------------+
[1790055266.060005] [local:3445 :0]   |            0..4294967295 | short                                      | cuda_copy/cuda |
[1790055266.060006] [local:3445 :0]   +--------------------------+--------------------------------------------+----------------+
[1790055266.060035] [local:3445 :0]   +--------------------------+------------------------------------------------------------------------------+
[1790055266.060035] [local:3445 :0]   | ucp_context_0 self cfg#0 | remote memory write by ucp_put*(fast-completion) from host memory to host    |
[1790055266.060036] [local:3445 :0]   +--------------------------+-------------------------------------------------------------+----------------+
[1790055266.060037] [local:3445 :0]   |            0..4294967295 | short                                                       | cuda_copy/cuda |
[1790055266.060038] [local:3445 :0]   +--------------------------+-------------------------------------------------------------+----------------+
[1790055266.060064] [local:3445 :0]   +--------------------------+--------------------------------------------------------------------+
[1790055266.060065] [local:3445 :0]   | ucp_context_0 self cfg#0 | remote memory write by ucp_put*(multi) from host memory to host    |
[1790055266.060089] [local:3445 :0]   +--------------------------+---------------------------------------------------+----------------+
[1790055266.060090] [local:3445 :0]   |            0..4294967295 | short                                             | cuda_copy/cuda |
[1790055266.060091] [local:3445 :0]   +--------------------------+---------------------------------------------------+----------------+
[1790055266.060130] [local:3445 :0]   +--------------------------+----------------------------------------------------+
[1790055266.060131] [local:3445 :0]   | ucp_context_0 self cfg#0 | active message by ucp_am_send* from host memory    |
[1790055266.060132] [local:3445 :0]   +--------------------------+-------------------------------------------------+--+
[1790055266.060132] [local:3445 :0]   +--------------------------+-------------------------------------------------+--+
[1790055266.060144] [local:3445 :0]   +--------------------------+--------------------------------------------------------------------+
[1790055266.060144] [local:3445 :0]   | ucp_context_0 self cfg#0 | active message by ucp_am_send* with reply flag from host memory    |
[1790055266.060145] [local:3445 :0]   +--------------------------+-----------------------------------------------------------------+--+
[1790055266.060145] [local:3445 :0]   +--------------------------+-----------------------------------------------------------------+--+
[1790055266.447502] [local:3445 :0]   +--------------------------+-------------------------------------------------------------+
[1790055266.447506] [local:3445 :0]   | ucp_context_0 self cfg#0 | remote memory write by ucp_put* from host memory to host    |
[1790055266.447507] [local:3445 :0]   +--------------------------+--------------------------------------------+----------------+
[1790055266.447508] [local:3445 :0]   |            0..4294967295 | short                                      | cuda_copy/cuda |
[1790055266.447509] [local:3445 :0]   +--------------------------+--------------------------------------------+----------------+
[1790055266.447540] [local:3445 :0]   +--------------------------+------------------------------------------------------------------------------+
[1790055266.447540] [local:3445 :0]   | ucp_context_0 self cfg#0 | remote memory write by ucp_put*(fast-completion) from host memory to host    |
[1790055266.447541] [local:3445 :0]   +--------------------------+-------------------------------------------------------------+----------------+
[1790055266.447542] [local:3445 :0]   |            0..4294967295 | short                                                       | cuda_copy/cuda |
[1790055266.447542] [local:3445 :0]   +--------------------------+-------------------------------------------------------------+----------------+
[1790055266.447572] [local:3445 :0]   +--------------------------+--------------------------------------------------------------------+
[1790055266.447573] [local:3445 :0]   | ucp_context_0 self cfg#0 | remote memory write by ucp_put*(multi) from host memory to host    |
[1790055266.447573] [local:3445 :0]   +--------------------------+---------------------------------------------------+----------------+
[1790055266.447574] [local:3445 :0]   |            0..4294967295 | short                                             | cuda_copy/cuda |
[1790055266.447574] [local:3445 :0]   +--------------------------+---------------------------------------------------+----------------+
[1790055266.447620] [local:3445 :0]   +--------------------------+----------------------------------------------------+
[1790055266.447621] [local:3445 :0]   | ucp_context_0 self cfg#0 | active message by ucp_am_send* from host memory    |
[1790055266.447621] [local:3445 :0]   +--------------------------+-------------------------------------------------+--+
[1790055266.447622] [local:3445 :0]   +--------------------------+-------------------------------------------------+--+
[1790055266.447633] [local:3445 :0]   +--------------------------+--------------------------------------------------------------------+
[1790055266.447648] [local:3445 :0]   | ucp_context_0 self cfg#0 | active message by ucp_am_send* with reply flag from host memory    |
[1790055266.447648] [local:3445 :0]   +--------------------------+-----------------------------------------------------------------+--+
[1790055266.447649] [local:3445 :0]   +--------------------------+-----------------------------------------------------------------+--+
[1790055266.801613] [local:3445 :0]   +--------------------------+-------------------------------------------------------------+
[1790055266.801617] [local:3445 :0]   | ucp_context_0 self cfg#0 | remote memory write by ucp_put* from host memory to host    |
[1790055266.801618] [local:3445 :0]   +--------------------------+--------------------------------------------+----------------+
[1790055266.801619] [local:3445 :0]   |            0..4294967295 | short                                      | cuda_copy/cuda |
[1790055266.801619] [local:3445 :0]   +--------------------------+--------------------------------------------+----------------+
[1790055266.801648] [local:3445 :0]   +--------------------------+------------------------------------------------------------------------------+
[1790055266.801648] [local:3445 :0]   | ucp_context_0 self cfg#0 | remote memory write by ucp_put*(fast-completion) from host memory to host    |
[1790055266.801649] [local:3445 :0]   +--------------------------+-------------------------------------------------------------+----------------+
[1790055266.801650] [local:3445 :0]   |            0..4294967295 | short                                                       | cuda_copy/cuda |
[1790055266.801651] [local:3445 :0]   +--------------------------+-------------------------------------------------------------+----------------+
[1790055266.801676] [local:3445 :0]   +--------------------------+--------------------------------------------------------------------+
[1790055266.801676] [local:3445 :0]   | ucp_context_0 self cfg#0 | remote memory write by ucp_put*(multi) from host memory to host    |
[1790055266.801677] [local:3445 :0]   +--------------------------+---------------------------------------------------+----------------+
[1790055266.801677] [local:3445 :0]   |            0..4294967295 | short                                             | cuda_copy/cuda |
[1790055266.801678] [local:3445 :0]   +--------------------------+---------------------------------------------------+----------------+
[1790055266.801715] [local:3445 :0]   +--------------------------+----------------------------------------------------+
[1790055266.801715] [local:3445 :0]   | ucp_context_0 self cfg#0 | active message by ucp_am_send* from host memory    |
[1790055266.801716] [local:3445 :0]   +--------------------------+-------------------------------------------------+--+
[1790055266.801717] [local:3445 :0]   +--------------------------+-------------------------------------------------+--+
[1790055266.801727] [local:3445 :0]   +--------------------------+--------------------------------------------------------------------+
[1790055266.801728] [local:3445 :0]   | ucp_context_0 self cfg#0 | active message by ucp_am_send* with reply flag from host memory    |
[1790055266.801728] [local:3445 :0]   +--------------------------+-----------------------------------------------------------------+--+
[1790055266.801729] [local:3445 :0]   +--------------------------+-----------------------------------------------------------------+--+
[1790055266.803696] [local:3445 :0]      ucp_worker.c:1984 UCX  INFO    ucp_context_0 self cfg#1 rma(rc_mlx5/mlx5_7:1)  amo(rc_mlx5/mlx5_7:1)  device(cuda_ipc/cuda rc_gda/cuda3-mlx5_7:1 rc_gda/cuda3-mlx5_7:1)  am(rc_mlx5/mlx5_7:1 rc_mlx5/mlx5_7:1 cuda_ipc/cuda)  ka(ud_mlx5/mlx5_7:1)
[1790055266.811039] [local:3445 :0]   +--------------------------+-------------------------------------------------------------+
[1790055266.811043] [local:3445 :0]   | ucp_context_0 self cfg#1 | remote memory write by ucp_put* from host memory to host    |
[1790055266.811043] [local:3445 :0]   +--------------------------+------------+------------------------------------------------+
[1790055266.811066] [local:3445 :0]   |                   0..220 | short      | rc_mlx5/mlx5_7:1/path0                         |
[1790055266.811067] [local:3445 :0]   |                221..1193 | copy-in    | rc_mlx5/mlx5_7:1/path0                         |
[1790055266.811067] [local:3445 :0]   |                1194..inf | zero-copy  | rc_mlx5/mlx5_7:1 50% on path0 and 50% on path1 |
[1790055266.811068] [local:3445 :0]   +--------------------------+------------+------------------------------------------------+
[1790055266.811183] [local:3445 :0]   +--------------------------+------------------------------------------------------------------------------+
[1790055266.811184] [local:3445 :0]   | ucp_context_0 self cfg#1 | remote memory write by ucp_put*(fast-completion) from host memory to host    |
[1790055266.811184] [local:3445 :0]   +--------------------------+-----------------------------+------------------------------------------------+
[1790055266.811185] [local:3445 :0]   |                   0..220 | short                       | rc_mlx5/mlx5_7:1/path0                         |
[1790055266.811185] [local:3445 :0]   |                221..9292 | copy-in                     | rc_mlx5/mlx5_7:1/path0                         |
[1790055266.811186] [local:3445 :0]   |                9293..inf | zero-copy                   | rc_mlx5/mlx5_7:1 50% on path0 and 50% on path1 |
[1790055266.811186] [local:3445 :0]   +--------------------------+-----------------------------+------------------------------------------------+
[1790055266.811293] [local:3445 :0]   +--------------------------+--------------------------------------------------------------------+
[1790055266.811294] [local:3445 :0]   | ucp_context_0 self cfg#1 | remote memory write by ucp_put*(multi) from host memory to host    |
[1790055266.811295] [local:3445 :0]   +--------------------------+-------------------+------------------------------------------------+
[1790055266.811295] [local:3445 :0]   |                   0..220 | short             | rc_mlx5/mlx5_7:1/path0                         |
[1790055266.811296] [local:3445 :0]   |                221..1285 | copy-in           | rc_mlx5/mlx5_7:1/path0                         |
[1790055266.811296] [local:3445 :0]   |                1286..inf | zero-copy         | rc_mlx5/mlx5_7:1 50% on path0 and 50% on path1 |
[1790055266.811297] [local:3445 :0]   +--------------------------+-------------------+------------------------------------------------+
[1790055266.819515] [local:3445 :0]   +--------------------------+--------------------------------------------------------------------+
[1790055266.819518] [local:3445 :0]   | ucp_context_0 self cfg#1 | remote memory write by ucp_put* from host memory to cuda/dev[3]    |
[1790055266.819519] [local:3445 :0]   +--------------------------+-------------------+------------------------------------------------+
[1790055266.819520] [local:3445 :0]   |                   0..220 | short             | rc_mlx5/mlx5_7:1/path0                         |
[1790055266.819520] [local:3445 :0]   |                221..1193 | copy-in           | rc_mlx5/mlx5_7:1/path0                         |
[1790055266.819521] [local:3445 :0]   |                1194..inf | zero-copy         | rc_mlx5/mlx5_7:1 50% on path0 and 50% on path1 |
[1790055266.819521] [local:3445 :0]   +--------------------------+-------------------+------------------------------------------------+
[1790055266.819602] [local:3445 :0]   +--------------------------+-------------------------------------------------------------------------------------+
[1790055266.819603] [local:3445 :0]   | ucp_context_0 self cfg#1 | remote memory write by ucp_put*(fast-completion) from host memory to cuda/dev[3]    |
[1790055266.819604] [local:3445 :0]   +--------------------------+------------------------------------+------------------------------------------------+
[1790055266.819604] [local:3445 :0]   |                   0..220 | short                              | rc_mlx5/mlx5_7:1/path0                         |
[1790055266.819618] [local:3445 :0]   |                221..9292 | copy-in                            | rc_mlx5/mlx5_7:1/path0                         |
[1790055266.819618] [local:3445 :0]   |                9293..inf | zero-copy                          | rc_mlx5/mlx5_7:1 50% on path0 and 50% on path1 |
[1790055266.819619] [local:3445 :0]   +--------------------------+------------------------------------+------------------------------------------------+
[1790055266.819703] [local:3445 :0]   +--------------------------+---------------------------------------------------------------------------+
[1790055266.819704] [local:3445 :0]   | ucp_context_0 self cfg#1 | remote memory write by ucp_put*(multi) from host memory to cuda/dev[3]    |
[1790055266.819704] [local:3445 :0]   +--------------------------+--------------------------+------------------------------------------------+
[1790055266.819705] [local:3445 :0]   |                   0..220 | short                    | rc_mlx5/mlx5_7:1/path0                         |
[1790055266.819705] [local:3445 :0]   |                221..1285 | copy-in                  | rc_mlx5/mlx5_7:1/path0                         |
[1790055266.819706] [local:3445 :0]   |                1286..inf | zero-copy                | rc_mlx5/mlx5_7:1 50% on path0 and 50% on path1 |
[1790055266.819706] [local:3445 :0]   +--------------------------+--------------------------+------------------------------------------------+
[1790055266.819960] [local:3445 :0]   +--------------------------+----------------------------------------------------+
[1790055266.819961] [local:3445 :0]   | ucp_context_0 self cfg#1 | active message by ucp_am_send* from host memory    |
[1790055266.819962] [local:3445 :0]   +--------------------------+---------------------------+------------------------+
[1790055266.819962] [local:3445 :0]   |                   0..226 | short                     | rc_mlx5/mlx5_7:1/path0 |
[1790055266.819963] [local:3445 :0]   |                 227..404 | copy-in                   | rc_mlx5/mlx5_7:1/path0 |
[1790055266.819963] [local:3445 :0]   |                405..8246 | zero-copy                 | rc_mlx5/mlx5_7:1/path0 |
[1790055266.819964] [local:3445 :0]   |                8247..inf | multi-frag zero-copy      | rc_mlx5/mlx5_7:1/path0 |
[1790055266.819964] [local:3445 :0]   +--------------------------+---------------------------+------------------------+
[1790055266.820139] [local:3445 :0]   +--------------------------+---------------------------------------------------------------------+
[1790055266.820140] [local:3445 :0]   | ucp_context_0 self cfg#1 | active message by ucp_am_send*(fast-completion) from host memory    |
[1790055266.820140] [local:3445 :0]   +--------------------------+--------------------------------------------+------------------------+
[1790055266.820141] [local:3445 :0]   |                   0..226 | short                                      | rc_mlx5/mlx5_7:1/path0 |
[1790055266.820141] [local:3445 :0]   |                227..8246 | copy-in                                    | rc_mlx5/mlx5_7:1/path0 |
[1790055266.820142] [local:3445 :0]   |               8247..9187 | multi-frag copy-in                         | rc_mlx5/mlx5_7:1/path0 |
[1790055266.820142] [local:3445 :0]   |                9188..inf | multi-frag zero-copy                       | rc_mlx5/mlx5_7:1/path0 |
[1790055266.820143] [local:3445 :0]   +--------------------------+--------------------------------------------+------------------------+
[1790055266.820704] [local:3445 :0]   +--------------------------+-----------------------------------------------------------+
[1790055266.820706] [local:3445 :0]   | ucp_context_0 self cfg#1 | active message by ucp_am_send*(multi) from host memory    |
[1790055266.820706] [local:3445 :0]   +--------------------------+----------------------------------+------------------------+
[1790055266.820707] [local:3445 :0]   |                   0..226 | short                            | rc_mlx5/mlx5_7:1/path0 |
[1790055266.820707] [local:3445 :0]   |                 227..440 | copy-in                          | rc_mlx5/mlx5_7:1/path0 |
[1790055266.820712] [local:3445 :0]   |                441..8246 | zero-copy                        | rc_mlx5/mlx5_7:1/path0 |
[1790055266.820713] [local:3445 :0]   |                8247..inf | multi-frag zero-copy             | rc_mlx5/mlx5_7:1/path0 |
[1790055266.820714] [local:3445 :0]   +--------------------------+----------------------------------+------------------------+
[1790055266.820892] [local:3445 :0]   +--------------------------+--------------------------------------------------------------------+
[1790055266.820893] [local:3445 :0]   | ucp_context_0 self cfg#1 | active message by ucp_am_send* with reply flag from host memory    |
[1790055266.820894] [local:3445 :0]   +--------------------------+-------------------------------------------+------------------------+
[1790055266.820894] [local:3445 :0]   |                   0..218 | short                                     | rc_mlx5/mlx5_7:1/path0 |
[1790055266.820895] [local:3445 :0]   |                 219..404 | copy-in                                   | rc_mlx5/mlx5_7:1/path0 |
[1790055266.820895] [local:3445 :0]   |                405..8238 | zero-copy                                 | rc_mlx5/mlx5_7:1/path0 |
[1790055266.820896] [local:3445 :0]   |                8239..inf | multi-frag zero-copy                      | rc_mlx5/mlx5_7:1/path0 |
[1790055266.820896] [local:3445 :0]   +--------------------------+-------------------------------------------+------------------------+
[1790055266.821055] [local:3445 :0]   +--------------------------+-------------------------------------------------------------------------------------+
[1790055266.821055] [local:3445 :0]   | ucp_context_0 self cfg#1 | active message by ucp_am_send* with reply flag(fast-completion) from host memory    |
[1790055266.821056] [local:3445 :0]   +--------------------------+------------------------------------------------------------+------------------------+
[1790055266.821056] [local:3445 :0]   |                   0..218 | short                                                      | rc_mlx5/mlx5_7:1/path0 |
[1790055266.821057] [local:3445 :0]   |                219..8238 | copy-in                                                    | rc_mlx5/mlx5_7:1/path0 |
[1790055266.821057] [local:3445 :0]   |               8239..9187 | multi-frag copy-in                                         | rc_mlx5/mlx5_7:1/path0 |
[1790055266.821058] [local:3445 :0]   |                9188..inf | multi-frag zero-copy                                       | rc_mlx5/mlx5_7:1/path0 |
[1790055266.821058] [local:3445 :0]   +--------------------------+------------------------------------------------------------+------------------------+
[1790055266.821224] [local:3445 :0]   +--------------------------+---------------------------------------------------------------------------+
[1790055266.821225] [local:3445 :0]   | ucp_context_0 self cfg#1 | active message by ucp_am_send* with reply flag(multi) from host memory    |
[1790055266.821225] [local:3445 :0]   +--------------------------+--------------------------------------------------+------------------------+
[1790055266.821226] [local:3445 :0]   |                   0..218 | short                                            | rc_mlx5/mlx5_7:1/path0 |
[1790055266.821226] [local:3445 :0]   |                 219..440 | copy-in                                          | rc_mlx5/mlx5_7:1/path0 |
[1790055266.821227] [local:3445 :0]   |                441..8238 | zero-copy                                        | rc_mlx5/mlx5_7:1/path0 |
[1790055266.821228] [local:3445 :0]   |                8239..inf | multi-frag zero-copy                             | rc_mlx5/mlx5_7:1/path0 |
[1790055266.821228] [local:3445 :0]   +--------------------------+--------------------------------------------------+------------------------+
[1790055266.890972] [local:3445 :0]      ucp_worker.c:1984 UCX  INFO    ucp_context_0 intra-node cfg#1 rma(rc_mlx5/mlx5_7:1)  amo(rc_mlx5/mlx5_7:1)  device(cuda_ipc/cuda rc_gda/cuda3-mlx5_7:1 rc_gda/cuda3-mlx5_7:1)  am(rc_mlx5/mlx5_7:1 rc_mlx5/mlx5_7:1 cuda_ipc/cuda)  ka(ud_mlx5/mlx5_7:1)
[1790055266.902120] [local:3445 :0]   +--------------------------------+-------------------------------------------------------------+
[1790055266.902124] [local:3445 :0]   | ucp_context_0 intra-node cfg#1 | remote memory write by ucp_put* from host memory to host    |
[1790055266.902125] [local:3445 :0]   +--------------------------------+------------+------------------------------------------------+
[1790055266.902125] [local:3445 :0]   |                         0..220 | short      | rc_mlx5/mlx5_7:1/path0                         |
[1790055266.902126] [local:3445 :0]   |                      221..1193 | copy-in    | rc_mlx5/mlx5_7:1/path0                         |
[1790055266.902127] [local:3445 :0]   |                      1194..inf | zero-copy  | rc_mlx5/mlx5_7:1 50% on path0 and 50% on path1 |
[1790055266.902127] [local:3445 :0]   +--------------------------------+------------+------------------------------------------------+
[1790055266.902223] [local:3445 :0]   +--------------------------------+------------------------------------------------------------------------------+
[1790055266.902224] [local:3445 :0]   | ucp_context_0 intra-node cfg#1 | remote memory write by ucp_put*(fast-completion) from host memory to host    |
[1790055266.902225] [local:3445 :0]   +--------------------------------+-----------------------------+------------------------------------------------+
[1790055266.902225] [local:3445 :0]   |                         0..220 | short                       | rc_mlx5/mlx5_7:1/path0                         |
[1790055266.902226] [local:3445 :0]   |                      221..9292 | copy-in                     | rc_mlx5/mlx5_7:1/path0                         |
[1790055266.902227] [local:3445 :0]   |                      9293..inf | zero-copy                   | rc_mlx5/mlx5_7:1 50% on path0 and 50% on path1 |
[1790055266.902227] [local:3445 :0]   +--------------------------------+-----------------------------+------------------------------------------------+
[1790055266.902314] [local:3445 :0]   +--------------------------------+--------------------------------------------------------------------+
[1790055266.902314] [local:3445 :0]   | ucp_context_0 intra-node cfg#1 | remote memory write by ucp_put*(multi) from host memory to host    |
[1790055266.902315] [local:3445 :0]   +--------------------------------+-------------------+------------------------------------------------+
[1790055266.902315] [local:3445 :0]   |                         0..220 | short             | rc_mlx5/mlx5_7:1/path0                         |
[1790055266.902316] [local:3445 :0]   |                      221..1285 | copy-in           | rc_mlx5/mlx5_7:1/path0                         |
[1790055266.902316] [local:3445 :0]   |                      1286..inf | zero-copy         | rc_mlx5/mlx5_7:1 50% on path0 and 50% on path1 |
[1790055266.902317] [local:3445 :0]   +--------------------------------+-------------------+------------------------------------------------+
[1790055266.902590] [local:3445 :0]   +--------------------------------+--------------------------------------------------------------------+
[1790055266.902590] [local:3445 :0]   | ucp_context_0 intra-node cfg#1 | remote memory write by ucp_put* from host memory to cuda/dev[3]    |
[1790055266.902591] [local:3445 :0]   +--------------------------------+-------------------+------------------------------------------------+
[1790055266.902591] [local:3445 :0]   |                         0..220 | short             | rc_mlx5/mlx5_7:1/path0                         |
[1790055266.902592] [local:3445 :0]   |                      221..1193 | copy-in           | rc_mlx5/mlx5_7:1/path0                         |
[1790055266.902592] [local:3445 :0]   |                      1194..inf | zero-copy         | rc_mlx5/mlx5_7:1 50% on path0 and 50% on path1 |
[1790055266.902593] [local:3445 :0]   +--------------------------------+-------------------+------------------------------------------------+
[1790055266.902677] [local:3445 :0]   +--------------------------------+-------------------------------------------------------------------------------------+
[1790055266.902678] [local:3445 :0]   | ucp_context_0 intra-node cfg#1 | remote memory write by ucp_put*(fast-completion) from host memory to cuda/dev[3]    |
[1790055266.902678] [local:3445 :0]   +--------------------------------+------------------------------------+------------------------------------------------+
[1790055266.902679] [local:3445 :0]   |                         0..220 | short                              | rc_mlx5/mlx5_7:1/path0                         |
[1790055266.902679] [local:3445 :0]   |                      221..9292 | copy-in                            | rc_mlx5/mlx5_7:1/path0                         |
[1790055266.902680] [local:3445 :0]   |                      9293..inf | zero-copy                          | rc_mlx5/mlx5_7:1 50% on path0 and 50% on path1 |
[1790055266.902680] [local:3445 :0]   +--------------------------------+------------------------------------+------------------------------------------------+
[1790055266.902754] [local:3445 :0]   +--------------------------------+---------------------------------------------------------------------------+
[1790055266.902754] [local:3445 :0]   | ucp_context_0 intra-node cfg#1 | remote memory write by ucp_put*(multi) from host memory to cuda/dev[3]    |
[1790055266.902755] [local:3445 :0]   +--------------------------------+--------------------------+------------------------------------------------+
[1790055266.902755] [local:3445 :0]   |                         0..220 | short                    | rc_mlx5/mlx5_7:1/path0                         |
[1790055266.902756] [local:3445 :0]   |                      221..1285 | copy-in                  | rc_mlx5/mlx5_7:1/path0                         |
[1790055266.902756] [local:3445 :0]   |                      1286..inf | zero-copy                | rc_mlx5/mlx5_7:1 50% on path0 and 50% on path1 |
[1790055266.902757] [local:3445 :0]   +--------------------------------+--------------------------+------------------------------------------------+
[1790055266.902983] [local:3445 :0]   +--------------------------------+----------------------------------------------------+
[1790055266.902984] [local:3445 :0]   | ucp_context_0 intra-node cfg#1 | active message by ucp_am_send* from host memory    |
[1790055266.902984] [local:3445 :0]   +--------------------------------+---------------------------+------------------------+
[1790055266.902985] [local:3445 :0]   |                         0..226 | short                     | rc_mlx5/mlx5_7:1/path0 |
[1790055266.902985] [local:3445 :0]   |                       227..404 | copy-in                   | rc_mlx5/mlx5_7:1/path0 |
[1790055266.902986] [local:3445 :0]   |                      405..8246 | zero-copy                 | rc_mlx5/mlx5_7:1/path0 |
[1790055266.902986] [local:3445 :0]   |                      8247..inf | multi-frag zero-copy      | rc_mlx5/mlx5_7:1/path0 |
[1790055266.902987] [local:3445 :0]   +--------------------------------+---------------------------+------------------------+
[1790055266.903143] [local:3445 :0]   +--------------------------------+---------------------------------------------------------------------+
[1790055266.903143] [local:3445 :0]   | ucp_context_0 intra-node cfg#1 | active message by ucp_am_send*(fast-completion) from host memory    |
[1790055266.903144] [local:3445 :0]   +--------------------------------+--------------------------------------------+------------------------+
[1790055266.903144] [local:3445 :0]   |                         0..226 | short                                      | rc_mlx5/mlx5_7:1/path0 |
[1790055266.903145] [local:3445 :0]   |                      227..8246 | copy-in                                    | rc_mlx5/mlx5_7:1/path0 |
[1790055266.903145] [local:3445 :0]   |                     8247..9187 | multi-frag copy-in                         | rc_mlx5/mlx5_7:1/path0 |
[1790055266.903146] [local:3445 :0]   |                      9188..inf | multi-frag zero-copy                       | rc_mlx5/mlx5_7:1/path0 |
[1790055266.903149] [local:3445 :0]   +--------------------------------+--------------------------------------------+------------------------+
[1790055266.903673] [local:3445 :0]   +--------------------------------+-----------------------------------------------------------+
[1790055266.903674] [local:3445 :0]   | ucp_context_0 intra-node cfg#1 | active message by ucp_am_send*(multi) from host memory    |
[1790055266.903675] [local:3445 :0]   +--------------------------------+----------------------------------+------------------------+
[1790055266.903675] [local:3445 :0]   |                         0..226 | short                            | rc_mlx5/mlx5_7:1/path0 |
[1790055266.903676] [local:3445 :0]   |                       227..440 | copy-in                          | rc_mlx5/mlx5_7:1/path0 |
[1790055266.903676] [local:3445 :0]   |                      441..8246 | zero-copy                        | rc_mlx5/mlx5_7:1/path0 |
[1790055266.903677] [local:3445 :0]   |                      8247..inf | multi-frag zero-copy             | rc_mlx5/mlx5_7:1/path0 |
[1790055266.903677] [local:3445 :0]   +--------------------------------+----------------------------------+------------------------+
[1790055266.903832] [local:3445 :0]   +--------------------------------+--------------------------------------------------------------------+
[1790055266.903832] [local:3445 :0]   | ucp_context_0 intra-node cfg#1 | active message by ucp_am_send* with reply flag from host memory    |
[1790055266.903833] [local:3445 :0]   +--------------------------------+-------------------------------------------+------------------------+
[1790055266.903833] [local:3445 :0]   |                         0..218 | short                                     | rc_mlx5/mlx5_7:1/path0 |
[1790055266.903834] [local:3445 :0]   |                       219..404 | copy-in                                   | rc_mlx5/mlx5_7:1/path0 |
[1790055266.903834] [local:3445 :0]   |                      405..8238 | zero-copy                                 | rc_mlx5/mlx5_7:1/path0 |
[1790055266.903835] [local:3445 :0]   |                      8239..inf | multi-frag zero-copy                      | rc_mlx5/mlx5_7:1/path0 |
[1790055266.903835] [local:3445 :0]   +--------------------------------+-------------------------------------------+------------------------+
[1790055266.903974] [local:3445 :0]   +--------------------------------+-------------------------------------------------------------------------------------+
[1790055266.903975] [local:3445 :0]   | ucp_context_0 intra-node cfg#1 | active message by ucp_am_send* with reply flag(fast-completion) from host memory    |
[1790055266.903975] [local:3445 :0]   +--------------------------------+------------------------------------------------------------+------------------------+
[1790055266.903976] [local:3445 :0]   |                         0..218 | short                                                      | rc_mlx5/mlx5_7:1/path0 |
[1790055266.903977] [local:3445 :0]   |                      219..8238 | copy-in                                                    | rc_mlx5/mlx5_7:1/path0 |
[1790055266.903977] [local:3445 :0]   |                     8239..9187 | multi-frag copy-in                                         | rc_mlx5/mlx5_7:1/path0 |
[1790055266.903978] [local:3445 :0]   |                      9188..inf | multi-frag zero-copy                                       | rc_mlx5/mlx5_7:1/path0 |
[1790055266.903978] [local:3445 :0]   +--------------------------------+------------------------------------------------------------+------------------------+
[1790055266.904135] [local:3445 :0]   +--------------------------------+---------------------------------------------------------------------------+
[1790055266.904135] [local:3445 :0]   | ucp_context_0 intra-node cfg#1 | active message by ucp_am_send* with reply flag(multi) from host memory    |
[1790055266.904136] [local:3445 :0]   +--------------------------------+--------------------------------------------------+------------------------+
[1790055266.904140] [local:3445 :0]   |                         0..218 | short                                            | rc_mlx5/mlx5_7:1/path0 |
[1790055266.904141] [local:3445 :0]   |                       219..440 | copy-in                                          | rc_mlx5/mlx5_7:1/path0 |
[1790055266.904141] [local:3445 :0]   |                      441..8238 | zero-copy                                        | rc_mlx5/mlx5_7:1/path0 |
[1790055266.904142] [local:3445 :0]   |                      8239..inf | multi-frag zero-copy                             | rc_mlx5/mlx5_7:1/path0 |
[1790055266.904142] [local:3445 :0]   +--------------------------------+--------------------------------------------------+------------------------+
[1790055266.974803] [local:3445 :0]      ucp_worker.c:1984 UCX  INFO    ucp_context_0 intra-node cfg#1 rma(rc_mlx5/mlx5_7:1)  amo(rc_mlx5/mlx5_7:1)  device(cuda_ipc/cuda rc_gda/cuda3-mlx5_7:1 rc_gda/cuda3-mlx5_7:1)  am(rc_mlx5/mlx5_7:1 rc_mlx5/mlx5_7:1 cuda_ipc/cuda)  ka(ud_mlx5/mlx5_7:1)
[1790055266.986406] [local:3445 :0]   +--------------------------------+-------------------------------------------------------------+
[1790055266.986409] [local:3445 :0]   | ucp_context_0 intra-node cfg#1 | remote memory write by ucp_put* from host memory to host    |
[1790055266.986410] [local:3445 :0]   +--------------------------------+------------+------------------------------------------------+
[1790055266.986411] [local:3445 :0]   |                         0..220 | short      | rc_mlx5/mlx5_7:1/path0                         |
[1790055266.986411] [local:3445 :0]   |                      221..1193 | copy-in    | rc_mlx5/mlx5_7:1/path0                         |
[1790055266.986412] [local:3445 :0]   |                      1194..inf | zero-copy  | rc_mlx5/mlx5_7:1 50% on path0 and 50% on path1 |
[1790055266.986413] [local:3445 :0]   +--------------------------------+------------+------------------------------------------------+
[1790055266.986506] [local:3445 :0]   +--------------------------------+------------------------------------------------------------------------------+
[1790055266.986507] [local:3445 :0]   | ucp_context_0 intra-node cfg#1 | remote memory write by ucp_put*(fast-completion) from host memory to host    |
[1790055266.986508] [local:3445 :0]   +--------------------------------+-----------------------------+------------------------------------------------+
[1790055266.986509] [local:3445 :0]   |                         0..220 | short                       | rc_mlx5/mlx5_7:1/path0                         |
[1790055266.986509] [local:3445 :0]   |                      221..9292 | copy-in                     | rc_mlx5/mlx5_7:1/path0                         |
[1790055266.986510] [local:3445 :0]   |                      9293..inf | zero-copy                   | rc_mlx5/mlx5_7:1 50% on path0 and 50% on path1 |
[1790055266.986510] [local:3445 :0]   +--------------------------------+-----------------------------+------------------------------------------------+
[1790055266.986582] [local:3445 :0]   +--------------------------------+--------------------------------------------------------------------+
[1790055266.986582] [local:3445 :0]   | ucp_context_0 intra-node cfg#1 | remote memory write by ucp_put*(multi) from host memory to host    |
[1790055266.986583] [local:3445 :0]   +--------------------------------+-------------------+------------------------------------------------+
[1790055266.986583] [local:3445 :0]   |                         0..220 | short             | rc_mlx5/mlx5_7:1/path0                         |
[1790055266.986584] [local:3445 :0]   |                      221..1285 | copy-in           | rc_mlx5/mlx5_7:1/path0                         |
[1790055266.986584] [local:3445 :0]   |                      1286..inf | zero-copy         | rc_mlx5/mlx5_7:1 50% on path0 and 50% on path1 |
[1790055266.986585] [local:3445 :0]   +--------------------------------+-------------------+------------------------------------------------+
[1790055266.986866] [local:3445 :0]   +--------------------------------+--------------------------------------------------------------------+
[1790055266.986867] [local:3445 :0]   | ucp_context_0 intra-node cfg#1 | remote memory write by ucp_put* from host memory to cuda/dev[3]    |
[1790055266.986868] [local:3445 :0]   +--------------------------------+-------------------+------------------------------------------------+
[1790055266.986868] [local:3445 :0]   |                         0..220 | short             | rc_mlx5/mlx5_7:1/path0                         |
[1790055266.986869] [local:3445 :0]   |                      221..1193 | copy-in           | rc_mlx5/mlx5_7:1/path0                         |
[1790055266.986869] [local:3445 :0]   |                      1194..inf | zero-copy         | rc_mlx5/mlx5_7:1 50% on path0 and 50% on path1 |
[1790055266.986870] [local:3445 :0]   +--------------------------------+-------------------+------------------------------------------------+
[1790055266.986937] [local:3445 :0]   +--------------------------------+-------------------------------------------------------------------------------------+
[1790055266.986938] [local:3445 :0]   | ucp_context_0 intra-node cfg#1 | remote memory write by ucp_put*(fast-completion) from host memory to cuda/dev[3]    |
[1790055266.986939] [local:3445 :0]   +--------------------------------+------------------------------------+------------------------------------------------+
[1790055266.986939] [local:3445 :0]   |                         0..220 | short                              | rc_mlx5/mlx5_7:1/path0                         |
[1790055266.986940] [local:3445 :0]   |                      221..9292 | copy-in                            | rc_mlx5/mlx5_7:1/path0                         |
[1790055266.986940] [local:3445 :0]   |                      9293..inf | zero-copy                          | rc_mlx5/mlx5_7:1 50% on path0 and 50% on path1 |
[1790055266.986940] [local:3445 :0]   +--------------------------------+------------------------------------+------------------------------------------------+
[1790055266.987003] [local:3445 :0]   +--------------------------------+---------------------------------------------------------------------------+
[1790055266.987004] [local:3445 :0]   | ucp_context_0 intra-node cfg#1 | remote memory write by ucp_put*(multi) from host memory to cuda/dev[3]    |
[1790055266.987004] [local:3445 :0]   +--------------------------------+--------------------------+------------------------------------------------+
[1790055266.987005] [local:3445 :0]   |                         0..220 | short                    | rc_mlx5/mlx5_7:1/path0                         |
[1790055266.987005] [local:3445 :0]   |                      221..1285 | copy-in                  | rc_mlx5/mlx5_7:1/path0                         |
[1790055266.987006] [local:3445 :0]   |                      1286..inf | zero-copy                | rc_mlx5/mlx5_7:1 50% on path0 and 50% on path1 |
[1790055266.987006] [local:3445 :0]   +--------------------------------+--------------------------+------------------------------------------------+
[1790055266.987214] [local:3445 :0]   +--------------------------------+----------------------------------------------------+
[1790055266.987215] [local:3445 :0]   | ucp_context_0 intra-node cfg#1 | active message by ucp_am_send* from host memory    |
[1790055266.987215] [local:3445 :0]   +--------------------------------+---------------------------+------------------------+
[1790055266.987216] [local:3445 :0]   |                         0..226 | short                     | rc_mlx5/mlx5_7:1/path0 |
[1790055266.987216] [local:3445 :0]   |                       227..404 | copy-in                   | rc_mlx5/mlx5_7:1/path0 |
[1790055266.987217] [local:3445 :0]   |                      405..8246 | zero-copy                 | rc_mlx5/mlx5_7:1/path0 |
[1790055266.987217] [local:3445 :0]   |                      8247..inf | multi-frag zero-copy      | rc_mlx5/mlx5_7:1/path0 |
[1790055266.987218] [local:3445 :0]   +--------------------------------+---------------------------+------------------------+
[1790055266.987385] [local:3445 :0]   +--------------------------------+---------------------------------------------------------------------+
[1790055266.987386] [local:3445 :0]   | ucp_context_0 intra-node cfg#1 | active message by ucp_am_send*(fast-completion) from host memory    |
[1790055266.987386] [local:3445 :0]   +--------------------------------+--------------------------------------------+------------------------+
[1790055266.987387] [local:3445 :0]   |                         0..226 | short                                      | rc_mlx5/mlx5_7:1/path0 |
[1790055266.987387] [local:3445 :0]   |                      227..8246 | copy-in                                    | rc_mlx5/mlx5_7:1/path0 |
[1790055266.987388] [local:3445 :0]   |                     8247..9187 | multi-frag copy-in                         | rc_mlx5/mlx5_7:1/path0 |
[1790055266.987388] [local:3445 :0]   |                      9188..inf | multi-frag zero-copy                       | rc_mlx5/mlx5_7:1/path0 |
[1790055266.987389] [local:3445 :0]   +--------------------------------+--------------------------------------------+------------------------+
[1790055266.987903] [local:3445 :0]   +--------------------------------+-----------------------------------------------------------+
[1790055266.987904] [local:3445 :0]   | ucp_context_0 intra-node cfg#1 | active message by ucp_am_send*(multi) from host memory    |
[1790055266.987905] [local:3445 :0]   +--------------------------------+----------------------------------+------------------------+
[1790055266.987905] [local:3445 :0]   |                         0..226 | short                            | rc_mlx5/mlx5_7:1/path0 |
[1790055266.987906] [local:3445 :0]   |                       227..440 | copy-in                          | rc_mlx5/mlx5_7:1/path0 |
[1790055266.987906] [local:3445 :0]   |                      441..8246 | zero-copy                        | rc_mlx5/mlx5_7:1/path0 |
[1790055266.987907] [local:3445 :0]   |                      8247..inf | multi-frag zero-copy             | rc_mlx5/mlx5_7:1/path0 |
[1790055266.987907] [local:3445 :0]   +--------------------------------+----------------------------------+------------------------+
[1790055266.988044] [local:3445 :0]   +--------------------------------+--------------------------------------------------------------------+
[1790055266.988044] [local:3445 :0]   | ucp_context_0 intra-node cfg#1 | active message by ucp_am_send* with reply flag from host memory    |
[1790055266.988045] [local:3445 :0]   +--------------------------------+-------------------------------------------+------------------------+
[1790055266.988045] [local:3445 :0]   |                         0..218 | short                                     | rc_mlx5/mlx5_7:1/path0 |
[1790055266.988046] [local:3445 :0]   |                       219..404 | copy-in                                   | rc_mlx5/mlx5_7:1/path0 |
[1790055266.988046] [local:3445 :0]   |                      405..8238 | zero-copy                                 | rc_mlx5/mlx5_7:1/path0 |
[1790055266.988047] [local:3445 :0]   |                      8239..inf | multi-frag zero-copy                      | rc_mlx5/mlx5_7:1/path0 |
[1790055266.988047] [local:3445 :0]   +--------------------------------+-------------------------------------------+------------------------+
[1790055266.988177] [local:3445 :0]   +--------------------------------+-------------------------------------------------------------------------------------+
[1790055266.988178] [local:3445 :0]   | ucp_context_0 intra-node cfg#1 | active message by ucp_am_send* with reply flag(fast-completion) from host memory    |
[1790055266.988179] [local:3445 :0]   +--------------------------------+------------------------------------------------------------+------------------------+
[1790055266.988179] [local:3445 :0]   |                         0..218 | short                                                      | rc_mlx5/mlx5_7:1/path0 |
[1790055266.988180] [local:3445 :0]   |                      219..8238 | copy-in                                                    | rc_mlx5/mlx5_7:1/path0 |
[1790055266.988185] [local:3445 :0]   |                     8239..9187 | multi-frag copy-in                                         | rc_mlx5/mlx5_7:1/path0 |
[1790055266.988186] [local:3445 :0]   |                      9188..inf | multi-frag zero-copy                                       | rc_mlx5/mlx5_7:1/path0 |
[1790055266.988186] [local:3445 :0]   +--------------------------------+------------------------------------------------------------+------------------------+
[1790055266.988354] [local:3445 :0]   +--------------------------------+---------------------------------------------------------------------------+
[1790055266.988354] [local:3445 :0]   | ucp_context_0 intra-node cfg#1 | active message by ucp_am_send* with reply flag(multi) from host memory    |
[1790055266.988355] [local:3445 :0]   +--------------------------------+--------------------------------------------------+------------------------+
[1790055266.988355] [local:3445 :0]   |                         0..218 | short                                            | rc_mlx5/mlx5_7:1/path0 |
[1790055266.988356] [local:3445 :0]   |                       219..440 | copy-in                                          | rc_mlx5/mlx5_7:1/path0 |
[1790055266.988356] [local:3445 :0]   |                      441..8238 | zero-copy                                        | rc_mlx5/mlx5_7:1/path0 |
[1790055266.988357] [local:3445 :0]   |                      8239..inf | multi-frag zero-copy                             | rc_mlx5/mlx5_7:1/path0 |
[1790055266.988357] [local:3445 :0]   +--------------------------------+--------------------------------------------------+------------------------+
[1790055267.059074] [local:3445 :0]      ucp_worker.c:1984 UCX  INFO    ucp_context_0 intra-node cfg#1 rma(rc_mlx5/mlx5_7:1)  amo(rc_mlx5/mlx5_7:1)  device(cuda_ipc/cuda rc_gda/cuda3-mlx5_7:1 rc_gda/cuda3-mlx5_7:1)  am(rc_mlx5/mlx5_7:1 rc_mlx5/mlx5_7:1 cuda_ipc/cuda)  ka(ud_mlx5/mlx5_7:1)
[1790055267.070943] [local:3445 :0]   +--------------------------------+-------------------------------------------------------------+
[1790055267.070946] [local:3445 :0]   | ucp_context_0 intra-node cfg#1 | remote memory write by ucp_put* from host memory to host    |
[1790055267.070947] [local:3445 :0]   +--------------------------------+------------+------------------------------------------------+
[1790055267.070947] [local:3445 :0]   |                         0..220 | short      | rc_mlx5/mlx5_7:1/path0                         |
[1790055267.070948] [local:3445 :0]   |                      221..1193 | copy-in    | rc_mlx5/mlx5_7:1/path0                         |
[1790055267.070949] [local:3445 :0]   |                      1194..inf | zero-copy  | rc_mlx5/mlx5_7:1 50% on path0 and 50% on path1 |
[1790055267.070949] [local:3445 :0]   +--------------------------------+------------+------------------------------------------------+
[1790055267.071040] [local:3445 :0]   +--------------------------------+------------------------------------------------------------------------------+
[1790055267.071041] [local:3445 :0]   | ucp_context_0 intra-node cfg#1 | remote memory write by ucp_put*(fast-completion) from host memory to host    |
[1790055267.071041] [local:3445 :0]   +--------------------------------+-----------------------------+------------------------------------------------+
[1790055267.071042] [local:3445 :0]   |                         0..220 | short                       | rc_mlx5/mlx5_7:1/path0                         |
[1790055267.071043] [local:3445 :0]   |                      221..9292 | copy-in                     | rc_mlx5/mlx5_7:1/path0                         |
[1790055267.071043] [local:3445 :0]   |                      9293..inf | zero-copy                   | rc_mlx5/mlx5_7:1 50% on path0 and 50% on path1 |
[1790055267.071044] [local:3445 :0]   +--------------------------------+-----------------------------+------------------------------------------------+
[1790055267.071110] [local:3445 :0]   +--------------------------------+--------------------------------------------------------------------+
[1790055267.071125] [local:3445 :0]   | ucp_context_0 intra-node cfg#1 | remote memory write by ucp_put*(multi) from host memory to host    |
[1790055267.071125] [local:3445 :0]   +--------------------------------+-------------------+------------------------------------------------+
[1790055267.071126] [local:3445 :0]   |                         0..220 | short             | rc_mlx5/mlx5_7:1/path0                         |
[1790055267.071126] [local:3445 :0]   |                      221..1285 | copy-in           | rc_mlx5/mlx5_7:1/path0                         |
[1790055267.071127] [local:3445 :0]   |                      1286..inf | zero-copy         | rc_mlx5/mlx5_7:1 50% on path0 and 50% on path1 |
[1790055267.071127] [local:3445 :0]   +--------------------------------+-------------------+------------------------------------------------+
[1790055267.071411] [local:3445 :0]   +--------------------------------+--------------------------------------------------------------------+
[1790055267.071412] [local:3445 :0]   | ucp_context_0 intra-node cfg#1 | remote memory write by ucp_put* from host memory to cuda/dev[3]    |
[1790055267.071412] [local:3445 :0]   +--------------------------------+-------------------+------------------------------------------------+
[1790055267.071413] [local:3445 :0]   |                         0..220 | short             | rc_mlx5/mlx5_7:1/path0                         |
[1790055267.071414] [local:3445 :0]   |                      221..1193 | copy-in           | rc_mlx5/mlx5_7:1/path0                         |
[1790055267.071414] [local:3445 :0]   |                      1194..inf | zero-copy         | rc_mlx5/mlx5_7:1 50% on path0 and 50% on path1 |
[1790055267.071415] [local:3445 :0]   +--------------------------------+-------------------+------------------------------------------------+
[1790055267.071487] [local:3445 :0]   +--------------------------------+-------------------------------------------------------------------------------------+
[1790055267.071488] [local:3445 :0]   | ucp_context_0 intra-node cfg#1 | remote memory write by ucp_put*(fast-completion) from host memory to cuda/dev[3]    |
[1790055267.071488] [local:3445 :0]   +--------------------------------+------------------------------------+------------------------------------------------+
[1790055267.071489] [local:3445 :0]   |                         0..220 | short                              | rc_mlx5/mlx5_7:1/path0                         |
[1790055267.071489] [local:3445 :0]   |                      221..9292 | copy-in                            | rc_mlx5/mlx5_7:1/path0                         |
[1790055267.071490] [local:3445 :0]   |                      9293..inf | zero-copy                          | rc_mlx5/mlx5_7:1 50% on path0 and 50% on path1 |
[1790055267.071491] [local:3445 :0]   +--------------------------------+------------------------------------+------------------------------------------------+
[1790055267.071560] [local:3445 :0]   +--------------------------------+---------------------------------------------------------------------------+
[1790055267.071560] [local:3445 :0]   | ucp_context_0 intra-node cfg#1 | remote memory write by ucp_put*(multi) from host memory to cuda/dev[3]    |
[1790055267.071561] [local:3445 :0]   +--------------------------------+--------------------------+------------------------------------------------+
[1790055267.071561] [local:3445 :0]   |                         0..220 | short                    | rc_mlx5/mlx5_7:1/path0                         |
[1790055267.071562] [local:3445 :0]   |                      221..1285 | copy-in                  | rc_mlx5/mlx5_7:1/path0                         |
[1790055267.071562] [local:3445 :0]   |                      1286..inf | zero-copy                | rc_mlx5/mlx5_7:1 50% on path0 and 50% on path1 |
[1790055267.071563] [local:3445 :0]   +--------------------------------+--------------------------+------------------------------------------------+
[1790055267.071787] [local:3445 :0]   +--------------------------------+----------------------------------------------------+
[1790055267.071788] [local:3445 :0]   | ucp_context_0 intra-node cfg#1 | active message by ucp_am_send* from host memory    |
[1790055267.071788] [local:3445 :0]   +--------------------------------+---------------------------+------------------------+
[1790055267.071789] [local:3445 :0]   |                         0..226 | short                     | rc_mlx5/mlx5_7:1/path0 |
[1790055267.071789] [local:3445 :0]   |                       227..404 | copy-in                   | rc_mlx5/mlx5_7:1/path0 |
[1790055267.071790] [local:3445 :0]   |                      405..8246 | zero-copy                 | rc_mlx5/mlx5_7:1/path0 |
[1790055267.071791] [local:3445 :0]   |                      8247..inf | multi-frag zero-copy      | rc_mlx5/mlx5_7:1/path0 |
[1790055267.071791] [local:3445 :0]   +--------------------------------+---------------------------+------------------------+
[1790055267.071933] [local:3445 :0]   +--------------------------------+---------------------------------------------------------------------+
[1790055267.071934] [local:3445 :0]   | ucp_context_0 intra-node cfg#1 | active message by ucp_am_send*(fast-completion) from host memory    |
[1790055267.071935] [local:3445 :0]   +--------------------------------+--------------------------------------------+------------------------+
[1790055267.071935] [local:3445 :0]   |                         0..226 | short                                      | rc_mlx5/mlx5_7:1/path0 |
[1790055267.071936] [local:3445 :0]   |                      227..8246 | copy-in                                    | rc_mlx5/mlx5_7:1/path0 |
[1790055267.071936] [local:3445 :0]   |                     8247..9187 | multi-frag copy-in                         | rc_mlx5/mlx5_7:1/path0 |
[1790055267.071937] [local:3445 :0]   |                      9188..inf | multi-frag zero-copy                       | rc_mlx5/mlx5_7:1/path0 |
[1790055267.071937] [local:3445 :0]   +--------------------------------+--------------------------------------------+------------------------+
[1790055267.072412] [local:3445 :0]   +--------------------------------+-----------------------------------------------------------+
[1790055267.072413] [local:3445 :0]   | ucp_context_0 intra-node cfg#1 | active message by ucp_am_send*(multi) from host memory    |
[1790055267.072413] [local:3445 :0]   +--------------------------------+----------------------------------+------------------------+
[1790055267.072414] [local:3445 :0]   |                         0..226 | short                            | rc_mlx5/mlx5_7:1/path0 |
[1790055267.072414] [local:3445 :0]   |                       227..440 | copy-in                          | rc_mlx5/mlx5_7:1/path0 |
[1790055267.072415] [local:3445 :0]   |                      441..8246 | zero-copy                        | rc_mlx5/mlx5_7:1/path0 |
[1790055267.072415] [local:3445 :0]   |                      8247..inf | multi-frag zero-copy             | rc_mlx5/mlx5_7:1/path0 |
[1790055267.072416] [local:3445 :0]   +--------------------------------+----------------------------------+------------------------+
[1790055267.072552] [local:3445 :0]   +--------------------------------+--------------------------------------------------------------------+
[1790055267.072552] [local:3445 :0]   | ucp_context_0 intra-node cfg#1 | active message by ucp_am_send* with reply flag from host memory    |
[1790055267.072553] [local:3445 :0]   +--------------------------------+-------------------------------------------+------------------------+
[1790055267.072553] [local:3445 :0]   |                         0..218 | short                                     | rc_mlx5/mlx5_7:1/path0 |
[1790055267.072554] [local:3445 :0]   |                       219..404 | copy-in                                   | rc_mlx5/mlx5_7:1/path0 |
[1790055267.072554] [local:3445 :0]   |                      405..8238 | zero-copy                                 | rc_mlx5/mlx5_7:1/path0 |
[1790055267.072559] [local:3445 :0]   |                      8239..inf | multi-frag zero-copy                      | rc_mlx5/mlx5_7:1/path0 |
[1790055267.072559] [local:3445 :0]   +--------------------------------+-------------------------------------------+------------------------+
[1790055267.072693] [local:3445 :0]   +--------------------------------+-------------------------------------------------------------------------------------+
[1790055267.072694] [local:3445 :0]   | ucp_context_0 intra-node cfg#1 | active message by ucp_am_send* with reply flag(fast-completion) from host memory    |
[1790055267.072694] [local:3445 :0]   +--------------------------------+------------------------------------------------------------+------------------------+
[1790055267.072695] [local:3445 :0]   |                         0..218 | short                                                      | rc_mlx5/mlx5_7:1/path0 |
[1790055267.072695] [local:3445 :0]   |                      219..8238 | copy-in                                                    | rc_mlx5/mlx5_7:1/path0 |
[1790055267.072696] [local:3445 :0]   |                     8239..9187 | multi-frag copy-in                                         | rc_mlx5/mlx5_7:1/path0 |
[1790055267.072696] [local:3445 :0]   |                      9188..inf | multi-frag zero-copy                                       | rc_mlx5/mlx5_7:1/path0 |
[1790055267.072697] [local:3445 :0]   +--------------------------------+------------------------------------------------------------+------------------------+
[1790055267.072847] [local:3445 :0]   +--------------------------------+---------------------------------------------------------------------------+
[1790055267.072848] [local:3445 :0]   | ucp_context_0 intra-node cfg#1 | active message by ucp_am_send* with reply flag(multi) from host memory    |
[1790055267.072848] [local:3445 :0]   +--------------------------------+--------------------------------------------------+------------------------+
[1790055267.072849] [local:3445 :0]   |                         0..218 | short                                            | rc_mlx5/mlx5_7:1/path0 |
[1790055267.072849] [local:3445 :0]   |                       219..440 | copy-in                                          | rc_mlx5/mlx5_7:1/path0 |
[1790055267.072850] [local:3445 :0]   |                      441..8238 | zero-copy                                        | rc_mlx5/mlx5_7:1/path0 |
[1790055267.072850] [local:3445 :0]   |                      8239..inf | multi-frag zero-copy                             | rc_mlx5/mlx5_7:1/path0 |
[1790055267.072851] [local:3445 :0]   +--------------------------------+--------------------------------------------------+------------------------+
[1790055267.143178] [local:3445 :0]      ucp_worker.c:1984 UCX  INFO    ucp_context_0 intra-node cfg#1 rma(rc_mlx5/mlx5_7:1)  amo(rc_mlx5/mlx5_7:1)  device(cuda_ipc/cuda rc_gda/cuda3-mlx5_7:1 rc_gda/cuda3-mlx5_7:1)  am(rc_mlx5/mlx5_7:1 rc_mlx5/mlx5_7:1 cuda_ipc/cuda)  ka(ud_mlx5/mlx5_7:1)
[1790055267.154812] [local:3445 :0]   +--------------------------------+-------------------------------------------------------------+
[1790055267.154815] [local:3445 :0]   | ucp_context_0 intra-node cfg#1 | remote memory write by ucp_put* from host memory to host    |
[1790055267.154816] [local:3445 :0]   +--------------------------------+------------+------------------------------------------------+
[1790055267.154817] [local:3445 :0]   |                         0..220 | short      | rc_mlx5/mlx5_7:1/path0                         |
[1790055267.154817] [local:3445 :0]   |                      221..1193 | copy-in    | rc_mlx5/mlx5_7:1/path0                         |
[1790055267.154818] [local:3445 :0]   |                      1194..inf | zero-copy  | rc_mlx5/mlx5_7:1 50% on path0 and 50% on path1 |
[1790055267.154818] [local:3445 :0]   +--------------------------------+------------+------------------------------------------------+
[1790055267.154911] [local:3445 :0]   +--------------------------------+------------------------------------------------------------------------------+
[1790055267.154929] [local:3445 :0]   | ucp_context_0 intra-node cfg#1 | remote memory write by ucp_put*(fast-completion) from host memory to host    |
[1790055267.154930] [local:3445 :0]   +--------------------------------+-----------------------------+------------------------------------------------+
[1790055267.154930] [local:3445 :0]   |                         0..220 | short                       | rc_mlx5/mlx5_7:1/path0                         |
[1790055267.154931] [local:3445 :0]   |                      221..9292 | copy-in                     | rc_mlx5/mlx5_7:1/path0                         |
[1790055267.154932] [local:3445 :0]   |                      9293..inf | zero-copy                   | rc_mlx5/mlx5_7:1 50% on path0 and 50% on path1 |
[1790055267.154932] [local:3445 :0]   +--------------------------------+-----------------------------+------------------------------------------------+
[1790055267.155003] [local:3445 :0]   +--------------------------------+--------------------------------------------------------------------+
[1790055267.155004] [local:3445 :0]   | ucp_context_0 intra-node cfg#1 | remote memory write by ucp_put*(multi) from host memory to host    |
[1790055267.155004] [local:3445 :0]   +--------------------------------+-------------------+------------------------------------------------+
[1790055267.155005] [local:3445 :0]   |                         0..220 | short             | rc_mlx5/mlx5_7:1/path0                         |
[1790055267.155005] [local:3445 :0]   |                      221..1285 | copy-in           | rc_mlx5/mlx5_7:1/path0                         |
[1790055267.155006] [local:3445 :0]   |                      1286..inf | zero-copy         | rc_mlx5/mlx5_7:1 50% on path0 and 50% on path1 |
[1790055267.155007] [local:3445 :0]   +--------------------------------+-------------------+------------------------------------------------+
[1790055267.155288] [local:3445 :0]   +--------------------------------+--------------------------------------------------------------------+
[1790055267.155289] [local:3445 :0]   | ucp_context_0 intra-node cfg#1 | remote memory write by ucp_put* from host memory to cuda/dev[3]    |
[1790055267.155289] [local:3445 :0]   +--------------------------------+-------------------+------------------------------------------------+
[1790055267.155290] [local:3445 :0]   |                         0..220 | short             | rc_mlx5/mlx5_7:1/path0                         |
[1790055267.155290] [local:3445 :0]   |                      221..1193 | copy-in           | rc_mlx5/mlx5_7:1/path0                         |
[1790055267.155291] [local:3445 :0]   |                      1194..inf | zero-copy         | rc_mlx5/mlx5_7:1 50% on path0 and 50% on path1 |
[1790055267.155291] [local:3445 :0]   +--------------------------------+-------------------+------------------------------------------------+
[1790055267.155359] [local:3445 :0]   +--------------------------------+-------------------------------------------------------------------------------------+
[1790055267.155360] [local:3445 :0]   | ucp_context_0 intra-node cfg#1 | remote memory write by ucp_put*(fast-completion) from host memory to cuda/dev[3]    |
[1790055267.155361] [local:3445 :0]   +--------------------------------+------------------------------------+------------------------------------------------+
[1790055267.155361] [local:3445 :0]   |                         0..220 | short                              | rc_mlx5/mlx5_7:1/path0                         |
[1790055267.155362] [local:3445 :0]   |                      221..9292 | copy-in                            | rc_mlx5/mlx5_7:1/path0                         |
[1790055267.155362] [local:3445 :0]   |                      9293..inf | zero-copy                          | rc_mlx5/mlx5_7:1 50% on path0 and 50% on path1 |
[1790055267.155363] [local:3445 :0]   +--------------------------------+------------------------------------+------------------------------------------------+
[1790055267.155432] [local:3445 :0]   +--------------------------------+---------------------------------------------------------------------------+
[1790055267.155445] [local:3445 :0]   | ucp_context_0 intra-node cfg#1 | remote memory write by ucp_put*(multi) from host memory to cuda/dev[3]    |
[1790055267.155446] [local:3445 :0]   +--------------------------------+--------------------------+------------------------------------------------+
[1790055267.155447] [local:3445 :0]   |                         0..220 | short                    | rc_mlx5/mlx5_7:1/path0                         |
[1790055267.155447] [local:3445 :0]   |                      221..1285 | copy-in                  | rc_mlx5/mlx5_7:1/path0                         |
[1790055267.155448] [local:3445 :0]   |                      1286..inf | zero-copy                | rc_mlx5/mlx5_7:1 50% on path0 and 50% on path1 |
[1790055267.155449] [local:3445 :0]   +--------------------------------+--------------------------+------------------------------------------------+
[1790055267.155672] [local:3445 :0]   +--------------------------------+----------------------------------------------------+
[1790055267.155673] [local:3445 :0]   | ucp_context_0 intra-node cfg#1 | active message by ucp_am_send* from host memory    |
[1790055267.155673] [local:3445 :0]   +--------------------------------+---------------------------+------------------------+
[1790055267.155674] [local:3445 :0]   |                         0..226 | short                     | rc_mlx5/mlx5_7:1/path0 |
[1790055267.155675] [local:3445 :0]   |                       227..404 | copy-in                   | rc_mlx5/mlx5_7:1/path0 |
[1790055267.155675] [local:3445 :0]   |                      405..8246 | zero-copy                 | rc_mlx5/mlx5_7:1/path0 |
[1790055267.155676] [local:3445 :0]   |                      8247..inf | multi-frag zero-copy      | rc_mlx5/mlx5_7:1/path0 |
[1790055267.155676] [local:3445 :0]   +--------------------------------+---------------------------+------------------------+
[1790055267.155835] [local:3445 :0]   +--------------------------------+---------------------------------------------------------------------+
[1790055267.155836] [local:3445 :0]   | ucp_context_0 intra-node cfg#1 | active message by ucp_am_send*(fast-completion) from host memory    |
[1790055267.155837] [local:3445 :0]   +--------------------------------+--------------------------------------------+------------------------+
[1790055267.155837] [local:3445 :0]   |                         0..226 | short                                      | rc_mlx5/mlx5_7:1/path0 |
[1790055267.155838] [local:3445 :0]   |                      227..8246 | copy-in                                    | rc_mlx5/mlx5_7:1/path0 |
[1790055267.155838] [local:3445 :0]   |                     8247..9187 | multi-frag copy-in                         | rc_mlx5/mlx5_7:1/path0 |
[1790055267.155839] [local:3445 :0]   |                      9188..inf | multi-frag zero-copy                       | rc_mlx5/mlx5_7:1/path0 |
[1790055267.155839] [local:3445 :0]   +--------------------------------+--------------------------------------------+------------------------+
[1790055267.156346] [local:3445 :0]   +--------------------------------+-----------------------------------------------------------+
[1790055267.156347] [local:3445 :0]   | ucp_context_0 intra-node cfg#1 | active message by ucp_am_send*(multi) from host memory    |
[1790055267.156348] [local:3445 :0]   +--------------------------------+----------------------------------+------------------------+
[1790055267.156348] [local:3445 :0]   |                         0..226 | short                            | rc_mlx5/mlx5_7:1/path0 |
[1790055267.156349] [local:3445 :0]   |                       227..440 | copy-in                          | rc_mlx5/mlx5_7:1/path0 |
[1790055267.156349] [local:3445 :0]   |                      441..8246 | zero-copy                        | rc_mlx5/mlx5_7:1/path0 |
[1790055267.156350] [local:3445 :0]   |                      8247..inf | multi-frag zero-copy             | rc_mlx5/mlx5_7:1/path0 |
[1790055267.156350] [local:3445 :0]   +--------------------------------+----------------------------------+------------------------+
[1790055267.156503] [local:3445 :0]   +--------------------------------+--------------------------------------------------------------------+
[1790055267.156504] [local:3445 :0]   | ucp_context_0 intra-node cfg#1 | active message by ucp_am_send* with reply flag from host memory    |
[1790055267.156504] [local:3445 :0]   +--------------------------------+-------------------------------------------+------------------------+
[1790055267.156505] [local:3445 :0]   |                         0..218 | short                                     | rc_mlx5/mlx5_7:1/path0 |
[1790055267.156505] [local:3445 :0]   |                       219..404 | copy-in                                   | rc_mlx5/mlx5_7:1/path0 |
[1790055267.156506] [local:3445 :0]   |                      405..8238 | zero-copy                                 | rc_mlx5/mlx5_7:1/path0 |
[1790055267.156506] [local:3445 :0]   |                      8239..inf | multi-frag zero-copy                      | rc_mlx5/mlx5_7:1/path0 |
[1790055267.156507] [local:3445 :0]   +--------------------------------+-------------------------------------------+------------------------+
[1790055267.156646] [local:3445 :0]   +--------------------------------+-------------------------------------------------------------------------------------+
[1790055267.156647] [local:3445 :0]   | ucp_context_0 intra-node cfg#1 | active message by ucp_am_send* with reply flag(fast-completion) from host memory    |
[1790055267.156647] [local:3445 :0]   +--------------------------------+------------------------------------------------------------+------------------------+
[1790055267.156648] [local:3445 :0]   |                         0..218 | short                                                      | rc_mlx5/mlx5_7:1/path0 |
[1790055267.156649] [local:3445 :0]   |                      219..8238 | copy-in                                                    | rc_mlx5/mlx5_7:1/path0 |
[1790055267.156649] [local:3445 :0]   |                     8239..9187 | multi-frag copy-in                                         | rc_mlx5/mlx5_7:1/path0 |
[1790055267.156650] [local:3445 :0]   |                      9188..inf | multi-frag zero-copy                                       | rc_mlx5/mlx5_7:1/path0 |
[1790055267.156650] [local:3445 :0]   +--------------------------------+------------------------------------------------------------+------------------------+
[1790055267.156807] [local:3445 :0]   +--------------------------------+---------------------------------------------------------------------------+
[1790055267.156808] [local:3445 :0]   | ucp_context_0 intra-node cfg#1 | active message by ucp_am_send* with reply flag(multi) from host memory    |
[1790055267.156808] [local:3445 :0]   +--------------------------------+--------------------------------------------------+------------------------+
[1790055267.156809] [local:3445 :0]   |                         0..218 | short                                            | rc_mlx5/mlx5_7:1/path0 |
[1790055267.156809] [local:3445 :0]   |                       219..440 | copy-in                                          | rc_mlx5/mlx5_7:1/path0 |
[1790055267.156810] [local:3445 :0]   |                      441..8238 | zero-copy                                        | rc_mlx5/mlx5_7:1/path0 |
[1790055267.156810] [local:3445 :0]   |                      8239..inf | multi-frag zero-copy                             | rc_mlx5/mlx5_7:1/path0 |
[1790055267.156811] [local:3445 :0]   +--------------------------------+--------------------------------------------------+------------------------+
[1790055268.510840] [local:3445 :0]   +--------------------------+--------------------------------------------------------------------+
[1790055268.510845] [local:3445 :0]   | ucp_context_0 self cfg#1 | remote memory write by ucp_put* from host memory to cuda/dev[3]    |
[1790055268.510846] [local:3445 :0]   +--------------------------+-------------------+------------------------------------------------+
[1790055268.510873] [local:3445 :0]   |                   0..220 | short             | rc_mlx5/mlx5_7:1/path0                         |
[1790055268.510874] [local:3445 :0]   |                221..1193 | copy-in           | rc_mlx5/mlx5_7:1/path0                         |
[1790055268.510874] [local:3445 :0]   |                1194..inf | zero-copy         | rc_mlx5/mlx5_7:1 50% on path0 and 50% on path1 |
[1790055268.510875] [local:3445 :0]   +--------------------------+-------------------+------------------------------------------------+
[1790055268.510948] [local:3445 :0]   +--------------------------+-------------------------------------------------------------------------------------+
[1790055268.510948] [local:3445 :0]   | ucp_context_0 self cfg#1 | remote memory write by ucp_put*(fast-completion) from host memory to cuda/dev[3]    |
[1790055268.510949] [local:3445 :0]   +--------------------------+------------------------------------+------------------------------------------------+
[1790055268.510950] [local:3445 :0]   |                   0..220 | short                              | rc_mlx5/mlx5_7:1/path0                         |
[1790055268.510950] [local:3445 :0]   |                221..9292 | copy-in                            | rc_mlx5/mlx5_7:1/path0                         |
[1790055268.510951] [local:3445 :0]   |                9293..inf | zero-copy                          | rc_mlx5/mlx5_7:1 50% on path0 and 50% on path1 |
[1790055268.510951] [local:3445 :0]   +--------------------------+------------------------------------+------------------------------------------------+
[1790055268.511028] [local:3445 :0]   +--------------------------+---------------------------------------------------------------------------+
[1790055268.511029] [local:3445 :0]   | ucp_context_0 self cfg#1 | remote memory write by ucp_put*(multi) from host memory to cuda/dev[3]    |
[1790055268.511029] [local:3445 :0]   +--------------------------+--------------------------+------------------------------------------------+
[1790055268.511030] [local:3445 :0]   |                   0..220 | short                    | rc_mlx5/mlx5_7:1/path0                         |
[1790055268.511031] [local:3445 :0]   |                221..1285 | copy-in                  | rc_mlx5/mlx5_7:1/path0                         |
[1790055268.511031] [local:3445 :0]   |                1286..inf | zero-copy                | rc_mlx5/mlx5_7:1 50% on path0 and 50% on path1 |
[1790055268.511032] [local:3445 :0]   +--------------------------+--------------------------+------------------------------------------------+
[1790055287.321807] [local:3445 :1]      ucp_worker.c:1984 UCX  INFO    ucp_context_0 intra-node cfg#2 rma(rc_mlx5/mlx5_7:1)  amo(rc_mlx5/mlx5_7:1)  device(cuda_ipc/cuda rc_gda/cuda3-mlx5_7:1 rc_gda/cuda3-mlx5_7:1)  am(rc_mlx5/mlx5_7:1 rc_mlx5/mlx5_7:1 cuda_ipc/cuda)  ka(ud_mlx5/mlx5_7:1)
[1790055287.322017] [local:3445 :1]   +--------------------------------+-------------------------------------------------------------+
[1790055287.322018] [local:3445 :1]   | ucp_context_0 intra-node cfg#2 | remote memory write by ucp_put* from host memory to host    |
[1790055287.322019] [local:3445 :1]   +--------------------------------+------------+------------------------------------------------+
[1790055287.322020] [local:3445 :1]   |                         0..220 | short      | rc_mlx5/mlx5_7:1/path0                         |
[1790055287.322020] [local:3445 :1]   |                      221..1193 | copy-in    | rc_mlx5/mlx5_7:1/path0                         |
[1790055287.322021] [local:3445 :1]   |                      1194..inf | zero-copy  | rc_mlx5/mlx5_7:1 50% on path0 and 50% on path1 |
[1790055287.322021] [local:3445 :1]   +--------------------------------+------------+------------------------------------------------+
[1790055287.322096] [local:3445 :1]   +--------------------------------+------------------------------------------------------------------------------+
[1790055287.322097] [local:3445 :1]   | ucp_context_0 intra-node cfg#2 | remote memory write by ucp_put*(fast-completion) from host memory to host    |
[1790055287.322116] [local:3445 :1]   +--------------------------------+-----------------------------+------------------------------------------------+
[1790055287.322117] [local:3445 :1]   |                         0..220 | short                       | rc_mlx5/mlx5_7:1/path0                         |
[1790055287.322117] [local:3445 :1]   |                      221..9292 | copy-in                     | rc_mlx5/mlx5_7:1/path0                         |
[1790055287.322118] [local:3445 :1]   |                      9293..inf | zero-copy                   | rc_mlx5/mlx5_7:1 50% on path0 and 50% on path1 |
[1790055287.322118] [local:3445 :1]   +--------------------------------+-----------------------------+------------------------------------------------+
[1790055287.322195] [local:3445 :1]   +--------------------------------+--------------------------------------------------------------------+
[1790055287.322196] [local:3445 :1]   | ucp_context_0 intra-node cfg#2 | remote memory write by ucp_put*(multi) from host memory to host    |
[1790055287.322196] [local:3445 :1]   +--------------------------------+-------------------+------------------------------------------------+
[1790055287.322197] [local:3445 :1]   |                         0..220 | short             | rc_mlx5/mlx5_7:1/path0                         |
[1790055287.322197] [local:3445 :1]   |                      221..1285 | copy-in           | rc_mlx5/mlx5_7:1/path0                         |
[1790055287.322198] [local:3445 :1]   |                      1286..inf | zero-copy         | rc_mlx5/mlx5_7:1 50% on path0 and 50% on path1 |
[1790055287.322198] [local:3445 :1]   +--------------------------------+-------------------+------------------------------------------------+
[1790055287.322667] [local:3445 :1]   +--------------------------------+--------------------------------------------------------------------+
[1790055287.322668] [local:3445 :1]   | ucp_context_0 intra-node cfg#2 | remote memory write by ucp_put* from host memory to cuda/dev[3]    |
[1790055287.322668] [local:3445 :1]   +--------------------------------+-------------------+------------------------------------------------+
[1790055287.322669] [local:3445 :1]   |                         0..220 | short             | rc_mlx5/mlx5_7:1/path0                         |
[1790055287.322669] [local:3445 :1]   |                      221..1193 | copy-in           | rc_mlx5/mlx5_7:1/path0                         |
[1790055287.322670] [local:3445 :1]   |                      1194..inf | zero-copy         | rc_mlx5/mlx5_7:1 50% on path0 and 50% on path1 |
[1790055287.322670] [local:3445 :1]   +--------------------------------+-------------------+------------------------------------------------+
[1790055287.322742] [local:3445 :1]   +--------------------------------+-------------------------------------------------------------------------------------+
[1790055287.322743] [local:3445 :1]   | ucp_context_0 intra-node cfg#2 | remote memory write by ucp_put*(fast-completion) from host memory to cuda/dev[3]    |
[1790055287.322743] [local:3445 :1]   +--------------------------------+------------------------------------+------------------------------------------------+
[1790055287.322744] [local:3445 :1]   |                         0..220 | short                              | rc_mlx5/mlx5_7:1/path0                         |
[1790055287.322744] [local:3445 :1]   |                      221..9292 | copy-in                            | rc_mlx5/mlx5_7:1/path0                         |
[1790055287.322745] [local:3445 :1]   |                      9293..inf | zero-copy                          | rc_mlx5/mlx5_7:1 50% on path0 and 50% on path1 |
[1790055287.322745] [local:3445 :1]   +--------------------------------+------------------------------------+------------------------------------------------+
[1790055287.322825] [local:3445 :1]   +--------------------------------+---------------------------------------------------------------------------+
[1790055287.322830] [local:3445 :1]   | ucp_context_0 intra-node cfg#2 | remote memory write by ucp_put*(multi) from host memory to cuda/dev[3]    |
[1790055287.322831] [local:3445 :1]   +--------------------------------+--------------------------+------------------------------------------------+
[1790055287.322832] [local:3445 :1]   |                         0..220 | short                    | rc_mlx5/mlx5_7:1/path0                         |
[1790055287.322832] [local:3445 :1]   |                      221..1285 | copy-in                  | rc_mlx5/mlx5_7:1/path0                         |
[1790055287.322833] [local:3445 :1]   |                      1286..inf | zero-copy                | rc_mlx5/mlx5_7:1 50% on path0 and 50% on path1 |
[1790055287.322833] [local:3445 :1]   +--------------------------------+--------------------------+------------------------------------------------+
[1790055287.323076] [local:3445 :1]   +--------------------------------+----------------------------------------------------+
[1790055287.323077] [local:3445 :1]   | ucp_context_0 intra-node cfg#2 | active message by ucp_am_send* from host memory    |
[1790055287.323078] [local:3445 :1]   +--------------------------------+---------------------------+------------------------+
[1790055287.323078] [local:3445 :1]   |                         0..226 | short                     | rc_mlx5/mlx5_7:1/path0 |
[1790055287.323079] [local:3445 :1]   |                       227..404 | copy-in                   | rc_mlx5/mlx5_7:1/path0 |
[1790055287.323079] [local:3445 :1]   |                      405..8246 | zero-copy                 | rc_mlx5/mlx5_7:1/path0 |
[1790055287.323080] [local:3445 :1]   |                      8247..inf | multi-frag zero-copy      | rc_mlx5/mlx5_7:1/path0 |
[1790055287.323080] [local:3445 :1]   +--------------------------------+---------------------------+------------------------+
[1790055287.323245] [local:3445 :1]   +--------------------------------+---------------------------------------------------------------------+
[1790055287.323246] [local:3445 :1]   | ucp_context_0 intra-node cfg#2 | active message by ucp_am_send*(fast-completion) from host memory    |
[1790055287.323247] [local:3445 :1]   +--------------------------------+--------------------------------------------+------------------------+
[1790055287.323247] [local:3445 :1]   |                         0..226 | short                                      | rc_mlx5/mlx5_7:1/path0 |
[1790055287.323248] [local:3445 :1]   |                      227..8246 | copy-in                                    | rc_mlx5/mlx5_7:1/path0 |
[1790055287.323248] [local:3445 :1]   |                     8247..9187 | multi-frag copy-in                         | rc_mlx5/mlx5_7:1/path0 |
[1790055287.323249] [local:3445 :1]   |                      9188..inf | multi-frag zero-copy                       | rc_mlx5/mlx5_7:1/path0 |
[1790055287.323249] [local:3445 :1]   +--------------------------------+--------------------------------------------+------------------------+
[1790055287.323821] [local:3445 :1]   +--------------------------------+-----------------------------------------------------------+
[1790055287.323822] [local:3445 :1]   | ucp_context_0 intra-node cfg#2 | active message by ucp_am_send*(multi) from host memory    |
[1790055287.323823] [local:3445 :1]   +--------------------------------+----------------------------------+------------------------+
[1790055287.323824] [local:3445 :1]   |                         0..226 | short                            | rc_mlx5/mlx5_7:1/path0 |
[1790055287.323824] [local:3445 :1]   |                       227..440 | copy-in                          | rc_mlx5/mlx5_7:1/path0 |
[1790055287.323825] [local:3445 :1]   |                      441..8246 | zero-copy                        | rc_mlx5/mlx5_7:1/path0 |
[1790055287.323825] [local:3445 :1]   |                      8247..inf | multi-frag zero-copy             | rc_mlx5/mlx5_7:1/path0 |
[1790055287.323826] [local:3445 :1]   +--------------------------------+----------------------------------+---