[1790055259.743517] [local:3444 :0]     ucp_context.c:2659 UCX  INFO  Version 1.21.0 (loaded from /usr/local/lib/python3.12/dist-packages/nixl_ep_cu13/../nixl_cu13.libs/libucp-bcc5ee2e.so.0.0.0)
[1790055265.229197] [local:3444 :0]   +--------------------------+-------------------------------------------------------------+
[1790055265.229201] [local:3444 :0]   | ucp_context_0 self cfg#0 | remote memory write by ucp_put* from host memory to host    |
[1790055265.229202] [local:3444 :0]   +--------------------------+--------------------------------------------+----------------+
[1790055265.229203] [local:3444 :0]   |            0..4294967295 | short                                      | cuda_copy/cuda |
[1790055265.229203] [local:3444 :0]   +--------------------------+--------------------------------------------+----------------+
[1790055265.229229] [local:3444 :0]   +--------------------------+------------------------------------------------------------------------------+
[1790055265.229230] [local:3444 :0]   | ucp_context_0 self cfg#0 | remote memory write by ucp_put*(fast-completion) from host memory to host    |
[1790055265.229230] [local:3444 :0]   +--------------------------+-------------------------------------------------------------+----------------+
[1790055265.229231] [local:3444 :0]   |            0..4294967295 | short                                                       | cuda_copy/cuda |
[1790055265.229232] [local:3444 :0]   +--------------------------+-------------------------------------------------------------+----------------+
[1790055265.229256] [local:3444 :0]   +--------------------------+--------------------------------------------------------------------+
[1790055265.229257] [local:3444 :0]   | ucp_context_0 self cfg#0 | remote memory write by ucp_put*(multi) from host memory to host    |
[1790055265.229257] [local:3444 :0]   +--------------------------+---------------------------------------------------+----------------+
[1790055265.229258] [local:3444 :0]   |            0..4294967295 | short                                             | cuda_copy/cuda |
[1790055265.229258] [local:3444 :0]   +--------------------------+---------------------------------------------------+----------------+
[1790055265.229306] [local:3444 :0]   +--------------------------+----------------------------------------------------+
[1790055265.229307] [local:3444 :0]   | ucp_context_0 self cfg#0 | active message by ucp_am_send* from host memory    |
[1790055265.229308] [local:3444 :0]   +--------------------------+-------------------------------------------------+--+
[1790055265.229308] [local:3444 :0]   +--------------------------+-------------------------------------------------+--+
[1790055265.229319] [local:3444 :0]   +--------------------------+--------------------------------------------------------------------+
[1790055265.229319] [local:3444 :0]   | ucp_context_0 self cfg#0 | active message by ucp_am_send* with reply flag from host memory    |
[1790055265.229320] [local:3444 :0]   +--------------------------+-----------------------------------------------------------------+--+
[1790055265.229320] [local:3444 :0]   +--------------------------+-----------------------------------------------------------------+--+
[1790055265.229438] [local:3444 :0]          parser.c:2364 UCX  INFO  UCX_* env variables: UCX_PROTO_INFO=y UCX_LOG_LEVEL=info UCX_LOG_FILE=/results/default-a/ucx-prefill.%p.log UCX_RCACHE_MAX_UNRELEASED=1024
[1790055265.628214] [local:3444 :0]   +--------------------------+-------------------------------------------------------------+
[1790055265.628218] [local:3444 :0]   | ucp_context_0 self cfg#0 | remote memory write by ucp_put* from host memory to host    |
[1790055265.628219] [local:3444 :0]   +--------------------------+--------------------------------------------+----------------+
[1790055265.628220] [local:3444 :0]   |            0..4294967295 | short                                      | cuda_copy/cuda |
[1790055265.628220] [local:3444 :0]   +--------------------------+--------------------------------------------+----------------+
[1790055265.628265] [local:3444 :0]   +--------------------------+------------------------------------------------------------------------------+
[1790055265.628265] [local:3444 :0]   | ucp_context_0 self cfg#0 | remote memory write by ucp_put*(fast-completion) from host memory to host    |
[1790055265.628279] [local:3444 :0]   +--------------------------+-------------------------------------------------------------+----------------+
[1790055265.628279] [local:3444 :0]   |            0..4294967295 | short                                                       | cuda_copy/cuda |
[1790055265.628280] [local:3444 :0]   +--------------------------+-------------------------------------------------------------+----------------+
[1790055265.628306] [local:3444 :0]   +--------------------------+--------------------------------------------------------------------+
[1790055265.628307] [local:3444 :0]   | ucp_context_0 self cfg#0 | remote memory write by ucp_put*(multi) from host memory to host    |
[1790055265.628308] [local:3444 :0]   +--------------------------+---------------------------------------------------+----------------+
[1790055265.628308] [local:3444 :0]   |            0..4294967295 | short                                             | cuda_copy/cuda |
[1790055265.628309] [local:3444 :0]   +--------------------------+---------------------------------------------------+----------------+
[1790055265.628346] [local:3444 :0]   +--------------------------+----------------------------------------------------+
[1790055265.628347] [local:3444 :0]   | ucp_context_0 self cfg#0 | active message by ucp_am_send* from host memory    |
[1790055265.628347] [local:3444 :0]   +--------------------------+-------------------------------------------------+--+
[1790055265.628348] [local:3444 :0]   +--------------------------+-------------------------------------------------+--+
[1790055265.628358] [local:3444 :0]   +--------------------------+--------------------------------------------------------------------+
[1790055265.628359] [local:3444 :0]   | ucp_context_0 self cfg#0 | active message by ucp_am_send* with reply flag from host memory    |
[1790055265.628359] [local:3444 :0]   +--------------------------+-----------------------------------------------------------------+--+
[1790055265.628360] [local:3444 :0]   +--------------------------+-----------------------------------------------------------------+--+
[1790055265.986255] [local:3444 :0]   +--------------------------+-------------------------------------------------------------+
[1790055265.986259] [local:3444 :0]   | ucp_context_0 self cfg#0 | remote memory write by ucp_put* from host memory to host    |
[1790055265.986260] [local:3444 :0]   +--------------------------+--------------------------------------------+----------------+
[1790055265.986260] [local:3444 :0]   |            0..4294967295 | short                                      | cuda_copy/cuda |
[1790055265.986261] [local:3444 :0]   +--------------------------+--------------------------------------------+----------------+
[1790055265.986300] [local:3444 :0]   +--------------------------+------------------------------------------------------------------------------+
[1790055265.986301] [local:3444 :0]   | ucp_context_0 self cfg#0 | remote memory write by ucp_put*(fast-completion) from host memory to host    |
[1790055265.986301] [local:3444 :0]   +--------------------------+-------------------------------------------------------------+----------------+
[1790055265.986302] [local:3444 :0]   |            0..4294967295 | short                                                       | cuda_copy/cuda |
[1790055265.986303] [local:3444 :0]   +--------------------------+-------------------------------------------------------------+----------------+
[1790055265.986327] [local:3444 :0]   +--------------------------+--------------------------------------------------------------------+
[1790055265.986327] [local:3444 :0]   | ucp_context_0 self cfg#0 | remote memory write by ucp_put*(multi) from host memory to host    |
[1790055265.986341] [local:3444 :0]   +--------------------------+---------------------------------------------------+----------------+
[1790055265.986342] [local:3444 :0]   |            0..4294967295 | short                                             | cuda_copy/cuda |
[1790055265.986342] [local:3444 :0]   +--------------------------+---------------------------------------------------+----------------+
[1790055265.986379] [local:3444 :0]   +--------------------------+----------------------------------------------------+
[1790055265.986380] [local:3444 :0]   | ucp_context_0 self cfg#0 | active message by ucp_am_send* from host memory    |
[1790055265.986380] [local:3444 :0]   +--------------------------+-------------------------------------------------+--+
[1790055265.986381] [local:3444 :0]   +--------------------------+-------------------------------------------------+--+
[1790055265.986391] [local:3444 :0]   +--------------------------+--------------------------------------------------------------------+
[1790055265.986392] [local:3444 :0]   | ucp_context_0 self cfg#0 | active message by ucp_am_send* with reply flag from host memory    |
[1790055265.986392] [local:3444 :0]   +--------------------------+-----------------------------------------------------------------+--+
[1790055265.986393] [local:3444 :0]   +--------------------------+-----------------------------------------------------------------+--+
[1790055266.358285] [local:3444 :0]   +--------------------------+-------------------------------------------------------------+
[1790055266.358289] [local:3444 :0]   | ucp_context_0 self cfg#0 | remote memory write by ucp_put* from host memory to host    |
[1790055266.358290] [local:3444 :0]   +--------------------------+--------------------------------------------+----------------+
[1790055266.358290] [local:3444 :0]   |            0..4294967295 | short                                      | cuda_copy/cuda |
[1790055266.358291] [local:3444 :0]   +--------------------------+--------------------------------------------+----------------+
[1790055266.358317] [local:3444 :0]   +--------------------------+------------------------------------------------------------------------------+
[1790055266.358317] [local:3444 :0]   | ucp_context_0 self cfg#0 | remote memory write by ucp_put*(fast-completion) from host memory to host    |
[1790055266.358318] [local:3444 :0]   +--------------------------+-------------------------------------------------------------+----------------+
[1790055266.358319] [local:3444 :0]   |            0..4294967295 | short                                                       | cuda_copy/cuda |
[1790055266.358319] [local:3444 :0]   +--------------------------+-------------------------------------------------------------+----------------+
[1790055266.358343] [local:3444 :0]   +--------------------------+--------------------------------------------------------------------+
[1790055266.358343] [local:3444 :0]   | ucp_context_0 self cfg#0 | remote memory write by ucp_put*(multi) from host memory to host    |
[1790055266.358344] [local:3444 :0]   +--------------------------+---------------------------------------------------+----------------+
[1790055266.358345] [local:3444 :0]   |            0..4294967295 | short                                             | cuda_copy/cuda |
[1790055266.358345] [local:3444 :0]   +--------------------------+---------------------------------------------------+----------------+
[1790055266.358382] [local:3444 :0]   +--------------------------+----------------------------------------------------+
[1790055266.358383] [local:3444 :0]   | ucp_context_0 self cfg#0 | active message by ucp_am_send* from host memory    |
[1790055266.358383] [local:3444 :0]   +--------------------------+-------------------------------------------------+--+
[1790055266.358384] [local:3444 :0]   +--------------------------+-------------------------------------------------+--+
[1790055266.358394] [local:3444 :0]   +--------------------------+--------------------------------------------------------------------+
[1790055266.358408] [local:3444 :0]   | ucp_context_0 self cfg#0 | active message by ucp_am_send* with reply flag from host memory    |
[1790055266.358409] [local:3444 :0]   +--------------------------+-----------------------------------------------------------------+--+
[1790055266.358409] [local:3444 :0]   +--------------------------+-----------------------------------------------------------------+--+
[1790055266.713319] [local:3444 :0]   +--------------------------+-------------------------------------------------------------+
[1790055266.713325] [local:3444 :0]   | ucp_context_0 self cfg#0 | remote memory write by ucp_put* from host memory to host    |
[1790055266.713326] [local:3444 :0]   +--------------------------+--------------------------------------------+----------------+
[1790055266.713327] [local:3444 :0]   |            0..4294967295 | short                                      | cuda_copy/cuda |
[1790055266.713327] [local:3444 :0]   +--------------------------+--------------------------------------------+----------------+
[1790055266.713356] [local:3444 :0]   +--------------------------+------------------------------------------------------------------------------+
[1790055266.713356] [local:3444 :0]   | ucp_context_0 self cfg#0 | remote memory write by ucp_put*(fast-completion) from host memory to host    |
[1790055266.713357] [local:3444 :0]   +--------------------------+-------------------------------------------------------------+----------------+
[1790055266.713358] [local:3444 :0]   |            0..4294967295 | short                                                       | cuda_copy/cuda |
[1790055266.713358] [local:3444 :0]   +--------------------------+-------------------------------------------------------------+----------------+
[1790055266.713382] [local:3444 :0]   +--------------------------+--------------------------------------------------------------------+
[1790055266.713383] [local:3444 :0]   | ucp_context_0 self cfg#0 | remote memory write by ucp_put*(multi) from host memory to host    |
[1790055266.713383] [local:3444 :0]   +--------------------------+---------------------------------------------------+----------------+
[1790055266.713384] [local:3444 :0]   |            0..4294967295 | short                                             | cuda_copy/cuda |
[1790055266.713385] [local:3444 :0]   +--------------------------+---------------------------------------------------+----------------+
[1790055266.713423] [local:3444 :0]   +--------------------------+----------------------------------------------------+
[1790055266.713423] [local:3444 :0]   | ucp_context_0 self cfg#0 | active message by ucp_am_send* from host memory    |
[1790055266.713424] [local:3444 :0]   +--------------------------+-------------------------------------------------+--+
[1790055266.713425] [local:3444 :0]   +--------------------------+-------------------------------------------------+--+
[1790055266.713436] [local:3444 :0]   +--------------------------+--------------------------------------------------------------------+
[1790055266.713436] [local:3444 :0]   | ucp_context_0 self cfg#0 | active message by ucp_am_send* with reply flag from host memory    |
[1790055266.713437] [local:3444 :0]   +--------------------------+-----------------------------------------------------------------+--+
[1790055266.713438] [local:3444 :0]   +--------------------------+-----------------------------------------------------------------+--+
[1790055266.715449] [local:3444 :0]      ucp_worker.c:1984 UCX  INFO    ucp_context_0 self cfg#1 rma(rc_mlx5/mlx5_6:1)  amo(rc_mlx5/mlx5_6:1)  device(cuda_ipc/cuda rc_gda/cuda2-mlx5_6:1 rc_gda/cuda2-mlx5_6:1)  am(rc_mlx5/mlx5_6:1 rc_mlx5/mlx5_6:1 cuda_ipc/cuda)  ka(ud_mlx5/mlx5_6:1)
[1790055266.722856] [local:3444 :0]   +--------------------------+-------------------------------------------------------------+
[1790055266.722860] [local:3444 :0]   | ucp_context_0 self cfg#1 | remote memory write by ucp_put* from host memory to host    |
[1790055266.722861] [local:3444 :0]   +--------------------------+------------+------------------------------------------------+
[1790055266.722877] [local:3444 :0]   |                   0..220 | short      | rc_mlx5/mlx5_6:1/path0                         |
[1790055266.722878] [local:3444 :0]   |                221..1193 | copy-in    | rc_mlx5/mlx5_6:1/path0                         |
[1790055266.722879] [local:3444 :0]   |                1194..inf | zero-copy  | rc_mlx5/mlx5_6:1 50% on path0 and 50% on path1 |
[1790055266.722879] [local:3444 :0]   +--------------------------+------------+------------------------------------------------+
[1790055266.722996] [local:3444 :0]   +--------------------------+------------------------------------------------------------------------------+
[1790055266.722997] [local:3444 :0]   | ucp_context_0 self cfg#1 | remote memory write by ucp_put*(fast-completion) from host memory to host    |
[1790055266.722997] [local:3444 :0]   +--------------------------+-----------------------------+------------------------------------------------+
[1790055266.722998] [local:3444 :0]   |                   0..220 | short                       | rc_mlx5/mlx5_6:1/path0                         |
[1790055266.722998] [local:3444 :0]   |                221..9292 | copy-in                     | rc_mlx5/mlx5_6:1/path0                         |
[1790055266.722999] [local:3444 :0]   |                9293..inf | zero-copy                   | rc_mlx5/mlx5_6:1 50% on path0 and 50% on path1 |
[1790055266.722999] [local:3444 :0]   +--------------------------+-----------------------------+------------------------------------------------+
[1790055266.723091] [local:3444 :0]   +--------------------------+--------------------------------------------------------------------+
[1790055266.723092] [local:3444 :0]   | ucp_context_0 self cfg#1 | remote memory write by ucp_put*(multi) from host memory to host    |
[1790055266.723092] [local:3444 :0]   +--------------------------+-------------------+------------------------------------------------+
[1790055266.723093] [local:3444 :0]   |                   0..220 | short             | rc_mlx5/mlx5_6:1/path0                         |
[1790055266.723094] [local:3444 :0]   |                221..1285 | copy-in           | rc_mlx5/mlx5_6:1/path0                         |
[1790055266.723094] [local:3444 :0]   |                1286..inf | zero-copy         | rc_mlx5/mlx5_6:1 50% on path0 and 50% on path1 |
[1790055266.723095] [local:3444 :0]   +--------------------------+-------------------+------------------------------------------------+
[1790055266.731486] [local:3444 :0]   +--------------------------+--------------------------------------------------------------------+
[1790055266.731490] [local:3444 :0]   | ucp_context_0 self cfg#1 | remote memory write by ucp_put* from host memory to cuda/dev[2]    |
[1790055266.731491] [local:3444 :0]   +--------------------------+-------------------+------------------------------------------------+
[1790055266.731491] [local:3444 :0]   |                   0..220 | short             | rc_mlx5/mlx5_6:1/path0                         |
[1790055266.731492] [local:3444 :0]   |                221..1193 | copy-in           | rc_mlx5/mlx5_6:1/path0                         |
[1790055266.731493] [local:3444 :0]   |                1194..inf | zero-copy         | rc_mlx5/mlx5_6:1 50% on path0 and 50% on path1 |
[1790055266.731493] [local:3444 :0]   +--------------------------+-------------------+------------------------------------------------+
[1790055266.731579] [local:3444 :0]   +--------------------------+-------------------------------------------------------------------------------------+
[1790055266.731579] [local:3444 :0]   | ucp_context_0 self cfg#1 | remote memory write by ucp_put*(fast-completion) from host memory to cuda/dev[2]    |
[1790055266.731580] [local:3444 :0]   +--------------------------+------------------------------------+------------------------------------------------+
[1790055266.731581] [local:3444 :0]   |                   0..220 | short                              | rc_mlx5/mlx5_6:1/path0                         |
[1790055266.731594] [local:3444 :0]   |                221..9292 | copy-in                            | rc_mlx5/mlx5_6:1/path0                         |
[1790055266.731595] [local:3444 :0]   |                9293..inf | zero-copy                          | rc_mlx5/mlx5_6:1 50% on path0 and 50% on path1 |
[1790055266.731595] [local:3444 :0]   +--------------------------+------------------------------------+------------------------------------------------+
[1790055266.731682] [local:3444 :0]   +--------------------------+---------------------------------------------------------------------------+
[1790055266.731683] [local:3444 :0]   | ucp_context_0 self cfg#1 | remote memory write by ucp_put*(multi) from host memory to cuda/dev[2]    |
[1790055266.731684] [local:3444 :0]   +--------------------------+--------------------------+------------------------------------------------+
[1790055266.731684] [local:3444 :0]   |                   0..220 | short                    | rc_mlx5/mlx5_6:1/path0                         |
[1790055266.731685] [local:3444 :0]   |                221..1285 | copy-in                  | rc_mlx5/mlx5_6:1/path0                         |
[1790055266.731685] [local:3444 :0]   |                1286..inf | zero-copy                | rc_mlx5/mlx5_6:1 50% on path0 and 50% on path1 |
[1790055266.731686] [local:3444 :0]   +--------------------------+--------------------------+------------------------------------------------+
[1790055266.731949] [local:3444 :0]   +--------------------------+----------------------------------------------------+
[1790055266.731950] [local:3444 :0]   | ucp_context_0 self cfg#1 | active message by ucp_am_send* from host memory    |
[1790055266.731950] [local:3444 :0]   +--------------------------+---------------------------+------------------------+
[1790055266.731951] [local:3444 :0]   |                   0..226 | short                     | rc_mlx5/mlx5_6:1/path0 |
[1790055266.731952] [local:3444 :0]   |                 227..404 | copy-in                   | rc_mlx5/mlx5_6:1/path0 |
[1790055266.731952] [local:3444 :0]   |                405..8246 | zero-copy                 | rc_mlx5/mlx5_6:1/path0 |
[1790055266.731953] [local:3444 :0]   |                8247..inf | multi-frag zero-copy      | rc_mlx5/mlx5_6:1/path0 |
[1790055266.731953] [local:3444 :0]   +--------------------------+---------------------------+------------------------+
[1790055266.732130] [local:3444 :0]   +--------------------------+---------------------------------------------------------------------+
[1790055266.732130] [local:3444 :0]   | ucp_context_0 self cfg#1 | active message by ucp_am_send*(fast-completion) from host memory    |
[1790055266.732131] [local:3444 :0]   +--------------------------+--------------------------------------------+------------------------+
[1790055266.732131] [local:3444 :0]   |                   0..226 | short                                      | rc_mlx5/mlx5_6:1/path0 |
[1790055266.732132] [local:3444 :0]   |                227..8246 | copy-in                                    | rc_mlx5/mlx5_6:1/path0 |
[1790055266.732132] [local:3444 :0]   |               8247..9187 | multi-frag copy-in                         | rc_mlx5/mlx5_6:1/path0 |
[1790055266.732133] [local:3444 :0]   |                9188..inf | multi-frag zero-copy                       | rc_mlx5/mlx5_6:1/path0 |
[1790055266.732134] [local:3444 :0]   +--------------------------+--------------------------------------------+------------------------+
[1790055266.732706] [local:3444 :0]   +--------------------------+-----------------------------------------------------------+
[1790055266.732707] [local:3444 :0]   | ucp_context_0 self cfg#1 | active message by ucp_am_send*(multi) from host memory    |
[1790055266.732707] [local:3444 :0]   +--------------------------+----------------------------------+------------------------+
[1790055266.732708] [local:3444 :0]   |                   0..226 | short                            | rc_mlx5/mlx5_6:1/path0 |
[1790055266.732708] [local:3444 :0]   |                 227..440 | copy-in                          | rc_mlx5/mlx5_6:1/path0 |
[1790055266.732714] [local:3444 :0]   |                441..8246 | zero-copy                        | rc_mlx5/mlx5_6:1/path0 |
[1790055266.732715] [local:3444 :0]   |                8247..inf | multi-frag zero-copy             | rc_mlx5/mlx5_6:1/path0 |
[1790055266.732715] [local:3444 :0]   +--------------------------+----------------------------------+------------------------+
[1790055266.732889] [local:3444 :0]   +--------------------------+--------------------------------------------------------------------+
[1790055266.732889] [local:3444 :0]   | ucp_context_0 self cfg#1 | active message by ucp_am_send* with reply flag from host memory    |
[1790055266.732890] [local:3444 :0]   +--------------------------+-------------------------------------------+------------------------+
[1790055266.732890] [local:3444 :0]   |                   0..218 | short                                     | rc_mlx5/mlx5_6:1/path0 |
[1790055266.732891] [local:3444 :0]   |                 219..404 | copy-in                                   | rc_mlx5/mlx5_6:1/path0 |
[1790055266.732891] [local:3444 :0]   |                405..8238 | zero-copy                                 | rc_mlx5/mlx5_6:1/path0 |
[1790055266.732892] [local:3444 :0]   |                8239..inf | multi-frag zero-copy                      | rc_mlx5/mlx5_6:1/path0 |
[1790055266.732892] [local:3444 :0]   +--------------------------+-------------------------------------------+------------------------+
[1790055266.733062] [local:3444 :0]   +--------------------------+-------------------------------------------------------------------------------------+
[1790055266.733063] [local:3444 :0]   | ucp_context_0 self cfg#1 | active message by ucp_am_send* with reply flag(fast-completion) from host memory    |
[1790055266.733063] [local:3444 :0]   +--------------------------+------------------------------------------------------------+------------------------+
[1790055266.733064] [local:3444 :0]   |                   0..218 | short                                                      | rc_mlx5/mlx5_6:1/path0 |
[1790055266.733064] [local:3444 :0]   |                219..8238 | copy-in                                                    | rc_mlx5/mlx5_6:1/path0 |
[1790055266.733065] [local:3444 :0]   |               8239..9187 | multi-frag copy-in                                         | rc_mlx5/mlx5_6:1/path0 |
[1790055266.733066] [local:3444 :0]   |                9188..inf | multi-frag zero-copy                                       | rc_mlx5/mlx5_6:1/path0 |
[1790055266.733066] [local:3444 :0]   +--------------------------+------------------------------------------------------------+------------------------+
[1790055266.733239] [local:3444 :0]   +--------------------------+---------------------------------------------------------------------------+
[1790055266.733240] [local:3444 :0]   | ucp_context_0 self cfg#1 | active message by ucp_am_send* with reply flag(multi) from host memory    |
[1790055266.733240] [local:3444 :0]   +--------------------------+--------------------------------------------------+------------------------+
[1790055266.733241] [local:3444 :0]   |                   0..218 | short                                            | rc_mlx5/mlx5_6:1/path0 |
[1790055266.733241] [local:3444 :0]   |                 219..440 | copy-in                                          | rc_mlx5/mlx5_6:1/path0 |
[1790055266.733242] [local:3444 :0]   |                441..8238 | zero-copy                                        | rc_mlx5/mlx5_6:1/path0 |
[1790055266.733242] [local:3444 :0]   |                8239..inf | multi-frag zero-copy                             | rc_mlx5/mlx5_6:1/path0 |
[1790055266.733243] [local:3444 :0]   +--------------------------+--------------------------------------------------+------------------------+
[1790055266.806815] [local:3444 :0]      ucp_worker.c:1984 UCX  INFO    ucp_context_0 intra-node cfg#1 rma(rc_mlx5/mlx5_6:1)  amo(rc_mlx5/mlx5_6:1)  device(cuda_ipc/cuda rc_gda/cuda2-mlx5_6:1 rc_gda/cuda2-mlx5_6:1)  am(rc_mlx5/mlx5_6:1 rc_mlx5/mlx5_6:1 cuda_ipc/cuda)  ka(ud_mlx5/mlx5_6:1)
[1790055266.816532] [local:3444 :0]   +--------------------------------+-------------------------------------------------------------+
[1790055266.816536] [local:3444 :0]   | ucp_context_0 intra-node cfg#1 | remote memory write by ucp_put* from host memory to host    |
[1790055266.816537] [local:3444 :0]   +--------------------------------+------------+------------------------------------------------+
[1790055266.816537] [local:3444 :0]   |                         0..220 | short      | rc_mlx5/mlx5_6:1/path0                         |
[1790055266.816538] [local:3444 :0]   |                      221..1193 | copy-in    | rc_mlx5/mlx5_6:1/path0                         |
[1790055266.816539] [local:3444 :0]   |                      1194..inf | zero-copy  | rc_mlx5/mlx5_6:1 50% on path0 and 50% on path1 |
[1790055266.816539] [local:3444 :0]   +--------------------------------+------------+------------------------------------------------+
[1790055266.816637] [local:3444 :0]   +--------------------------------+------------------------------------------------------------------------------+
[1790055266.816638] [local:3444 :0]   | ucp_context_0 intra-node cfg#1 | remote memory write by ucp_put*(fast-completion) from host memory to host    |
[1790055266.816639] [local:3444 :0]   +--------------------------------+-----------------------------+------------------------------------------------+
[1790055266.816640] [local:3444 :0]   |                         0..220 | short                       | rc_mlx5/mlx5_6:1/path0                         |
[1790055266.816640] [local:3444 :0]   |                      221..9292 | copy-in                     | rc_mlx5/mlx5_6:1/path0                         |
[1790055266.816641] [local:3444 :0]   |                      9293..inf | zero-copy                   | rc_mlx5/mlx5_6:1 50% on path0 and 50% on path1 |
[1790055266.816641] [local:3444 :0]   +--------------------------------+-----------------------------+------------------------------------------------+
[1790055266.816712] [local:3444 :0]   +--------------------------------+--------------------------------------------------------------------+
[1790055266.816713] [local:3444 :0]   | ucp_context_0 intra-node cfg#1 | remote memory write by ucp_put*(multi) from host memory to host    |
[1790055266.816714] [local:3444 :0]   +--------------------------------+-------------------+------------------------------------------------+
[1790055266.816714] [local:3444 :0]   |                         0..220 | short             | rc_mlx5/mlx5_6:1/path0                         |
[1790055266.816715] [local:3444 :0]   |                      221..1285 | copy-in           | rc_mlx5/mlx5_6:1/path0                         |
[1790055266.816716] [local:3444 :0]   |                      1286..inf | zero-copy         | rc_mlx5/mlx5_6:1 50% on path0 and 50% on path1 |
[1790055266.816716] [local:3444 :0]   +--------------------------------+-------------------+------------------------------------------------+
[1790055266.816984] [local:3444 :0]   +--------------------------------+--------------------------------------------------------------------+
[1790055266.816985] [local:3444 :0]   | ucp_context_0 intra-node cfg#1 | remote memory write by ucp_put* from host memory to cuda/dev[2]    |
[1790055266.816985] [local:3444 :0]   +--------------------------------+-------------------+------------------------------------------------+
[1790055266.816986] [local:3444 :0]   |                         0..220 | short             | rc_mlx5/mlx5_6:1/path0                         |
[1790055266.816986] [local:3444 :0]   |                      221..1193 | copy-in           | rc_mlx5/mlx5_6:1/path0                         |
[1790055266.816987] [local:3444 :0]   |                      1194..inf | zero-copy         | rc_mlx5/mlx5_6:1 50% on path0 and 50% on path1 |
[1790055266.816988] [local:3444 :0]   +--------------------------------+-------------------+------------------------------------------------+
[1790055266.817068] [local:3444 :0]   +--------------------------------+-------------------------------------------------------------------------------------+
[1790055266.817069] [local:3444 :0]   | ucp_context_0 intra-node cfg#1 | remote memory write by ucp_put*(fast-completion) from host memory to cuda/dev[2]    |
[1790055266.817069] [local:3444 :0]   +--------------------------------+------------------------------------+------------------------------------------------+
[1790055266.817070] [local:3444 :0]   |                         0..220 | short                              | rc_mlx5/mlx5_6:1/path0                         |
[1790055266.817070] [local:3444 :0]   |                      221..9292 | copy-in                            | rc_mlx5/mlx5_6:1/path0                         |
[1790055266.817071] [local:3444 :0]   |                      9293..inf | zero-copy                          | rc_mlx5/mlx5_6:1 50% on path0 and 50% on path1 |
[1790055266.817071] [local:3444 :0]   +--------------------------------+------------------------------------+------------------------------------------------+
[1790055266.817145] [local:3444 :0]   +--------------------------------+---------------------------------------------------------------------------+
[1790055266.817145] [local:3444 :0]   | ucp_context_0 intra-node cfg#1 | remote memory write by ucp_put*(multi) from host memory to cuda/dev[2]    |
[1790055266.817146] [local:3444 :0]   +--------------------------------+--------------------------+------------------------------------------------+
[1790055266.817146] [local:3444 :0]   |                         0..220 | short                    | rc_mlx5/mlx5_6:1/path0                         |
[1790055266.817147] [local:3444 :0]   |                      221..1285 | copy-in                  | rc_mlx5/mlx5_6:1/path0                         |
[1790055266.817147] [local:3444 :0]   |                      1286..inf | zero-copy                | rc_mlx5/mlx5_6:1 50% on path0 and 50% on path1 |
[1790055266.817148] [local:3444 :0]   +--------------------------------+--------------------------+------------------------------------------------+
[1790055266.817388] [local:3444 :0]   +--------------------------------+----------------------------------------------------+
[1790055266.817389] [local:3444 :0]   | ucp_context_0 intra-node cfg#1 | active message by ucp_am_send* from host memory    |
[1790055266.817390] [local:3444 :0]   +--------------------------------+---------------------------+------------------------+
[1790055266.817391] [local:3444 :0]   |                         0..226 | short                     | rc_mlx5/mlx5_6:1/path0 |
[1790055266.817391] [local:3444 :0]   |                       227..404 | copy-in                   | rc_mlx5/mlx5_6:1/path0 |
[1790055266.817392] [local:3444 :0]   |                      405..8246 | zero-copy                 | rc_mlx5/mlx5_6:1/path0 |
[1790055266.817392] [local:3444 :0]   |                      8247..inf | multi-frag zero-copy      | rc_mlx5/mlx5_6:1/path0 |
[1790055266.817393] [local:3444 :0]   +--------------------------------+---------------------------+------------------------+
[1790055266.817547] [local:3444 :0]   +--------------------------------+---------------------------------------------------------------------+
[1790055266.817548] [local:3444 :0]   | ucp_context_0 intra-node cfg#1 | active message by ucp_am_send*(fast-completion) from host memory    |
[1790055266.817548] [local:3444 :0]   +--------------------------------+--------------------------------------------+------------------------+
[1790055266.817549] [local:3444 :0]   |                         0..226 | short                                      | rc_mlx5/mlx5_6:1/path0 |
[1790055266.817549] [local:3444 :0]   |                      227..8246 | copy-in                                    | rc_mlx5/mlx5_6:1/path0 |
[1790055266.817550] [local:3444 :0]   |                     8247..9187 | multi-frag copy-in                         | rc_mlx5/mlx5_6:1/path0 |
[1790055266.817550] [local:3444 :0]   |                      9188..inf | multi-frag zero-copy                       | rc_mlx5/mlx5_6:1/path0 |
[1790055266.817555] [local:3444 :0]   +--------------------------------+--------------------------------------------+------------------------+
[1790055266.818050] [local:3444 :0]   +--------------------------------+-----------------------------------------------------------+
[1790055266.818051] [local:3444 :0]   | ucp_context_0 intra-node cfg#1 | active message by ucp_am_send*(multi) from host memory    |
[1790055266.818052] [local:3444 :0]   +--------------------------------+----------------------------------+------------------------+
[1790055266.818052] [local:3444 :0]   |                         0..226 | short                            | rc_mlx5/mlx5_6:1/path0 |
[1790055266.818053] [local:3444 :0]   |                       227..440 | copy-in                          | rc_mlx5/mlx5_6:1/path0 |
[1790055266.818053] [local:3444 :0]   |                      441..8246 | zero-copy                        | rc_mlx5/mlx5_6:1/path0 |
[1790055266.818054] [local:3444 :0]   |                      8247..inf | multi-frag zero-copy             | rc_mlx5/mlx5_6:1/path0 |
[1790055266.818055] [local:3444 :0]   +--------------------------------+----------------------------------+------------------------+
[1790055266.818203] [local:3444 :0]   +--------------------------------+--------------------------------------------------------------------+
[1790055266.818204] [local:3444 :0]   | ucp_context_0 intra-node cfg#1 | active message by ucp_am_send* with reply flag from host memory    |
[1790055266.818205] [local:3444 :0]   +--------------------------------+-------------------------------------------+------------------------+
[1790055266.818205] [local:3444 :0]   |                         0..218 | short                                     | rc_mlx5/mlx5_6:1/path0 |
[1790055266.818206] [local:3444 :0]   |                       219..404 | copy-in                                   | rc_mlx5/mlx5_6:1/path0 |
[1790055266.818206] [local:3444 :0]   |                      405..8238 | zero-copy                                 | rc_mlx5/mlx5_6:1/path0 |
[1790055266.818207] [local:3444 :0]   |                      8239..inf | multi-frag zero-copy                      | rc_mlx5/mlx5_6:1/path0 |
[1790055266.818207] [local:3444 :0]   +--------------------------------+-------------------------------------------+------------------------+
[1790055266.818378] [local:3444 :0]   +--------------------------------+-------------------------------------------------------------------------------------+
[1790055266.818379] [local:3444 :0]   | ucp_context_0 intra-node cfg#1 | active message by ucp_am_send* with reply flag(fast-completion) from host memory    |
[1790055266.818379] [local:3444 :0]   +--------------------------------+------------------------------------------------------------+------------------------+
[1790055266.818380] [local:3444 :0]   |                         0..218 | short                                                      | rc_mlx5/mlx5_6:1/path0 |
[1790055266.818381] [local:3444 :0]   |                      219..8238 | copy-in                                                    | rc_mlx5/mlx5_6:1/path0 |
[1790055266.818381] [local:3444 :0]   |                     8239..9187 | multi-frag copy-in                                         | rc_mlx5/mlx5_6:1/path0 |
[1790055266.818382] [local:3444 :0]   |                      9188..inf | multi-frag zero-copy                                       | rc_mlx5/mlx5_6:1/path0 |
[1790055266.818382] [local:3444 :0]   +--------------------------------+------------------------------------------------------------+------------------------+
[1790055266.818545] [local:3444 :0]   +--------------------------------+---------------------------------------------------------------------------+
[1790055266.818546] [local:3444 :0]   | ucp_context_0 intra-node cfg#1 | active message by ucp_am_send* with reply flag(multi) from host memory    |
[1790055266.818547] [local:3444 :0]   +--------------------------------+--------------------------------------------------+------------------------+
[1790055266.818552] [local:3444 :0]   |                         0..218 | short                                            | rc_mlx5/mlx5_6:1/path0 |
[1790055266.818552] [local:3444 :0]   |                       219..440 | copy-in                                          | rc_mlx5/mlx5_6:1/path0 |
[1790055266.818553] [local:3444 :0]   |                      441..8238 | zero-copy                                        | rc_mlx5/mlx5_6:1/path0 |
[1790055266.818554] [local:3444 :0]   |                      8239..inf | multi-frag zero-copy                             | rc_mlx5/mlx5_6:1/path0 |
[1790055266.818554] [local:3444 :0]   +--------------------------------+--------------------------------------------------+------------------------+
[1790055266.890189] [local:3444 :0]      ucp_worker.c:1984 UCX  INFO    ucp_context_0 intra-node cfg#1 rma(rc_mlx5/mlx5_6:1)  amo(rc_mlx5/mlx5_6:1)  device(cuda_ipc/cuda rc_gda/cuda2-mlx5_6:1 rc_gda/cuda2-mlx5_6:1)  am(rc_mlx5/mlx5_6:1 rc_mlx5/mlx5_6:1 cuda_ipc/cuda)  ka(ud_mlx5/mlx5_6:1)
[1790055266.899671] [local:3444 :0]   +--------------------------------+-------------------------------------------------------------+
[1790055266.899674] [local:3444 :0]   | ucp_context_0 intra-node cfg#1 | remote memory write by ucp_put* from host memory to host    |
[1790055266.899675] [local:3444 :0]   +--------------------------------+------------+------------------------------------------------+
[1790055266.899675] [local:3444 :0]   |                         0..220 | short      | rc_mlx5/mlx5_6:1/path0                         |
[1790055266.899676] [local:3444 :0]   |                      221..1193 | copy-in    | rc_mlx5/mlx5_6:1/path0                         |
[1790055266.899677] [local:3444 :0]   |                      1194..inf | zero-copy  | rc_mlx5/mlx5_6:1 50% on path0 and 50% on path1 |
[1790055266.899677] [local:3444 :0]   +--------------------------------+------------+------------------------------------------------+
[1790055266.899760] [local:3444 :0]   +--------------------------------+------------------------------------------------------------------------------+
[1790055266.899761] [local:3444 :0]   | ucp_context_0 intra-node cfg#1 | remote memory write by ucp_put*(fast-completion) from host memory to host    |
[1790055266.899762] [local:3444 :0]   +--------------------------------+-----------------------------+------------------------------------------------+
[1790055266.899762] [local:3444 :0]   |                         0..220 | short                       | rc_mlx5/mlx5_6:1/path0                         |
[1790055266.899763] [local:3444 :0]   |                      221..9292 | copy-in                     | rc_mlx5/mlx5_6:1/path0                         |
[1790055266.899764] [local:3444 :0]   |                      9293..inf | zero-copy                   | rc_mlx5/mlx5_6:1 50% on path0 and 50% on path1 |
[1790055266.899764] [local:3444 :0]   +--------------------------------+-----------------------------+------------------------------------------------+
[1790055266.899829] [local:3444 :0]   +--------------------------------+--------------------------------------------------------------------+
[1790055266.899830] [local:3444 :0]   | ucp_context_0 intra-node cfg#1 | remote memory write by ucp_put*(multi) from host memory to host    |
[1790055266.899830] [local:3444 :0]   +--------------------------------+-------------------+------------------------------------------------+
[1790055266.899831] [local:3444 :0]   |                         0..220 | short             | rc_mlx5/mlx5_6:1/path0                         |
[1790055266.899832] [local:3444 :0]   |                      221..1285 | copy-in           | rc_mlx5/mlx5_6:1/path0                         |
[1790055266.899832] [local:3444 :0]   |                      1286..inf | zero-copy         | rc_mlx5/mlx5_6:1 50% on path0 and 50% on path1 |
[1790055266.899833] [local:3444 :0]   +--------------------------------+-------------------+------------------------------------------------+
[1790055266.900109] [local:3444 :0]   +--------------------------------+--------------------------------------------------------------------+
[1790055266.900110] [local:3444 :0]   | ucp_context_0 intra-node cfg#1 | remote memory write by ucp_put* from host memory to cuda/dev[2]    |
[1790055266.900111] [local:3444 :0]   +--------------------------------+-------------------+------------------------------------------------+
[1790055266.900111] [local:3444 :0]   |                         0..220 | short             | rc_mlx5/mlx5_6:1/path0                         |
[1790055266.900112] [local:3444 :0]   |                      221..1193 | copy-in           | rc_mlx5/mlx5_6:1/path0                         |
[1790055266.900112] [local:3444 :0]   |                      1194..inf | zero-copy         | rc_mlx5/mlx5_6:1 50% on path0 and 50% on path1 |
[1790055266.900113] [local:3444 :0]   +--------------------------------+-------------------+------------------------------------------------+
[1790055266.900173] [local:3444 :0]   +--------------------------------+-------------------------------------------------------------------------------------+
[1790055266.900174] [local:3444 :0]   | ucp_context_0 intra-node cfg#1 | remote memory write by ucp_put*(fast-completion) from host memory to cuda/dev[2]    |
[1790055266.900175] [local:3444 :0]   +--------------------------------+------------------------------------+------------------------------------------------+
[1790055266.900175] [local:3444 :0]   |                         0..220 | short                              | rc_mlx5/mlx5_6:1/path0                         |
[1790055266.900176] [local:3444 :0]   |                      221..9292 | copy-in                            | rc_mlx5/mlx5_6:1/path0                         |
[1790055266.900176] [local:3444 :0]   |                      9293..inf | zero-copy                          | rc_mlx5/mlx5_6:1 50% on path0 and 50% on path1 |
[1790055266.900177] [local:3444 :0]   +--------------------------------+------------------------------------+------------------------------------------------+
[1790055266.900246] [local:3444 :0]   +--------------------------------+---------------------------------------------------------------------------+
[1790055266.900247] [local:3444 :0]   | ucp_context_0 intra-node cfg#1 | remote memory write by ucp_put*(multi) from host memory to cuda/dev[2]    |
[1790055266.900247] [local:3444 :0]   +--------------------------------+--------------------------+------------------------------------------------+
[1790055266.900248] [local:3444 :0]   |                         0..220 | short                    | rc_mlx5/mlx5_6:1/path0                         |
[1790055266.900248] [local:3444 :0]   |                      221..1285 | copy-in                  | rc_mlx5/mlx5_6:1/path0                         |
[1790055266.900249] [local:3444 :0]   |                      1286..inf | zero-copy                | rc_mlx5/mlx5_6:1 50% on path0 and 50% on path1 |
[1790055266.900249] [local:3444 :0]   +--------------------------------+--------------------------+------------------------------------------------+
[1790055266.900477] [local:3444 :0]   +--------------------------------+----------------------------------------------------+
[1790055266.900478] [local:3444 :0]   | ucp_context_0 intra-node cfg#1 | active message by ucp_am_send* from host memory    |
[1790055266.900479] [local:3444 :0]   +--------------------------------+---------------------------+------------------------+
[1790055266.900479] [local:3444 :0]   |                         0..226 | short                     | rc_mlx5/mlx5_6:1/path0 |
[1790055266.900480] [local:3444 :0]   |                       227..404 | copy-in                   | rc_mlx5/mlx5_6:1/path0 |
[1790055266.900480] [local:3444 :0]   |                      405..8246 | zero-copy                 | rc_mlx5/mlx5_6:1/path0 |
[1790055266.900481] [local:3444 :0]   |                      8247..inf | multi-frag zero-copy      | rc_mlx5/mlx5_6:1/path0 |
[1790055266.900481] [local:3444 :0]   +--------------------------------+---------------------------+------------------------+
[1790055266.900622] [local:3444 :0]   +--------------------------------+---------------------------------------------------------------------+
[1790055266.900622] [local:3444 :0]   | ucp_context_0 intra-node cfg#1 | active message by ucp_am_send*(fast-completion) from host memory    |
[1790055266.900623] [local:3444 :0]   +--------------------------------+--------------------------------------------+------------------------+
[1790055266.900623] [local:3444 :0]   |                         0..226 | short                                      | rc_mlx5/mlx5_6:1/path0 |
[1790055266.900624] [local:3444 :0]   |                      227..8246 | copy-in                                    | rc_mlx5/mlx5_6:1/path0 |
[1790055266.900624] [local:3444 :0]   |                     8247..9187 | multi-frag copy-in                         | rc_mlx5/mlx5_6:1/path0 |
[1790055266.900625] [local:3444 :0]   |                      9188..inf | multi-frag zero-copy                       | rc_mlx5/mlx5_6:1/path0 |
[1790055266.900625] [local:3444 :0]   +--------------------------------+--------------------------------------------+------------------------+
[1790055266.901085] [local:3444 :0]   +--------------------------------+-----------------------------------------------------------+
[1790055266.901086] [local:3444 :0]   | ucp_context_0 intra-node cfg#1 | active message by ucp_am_send*(multi) from host memory    |
[1790055266.901086] [local:3444 :0]   +--------------------------------+----------------------------------+------------------------+
[1790055266.901087] [local:3444 :0]   |                         0..226 | short                            | rc_mlx5/mlx5_6:1/path0 |
[1790055266.901088] [local:3444 :0]   |                       227..440 | copy-in                          | rc_mlx5/mlx5_6:1/path0 |
[1790055266.901088] [local:3444 :0]   |                      441..8246 | zero-copy                        | rc_mlx5/mlx5_6:1/path0 |
[1790055266.901089] [local:3444 :0]   |                      8247..inf | multi-frag zero-copy             | rc_mlx5/mlx5_6:1/path0 |
[1790055266.901089] [local:3444 :0]   +--------------------------------+----------------------------------+------------------------+
[1790055266.901231] [local:3444 :0]   +--------------------------------+--------------------------------------------------------------------+
[1790055266.901231] [local:3444 :0]   | ucp_context_0 intra-node cfg#1 | active message by ucp_am_send* with reply flag from host memory    |
[1790055266.901232] [local:3444 :0]   +--------------------------------+-------------------------------------------+------------------------+
[1790055266.901232] [local:3444 :0]   |                         0..218 | short                                     | rc_mlx5/mlx5_6:1/path0 |
[1790055266.901233] [local:3444 :0]   |                       219..404 | copy-in                                   | rc_mlx5/mlx5_6:1/path0 |
[1790055266.901233] [local:3444 :0]   |                      405..8238 | zero-copy                                 | rc_mlx5/mlx5_6:1/path0 |
[1790055266.901234] [local:3444 :0]   |                      8239..inf | multi-frag zero-copy                      | rc_mlx5/mlx5_6:1/path0 |
[1790055266.901234] [local:3444 :0]   +--------------------------------+-------------------------------------------+------------------------+
[1790055266.901378] [local:3444 :0]   +--------------------------------+-------------------------------------------------------------------------------------+
[1790055266.901379] [local:3444 :0]   | ucp_context_0 intra-node cfg#1 | active message by ucp_am_send* with reply flag(fast-completion) from host memory    |
[1790055266.901379] [local:3444 :0]   +--------------------------------+------------------------------------------------------------+------------------------+
[1790055266.901380] [local:3444 :0]   |                         0..218 | short                                                      | rc_mlx5/mlx5_6:1/path0 |
[1790055266.901380] [local:3444 :0]   |                      219..8238 | copy-in                                                    | rc_mlx5/mlx5_6:1/path0 |
[1790055266.901384] [local:3444 :0]   |                     8239..9187 | multi-frag copy-in                                         | rc_mlx5/mlx5_6:1/path0 |
[1790055266.901385] [local:3444 :0]   |                      9188..inf | multi-frag zero-copy                                       | rc_mlx5/mlx5_6:1/path0 |
[1790055266.901385] [local:3444 :0]   +--------------------------------+------------------------------------------------------------+------------------------+
[1790055266.901542] [local:3444 :0]   +--------------------------------+---------------------------------------------------------------------------+
[1790055266.901543] [local:3444 :0]   | ucp_context_0 intra-node cfg#1 | active message by ucp_am_send* with reply flag(multi) from host memory    |
[1790055266.901543] [local:3444 :0]   +--------------------------------+--------------------------------------------------+------------------------+
[1790055266.901544] [local:3444 :0]   |                         0..218 | short                                            | rc_mlx5/mlx5_6:1/path0 |
[1790055266.901544] [local:3444 :0]   |                       219..440 | copy-in                                          | rc_mlx5/mlx5_6:1/path0 |
[1790055266.901545] [local:3444 :0]   |                      441..8238 | zero-copy                                        | rc_mlx5/mlx5_6:1/path0 |
[1790055266.901546] [local:3444 :0]   |                      8239..inf | multi-frag zero-copy                             | rc_mlx5/mlx5_6:1/path0 |
[1790055266.901546] [local:3444 :0]   +--------------------------------+--------------------------------------------------+------------------------+
[1790055266.972541] [local:3444 :0]      ucp_worker.c:1984 UCX  INFO    ucp_context_0 intra-node cfg#1 rma(rc_mlx5/mlx5_6:1)  amo(rc_mlx5/mlx5_6:1)  device(cuda_ipc/cuda rc_gda/cuda2-mlx5_6:1 rc_gda/cuda2-mlx5_6:1)  am(rc_mlx5/mlx5_6:1 rc_mlx5/mlx5_6:1 cuda_ipc/cuda)  ka(ud_mlx5/mlx5_6:1)
[1790055266.982696] [local:3444 :0]   +--------------------------------+-------------------------------------------------------------+
[1790055266.982699] [local:3444 :0]   | ucp_context_0 intra-node cfg#1 | remote memory write by ucp_put* from host memory to host    |
[1790055266.982700] [local:3444 :0]   +--------------------------------+------------+------------------------------------------------+
[1790055266.982700] [local:3444 :0]   |                         0..220 | short      | rc_mlx5/mlx5_6:1/path0                         |
[1790055266.982701] [local:3444 :0]   |                      221..1193 | copy-in    | rc_mlx5/mlx5_6:1/path0                         |
[1790055266.982701] [local:3444 :0]   |                      1194..inf | zero-copy  | rc_mlx5/mlx5_6:1 50% on path0 and 50% on path1 |
[1790055266.982702] [local:3444 :0]   +--------------------------------+------------+------------------------------------------------+
[1790055266.982783] [local:3444 :0]   +--------------------------------+------------------------------------------------------------------------------+
[1790055266.982784] [local:3444 :0]   | ucp_context_0 intra-node cfg#1 | remote memory write by ucp_put*(fast-completion) from host memory to host    |
[1790055266.982784] [local:3444 :0]   +--------------------------------+-----------------------------+------------------------------------------------+
[1790055266.982785] [local:3444 :0]   |                         0..220 | short                       | rc_mlx5/mlx5_6:1/path0                         |
[1790055266.982785] [local:3444 :0]   |                      221..9292 | copy-in                     | rc_mlx5/mlx5_6:1/path0                         |
[1790055266.982786] [local:3444 :0]   |                      9293..inf | zero-copy                   | rc_mlx5/mlx5_6:1 50% on path0 and 50% on path1 |
[1790055266.982786] [local:3444 :0]   +--------------------------------+-----------------------------+------------------------------------------------+
[1790055266.982853] [local:3444 :0]   +--------------------------------+--------------------------------------------------------------------+
[1790055266.982866] [local:3444 :0]   | ucp_context_0 intra-node cfg#1 | remote memory write by ucp_put*(multi) from host memory to host    |
[1790055266.982867] [local:3444 :0]   +--------------------------------+-------------------+------------------------------------------------+
[1790055266.982868] [local:3444 :0]   |                         0..220 | short             | rc_mlx5/mlx5_6:1/path0                         |
[1790055266.982868] [local:3444 :0]   |                      221..1285 | copy-in           | rc_mlx5/mlx5_6:1/path0                         |
[1790055266.982869] [local:3444 :0]   |                      1286..inf | zero-copy         | rc_mlx5/mlx5_6:1 50% on path0 and 50% on path1 |
[1790055266.982869] [local:3444 :0]   +--------------------------------+-------------------+------------------------------------------------+
[1790055266.983127] [local:3444 :0]   +--------------------------------+--------------------------------------------------------------------+
[1790055266.983128] [local:3444 :0]   | ucp_context_0 intra-node cfg#1 | remote memory write by ucp_put* from host memory to cuda/dev[2]    |
[1790055266.983128] [local:3444 :0]   +--------------------------------+-------------------+------------------------------------------------+
[1790055266.983129] [local:3444 :0]   |                         0..220 | short             | rc_mlx5/mlx5_6:1/path0                         |
[1790055266.983129] [local:3444 :0]   |                      221..1193 | copy-in           | rc_mlx5/mlx5_6:1/path0                         |
[1790055266.983130] [local:3444 :0]   |                      1194..inf | zero-copy         | rc_mlx5/mlx5_6:1 50% on path0 and 50% on path1 |
[1790055266.983130] [local:3444 :0]   +--------------------------------+-------------------+------------------------------------------------+
[1790055266.983189] [local:3444 :0]   +--------------------------------+-------------------------------------------------------------------------------------+
[1790055266.983190] [local:3444 :0]   | ucp_context_0 intra-node cfg#1 | remote memory write by ucp_put*(fast-completion) from host memory to cuda/dev[2]    |
[1790055266.983190] [local:3444 :0]   +--------------------------------+------------------------------------+------------------------------------------------+
[1790055266.983191] [local:3444 :0]   |                         0..220 | short                              | rc_mlx5/mlx5_6:1/path0                         |
[1790055266.983191] [local:3444 :0]   |                      221..9292 | copy-in                            | rc_mlx5/mlx5_6:1/path0                         |
[1790055266.983192] [local:3444 :0]   |                      9293..inf | zero-copy                          | rc_mlx5/mlx5_6:1 50% on path0 and 50% on path1 |
[1790055266.983193] [local:3444 :0]   +--------------------------------+------------------------------------+------------------------------------------------+
[1790055266.983258] [local:3444 :0]   +--------------------------------+---------------------------------------------------------------------------+
[1790055266.983258] [local:3444 :0]   | ucp_context_0 intra-node cfg#1 | remote memory write by ucp_put*(multi) from host memory to cuda/dev[2]    |
[1790055266.983259] [local:3444 :0]   +--------------------------------+--------------------------+------------------------------------------------+
[1790055266.983260] [local:3444 :0]   |                         0..220 | short                    | rc_mlx5/mlx5_6:1/path0                         |
[1790055266.983260] [local:3444 :0]   |                      221..1285 | copy-in                  | rc_mlx5/mlx5_6:1/path0                         |
[1790055266.983261] [local:3444 :0]   |                      1286..inf | zero-copy                | rc_mlx5/mlx5_6:1 50% on path0 and 50% on path1 |
[1790055266.983261] [local:3444 :0]   +--------------------------------+--------------------------+------------------------------------------------+
[1790055266.983495] [local:3444 :0]   +--------------------------------+----------------------------------------------------+
[1790055266.983496] [local:3444 :0]   | ucp_context_0 intra-node cfg#1 | active message by ucp_am_send* from host memory    |
[1790055266.983497] [local:3444 :0]   +--------------------------------+---------------------------+------------------------+
[1790055266.983497] [local:3444 :0]   |                         0..226 | short                     | rc_mlx5/mlx5_6:1/path0 |
[1790055266.983498] [local:3444 :0]   |                       227..404 | copy-in                   | rc_mlx5/mlx5_6:1/path0 |
[1790055266.983498] [local:3444 :0]   |                      405..8246 | zero-copy                 | rc_mlx5/mlx5_6:1/path0 |
[1790055266.983499] [local:3444 :0]   |                      8247..inf | multi-frag zero-copy      | rc_mlx5/mlx5_6:1/path0 |
[1790055266.983499] [local:3444 :0]   +--------------------------------+---------------------------+------------------------+
[1790055266.983636] [local:3444 :0]   +--------------------------------+---------------------------------------------------------------------+
[1790055266.983637] [local:3444 :0]   | ucp_context_0 intra-node cfg#1 | active message by ucp_am_send*(fast-completion) from host memory    |
[1790055266.983638] [local:3444 :0]   +--------------------------------+--------------------------------------------+------------------------+
[1790055266.983638] [local:3444 :0]   |                         0..226 | short                                      | rc_mlx5/mlx5_6:1/path0 |
[1790055266.983639] [local:3444 :0]   |                      227..8246 | copy-in                                    | rc_mlx5/mlx5_6:1/path0 |
[1790055266.983639] [local:3444 :0]   |                     8247..9187 | multi-frag copy-in                         | rc_mlx5/mlx5_6:1/path0 |
[1790055266.983640] [local:3444 :0]   |                      9188..inf | multi-frag zero-copy                       | rc_mlx5/mlx5_6:1/path0 |
[1790055266.983640] [local:3444 :0]   +--------------------------------+--------------------------------------------+------------------------+
[1790055266.984096] [local:3444 :0]   +--------------------------------+-----------------------------------------------------------+
[1790055266.984097] [local:3444 :0]   | ucp_context_0 intra-node cfg#1 | active message by ucp_am_send*(multi) from host memory    |
[1790055266.984097] [local:3444 :0]   +--------------------------------+----------------------------------+------------------------+
[1790055266.984098] [local:3444 :0]   |                         0..226 | short                            | rc_mlx5/mlx5_6:1/path0 |
[1790055266.984098] [local:3444 :0]   |                       227..440 | copy-in                          | rc_mlx5/mlx5_6:1/path0 |
[1790055266.984099] [local:3444 :0]   |                      441..8246 | zero-copy                        | rc_mlx5/mlx5_6:1/path0 |
[1790055266.984099] [local:3444 :0]   |                      8247..inf | multi-frag zero-copy             | rc_mlx5/mlx5_6:1/path0 |
[1790055266.984100] [local:3444 :0]   +--------------------------------+----------------------------------+------------------------+
[1790055266.984233] [local:3444 :0]   +--------------------------------+--------------------------------------------------------------------+
[1790055266.984234] [local:3444 :0]   | ucp_context_0 intra-node cfg#1 | active message by ucp_am_send* with reply flag from host memory    |
[1790055266.984234] [local:3444 :0]   +--------------------------------+-------------------------------------------+------------------------+
[1790055266.984235] [local:3444 :0]   |                         0..218 | short                                     | rc_mlx5/mlx5_6:1/path0 |
[1790055266.984235] [local:3444 :0]   |                       219..404 | copy-in                                   | rc_mlx5/mlx5_6:1/path0 |
[1790055266.984236] [local:3444 :0]   |                      405..8238 | zero-copy                                 | rc_mlx5/mlx5_6:1/path0 |
[1790055266.984240] [local:3444 :0]   |                      8239..inf | multi-frag zero-copy                      | rc_mlx5/mlx5_6:1/path0 |
[1790055266.984241] [local:3444 :0]   +--------------------------------+-------------------------------------------+------------------------+
[1790055266.984390] [local:3444 :0]   +--------------------------------+-------------------------------------------------------------------------------------+
[1790055266.984391] [local:3444 :0]   | ucp_context_0 intra-node cfg#1 | active message by ucp_am_send* with reply flag(fast-completion) from host memory    |
[1790055266.984392] [local:3444 :0]   +--------------------------------+------------------------------------------------------------+------------------------+
[1790055266.984392] [local:3444 :0]   |                         0..218 | short                                                      | rc_mlx5/mlx5_6:1/path0 |
[1790055266.984393] [local:3444 :0]   |                      219..8238 | copy-in                                                    | rc_mlx5/mlx5_6:1/path0 |
[1790055266.984394] [local:3444 :0]   |                     8239..9187 | multi-frag copy-in                                         | rc_mlx5/mlx5_6:1/path0 |
[1790055266.984394] [local:3444 :0]   |                      9188..inf | multi-frag zero-copy                                       | rc_mlx5/mlx5_6:1/path0 |
[1790055266.984395] [local:3444 :0]   +--------------------------------+------------------------------------------------------------+------------------------+
[1790055266.984546] [local:3444 :0]   +--------------------------------+---------------------------------------------------------------------------+
[1790055266.984547] [local:3444 :0]   | ucp_context_0 intra-node cfg#1 | active message by ucp_am_send* with reply flag(multi) from host memory    |
[1790055266.984548] [local:3444 :0]   +--------------------------------+--------------------------------------------------+------------------------+
[1790055266.984548] [local:3444 :0]   |                         0..218 | short                                            | rc_mlx5/mlx5_6:1/path0 |
[1790055266.984549] [local:3444 :0]   |                       219..440 | copy-in                                          | rc_mlx5/mlx5_6:1/path0 |
[1790055266.984549] [local:3444 :0]   |                      441..8238 | zero-copy                                        | rc_mlx5/mlx5_6:1/path0 |
[1790055266.984550] [local:3444 :0]   |                      8239..inf | multi-frag zero-copy                             | rc_mlx5/mlx5_6:1/path0 |
[1790055266.984550] [local:3444 :0]   +--------------------------------+--------------------------------------------------+------------------------+
[1790055267.058128] [local:3444 :0]      ucp_worker.c:1984 UCX  INFO    ucp_context_0 intra-node cfg#1 rma(rc_mlx5/mlx5_6:1)  amo(rc_mlx5/mlx5_6:1)  device(cuda_ipc/cuda rc_gda/cuda2-mlx5_6:1 rc_gda/cuda2-mlx5_6:1)  am(rc_mlx5/mlx5_6:1 rc_mlx5/mlx5_6:1 cuda_ipc/cuda)  ka(ud_mlx5/mlx5_6:1)
[1790055267.068027] [local:3444 :0]   +--------------------------------+-------------------------------------------------------------+
[1790055267.068030] [local:3444 :0]   | ucp_context_0 intra-node cfg#1 | remote memory write by ucp_put* from host memory to host    |
[1790055267.068031] [local:3444 :0]   +--------------------------------+------------+------------------------------------------------+
[1790055267.068032] [local:3444 :0]   |                         0..220 | short      | rc_mlx5/mlx5_6:1/path0                         |
[1790055267.068032] [local:3444 :0]   |                      221..1193 | copy-in    | rc_mlx5/mlx5_6:1/path0                         |
[1790055267.068033] [local:3444 :0]   |                      1194..inf | zero-copy  | rc_mlx5/mlx5_6:1 50% on path0 and 50% on path1 |
[1790055267.068033] [local:3444 :0]   +--------------------------------+------------+------------------------------------------------+
[1790055267.068119] [local:3444 :0]   +--------------------------------+------------------------------------------------------------------------------+
[1790055267.068133] [local:3444 :0]   | ucp_context_0 intra-node cfg#1 | remote memory write by ucp_put*(fast-completion) from host memory to host    |
[1790055267.068134] [local:3444 :0]   +--------------------------------+-----------------------------+------------------------------------------------+
[1790055267.068134] [local:3444 :0]   |                         0..220 | short                       | rc_mlx5/mlx5_6:1/path0                         |
[1790055267.068135] [local:3444 :0]   |                      221..9292 | copy-in                     | rc_mlx5/mlx5_6:1/path0                         |
[1790055267.068135] [local:3444 :0]   |                      9293..inf | zero-copy                   | rc_mlx5/mlx5_6:1 50% on path0 and 50% on path1 |
[1790055267.068136] [local:3444 :0]   +--------------------------------+-----------------------------+------------------------------------------------+
[1790055267.068204] [local:3444 :0]   +--------------------------------+--------------------------------------------------------------------+
[1790055267.068205] [local:3444 :0]   | ucp_context_0 intra-node cfg#1 | remote memory write by ucp_put*(multi) from host memory to host    |
[1790055267.068206] [local:3444 :0]   +--------------------------------+-------------------+------------------------------------------------+
[1790055267.068206] [local:3444 :0]   |                         0..220 | short             | rc_mlx5/mlx5_6:1/path0                         |
[1790055267.068207] [local:3444 :0]   |                      221..1285 | copy-in           | rc_mlx5/mlx5_6:1/path0                         |
[1790055267.068207] [local:3444 :0]   |                      1286..inf | zero-copy         | rc_mlx5/mlx5_6:1 50% on path0 and 50% on path1 |
[1790055267.068208] [local:3444 :0]   +--------------------------------+-------------------+------------------------------------------------+
[1790055267.068481] [local:3444 :0]   +--------------------------------+--------------------------------------------------------------------+
[1790055267.068482] [local:3444 :0]   | ucp_context_0 intra-node cfg#1 | remote memory write by ucp_put* from host memory to cuda/dev[2]    |
[1790055267.068482] [local:3444 :0]   +--------------------------------+-------------------+------------------------------------------------+
[1790055267.068483] [local:3444 :0]   |                         0..220 | short             | rc_mlx5/mlx5_6:1/path0                         |
[1790055267.068484] [local:3444 :0]   |                      221..1193 | copy-in           | rc_mlx5/mlx5_6:1/path0                         |
[1790055267.068484] [local:3444 :0]   |                      1194..inf | zero-copy         | rc_mlx5/mlx5_6:1 50% on path0 and 50% on path1 |
[1790055267.068485] [local:3444 :0]   +--------------------------------+-------------------+------------------------------------------------+
[1790055267.068544] [local:3444 :0]   +--------------------------------+-------------------------------------------------------------------------------------+
[1790055267.068544] [local:3444 :0]   | ucp_context_0 intra-node cfg#1 | remote memory write by ucp_put*(fast-completion) from host memory to cuda/dev[2]    |
[1790055267.068545] [local:3444 :0]   +--------------------------------+------------------------------------+------------------------------------------------+
[1790055267.068545] [local:3444 :0]   |                         0..220 | short                              | rc_mlx5/mlx5_6:1/path0                         |
[1790055267.068546] [local:3444 :0]   |                      221..9292 | copy-in                            | rc_mlx5/mlx5_6:1/path0                         |
[1790055267.068547] [local:3444 :0]   |                      9293..inf | zero-copy                          | rc_mlx5/mlx5_6:1 50% on path0 and 50% on path1 |
[1790055267.068547] [local:3444 :0]   +--------------------------------+------------------------------------+------------------------------------------------+
[1790055267.068613] [local:3444 :0]   +--------------------------------+---------------------------------------------------------------------------+
[1790055267.068619] [local:3444 :0]   | ucp_context_0 intra-node cfg#1 | remote memory write by ucp_put*(multi) from host memory to cuda/dev[2]    |
[1790055267.068619] [local:3444 :0]   +--------------------------------+--------------------------+------------------------------------------------+
[1790055267.068620] [local:3444 :0]   |                         0..220 | short                    | rc_mlx5/mlx5_6:1/path0                         |
[1790055267.068621] [local:3444 :0]   |                      221..1285 | copy-in                  | rc_mlx5/mlx5_6:1/path0                         |
[1790055267.068621] [local:3444 :0]   |                      1286..inf | zero-copy                | rc_mlx5/mlx5_6:1 50% on path0 and 50% on path1 |
[1790055267.068622] [local:3444 :0]   +--------------------------------+--------------------------+------------------------------------------------+
[1790055267.068834] [local:3444 :0]   +--------------------------------+----------------------------------------------------+
[1790055267.068834] [local:3444 :0]   | ucp_context_0 intra-node cfg#1 | active message by ucp_am_send* from host memory    |
[1790055267.068835] [local:3444 :0]   +--------------------------------+---------------------------+------------------------+
[1790055267.068836] [local:3444 :0]   |                         0..226 | short                     | rc_mlx5/mlx5_6:1/path0 |
[1790055267.068836] [local:3444 :0]   |                       227..404 | copy-in                   | rc_mlx5/mlx5_6:1/path0 |
[1790055267.068837] [local:3444 :0]   |                      405..8246 | zero-copy                 | rc_mlx5/mlx5_6:1/path0 |
[1790055267.068837] [local:3444 :0]   |                      8247..inf | multi-frag zero-copy      | rc_mlx5/mlx5_6:1/path0 |
[1790055267.068838] [local:3444 :0]   +--------------------------------+---------------------------+------------------------+
[1790055267.068974] [local:3444 :0]   +--------------------------------+---------------------------------------------------------------------+
[1790055267.068974] [local:3444 :0]   | ucp_context_0 intra-node cfg#1 | active message by ucp_am_send*(fast-completion) from host memory    |
[1790055267.068975] [local:3444 :0]   +--------------------------------+--------------------------------------------+------------------------+
[1790055267.068975] [local:3444 :0]   |                         0..226 | short                                      | rc_mlx5/mlx5_6:1/path0 |
[1790055267.068976] [local:3444 :0]   |                      227..8246 | copy-in                                    | rc_mlx5/mlx5_6:1/path0 |
[1790055267.068977] [local:3444 :0]   |                     8247..9187 | multi-frag copy-in                         | rc_mlx5/mlx5_6:1/path0 |
[1790055267.068977] [local:3444 :0]   |                      9188..inf | multi-frag zero-copy                       | rc_mlx5/mlx5_6:1/path0 |
[1790055267.068978] [local:3444 :0]   +--------------------------------+--------------------------------------------+------------------------+
[1790055267.069442] [local:3444 :0]   +--------------------------------+-----------------------------------------------------------+
[1790055267.069443] [local:3444 :0]   | ucp_context_0 intra-node cfg#1 | active message by ucp_am_send*(multi) from host memory    |
[1790055267.069443] [local:3444 :0]   +--------------------------------+----------------------------------+------------------------+
[1790055267.069444] [local:3444 :0]   |                         0..226 | short                            | rc_mlx5/mlx5_6:1/path0 |
[1790055267.069444] [local:3444 :0]   |                       227..440 | copy-in                          | rc_mlx5/mlx5_6:1/path0 |
[1790055267.069445] [local:3444 :0]   |                      441..8246 | zero-copy                        | rc_mlx5/mlx5_6:1/path0 |
[1790055267.069446] [local:3444 :0]   |                      8247..inf | multi-frag zero-copy             | rc_mlx5/mlx5_6:1/path0 |
[1790055267.069446] [local:3444 :0]   +--------------------------------+----------------------------------+------------------------+
[1790055267.069584] [local:3444 :0]   +--------------------------------+--------------------------------------------------------------------+
[1790055267.069585] [local:3444 :0]   | ucp_context_0 intra-node cfg#1 | active message by ucp_am_send* with reply flag from host memory    |
[1790055267.069586] [local:3444 :0]   +--------------------------------+-------------------------------------------+------------------------+
[1790055267.069586] [local:3444 :0]   |                         0..218 | short                                     | rc_mlx5/mlx5_6:1/path0 |
[1790055267.069587] [local:3444 :0]   |                       219..404 | copy-in                                   | rc_mlx5/mlx5_6:1/path0 |
[1790055267.069587] [local:3444 :0]   |                      405..8238 | zero-copy                                 | rc_mlx5/mlx5_6:1/path0 |
[1790055267.069588] [local:3444 :0]   |                      8239..inf | multi-frag zero-copy                      | rc_mlx5/mlx5_6:1/path0 |
[1790055267.069588] [local:3444 :0]   +--------------------------------+-------------------------------------------+------------------------+
[1790055267.069721] [local:3444 :0]   +--------------------------------+-------------------------------------------------------------------------------------+
[1790055267.069722] [local:3444 :0]   | ucp_context_0 intra-node cfg#1 | active message by ucp_am_send* with reply flag(fast-completion) from host memory    |
[1790055267.069722] [local:3444 :0]   +--------------------------------+------------------------------------------------------------+------------------------+
[1790055267.069723] [local:3444 :0]   |                         0..218 | short                                                      | rc_mlx5/mlx5_6:1/path0 |
[1790055267.069723] [local:3444 :0]   |                      219..8238 | copy-in                                                    | rc_mlx5/mlx5_6:1/path0 |
[1790055267.069724] [local:3444 :0]   |                     8239..9187 | multi-frag copy-in                                         | rc_mlx5/mlx5_6:1/path0 |
[1790055267.069724] [local:3444 :0]   |                      9188..inf | multi-frag zero-copy                                       | rc_mlx5/mlx5_6:1/path0 |
[1790055267.069725] [local:3444 :0]   +--------------------------------+------------------------------------------------------------+------------------------+
[1790055267.069875] [local:3444 :0]   +--------------------------------+---------------------------------------------------------------------------+
[1790055267.069876] [local:3444 :0]   | ucp_context_0 intra-node cfg#1 | active message by ucp_am_send* with reply flag(multi) from host memory    |
[1790055267.069876] [local:3444 :0]   +--------------------------------+--------------------------------------------------+------------------------+
[1790055267.069877] [local:3444 :0]   |                         0..218 | short                                            | rc_mlx5/mlx5_6:1/path0 |
[1790055267.069877] [local:3444 :0]   |                       219..440 | copy-in                                          | rc_mlx5/mlx5_6:1/path0 |
[1790055267.069878] [local:3444 :0]   |                      441..8238 | zero-copy                                        | rc_mlx5/mlx5_6:1/path0 |
[1790055267.069878] [local:3444 :0]   |                      8239..inf | multi-frag zero-copy                             | rc_mlx5/mlx5_6:1/path0 |
[1790055267.069879] [local:3444 :0]   +--------------------------------+--------------------------------------------------+------------------------+
[1790055268.459767] [local:3444 :0]   +--------------------------+--------------------------------------------------------------------+
[1790055268.459772] [local:3444 :0]   | ucp_context_0 self cfg#1 | remote memory write by ucp_put* from host memory to cuda/dev[2]    |
[1790055268.459772] [local:3444 :0]   +--------------------------+-------------------+------------------------------------------------+
[1790055268.459797] [local:3444 :0]   |                   0..220 | short             | rc_mlx5/mlx5_6:1/path0                         |
[1790055268.459797] [local:3444 :0]   |                221..1193 | copy-in           | rc_mlx5/mlx5_6:1/path0                         |
[1790055268.459798] [local:3444 :0]   |                1194..inf | zero-copy         | rc_mlx5/mlx5_6:1 50% on path0 and 50% on path1 |
[1790055268.459798] [local:3444 :0]   +--------------------------+-------------------+------------------------------------------------+
[1790055268.459865] [local:3444 :0]   +--------------------------+-------------------------------------------------------------------------------------+
[1790055268.459866] [local:3444 :0]   | ucp_context_0 self cfg#1 | remote memory write by ucp_put*(fast-completion) from host memory to cuda/dev[2]    |
[1790055268.459867] [local:3444 :0]   +--------------------------+------------------------------------+------------------------------------------------+
[1790055268.459867] [local:3444 :0]   |                   0..220 | short                              | rc_mlx5/mlx5_6:1/path0                         |
[1790055268.459868] [local:3444 :0]   |                221..9292 | copy-in                            | rc_mlx5/mlx5_6:1/path0                         |
[1790055268.459868] [local:3444 :0]   |                9293..inf | zero-copy                          | rc_mlx5/mlx5_6:1 50% on path0 and 50% on path1 |
[1790055268.459869] [local:3444 :0]   +--------------------------+------------------------------------+------------------------------------------------+
[1790055268.459944] [local:3444 :0]   +--------------------------+---------------------------------------------------------------------------+
[1790055268.459945] [local:3444 :0]   | ucp_context_0 self cfg#1 | remote memory write by ucp_put*(multi) from host memory to cuda/dev[2]    |
[1790055268.459946] [local:3444 :0]   +--------------------------+--------------------------+------------------------------------------------+
[1790055268.459946] [local:3444 :0]   |                   0..220 | short                    | rc_mlx5/mlx5_6:1/path0                         |
[1790055268.459947] [local:3444 :0]   |                221..1285 | copy-in                  | rc_mlx5/mlx5_6:1/path0                         |
[1790055268.459947] [local:3444 :0]   |                1286..inf | zero-copy                | rc_mlx5/mlx5_6:1 50% on path0 and 50% on path1 |
[1790055268.459948] [local:3444 :0]   +--------------------------+--------------------------+------------------------------------------------+
[1790055287.322609] [local:3444 :1]      ucp_worker.c:1984 UCX  INFO    ucp_context_0 intra-node cfg#2 rma(rc_mlx5/mlx5_6:1)  amo(rc_mlx5/mlx5_6:1)  device(cuda_ipc/cuda rc_gda/cuda2-mlx5_6:1 rc_gda/cuda2-mlx5_6:1)  am(rc_mlx5/mlx5_6:1 rc_mlx5/mlx5_6:1 cuda_ipc/cuda)  ka(ud_mlx5/mlx5_6:1)
[1790055287.322810] [local:3444 :1]   +--------------------------------+-------------------------------------------------------------+
[1790055287.322811] [local:3444 :1]   | ucp_context_0 intra-node cfg#2 | remote memory write by ucp_put* from host memory to host    |
[1790055287.322812] [local:3444 :1]   +--------------------------------+------------+------------------------------------------------+
[1790055287.322813] [local:3444 :1]   |                         0..220 | short      | rc_mlx5/mlx5_6:1/path0                         |
[1790055287.322813] [local:3444 :1]   |                      221..1193 | copy-in    | rc_mlx5/mlx5_6:1/path0                         |
[1790055287.322814] [local:3444 :1]   |                      1194..inf | zero-copy  | rc_mlx5/mlx5_6:1 50% on path0 and 50% on path1 |
[1790055287.322814] [local:3444 :1]   +--------------------------------+------------+------------------------------------------------+
[1790055287.322889] [local:3444 :1]   +--------------------------------+------------------------------------------------------------------------------+
[1790055287.322890] [local:3444 :1]   | ucp_context_0 intra-node cfg#2 | remote memory write by ucp_put*(fast-completion) from host memory to host    |
[1790055287.322906] [local:3444 :1]   +--------------------------------+-----------------------------+------------------------------------------------+
[1790055287.322907] [local:3444 :1]   |                         0..220 | short                       | rc_mlx5/mlx5_6:1/path0                         |
[1790055287.322908] [local:3444 :1]   |                      221..9292 | copy-in                     | rc_mlx5/mlx5_6:1/path0                         |
[1790055287.322908] [local:3444 :1]   |                      9293..inf | zero-copy                   | rc_mlx5/mlx5_6:1 50% on path0 and 50% on path1 |
[1790055287.322909] [local:3444 :1]   +--------------------------------+-----------------------------+------------------------------------------------+
[1790055287.322984] [local:3444 :1]   +--------------------------------+--------------------------------------------------------------------+
[1790055287.322984] [local:3444 :1]   | ucp_context_0 intra-node cfg#2 | remote memory write by ucp_put*(multi) from host memory to host    |
[1790055287.322985] [local:3444 :1]   +--------------------------------+-------------------+------------------------------------------------+
[1790055287.322985] [local:3444 :1]   |                         0..220 | short             | rc_mlx5/mlx5_6:1/path0                         |
[1790055287.322986] [local:3444 :1]   |                      221..1285 | copy-in           | rc_mlx5/mlx5_6:1/path0                         |
[1790055287.322987] [local:3444 :1]   |                      1286..inf | zero-copy         | rc_mlx5/mlx5_6:1 50% on path0 and 50% on path1 |
[1790055287.322987] [local:3444 :1]   +--------------------------------+-------------------+------------------------------------------------+
[1790055287.323340] [local:3444 :1]   +--------------------------------+--------------------------------------------------------------------+
[1790055287.323341] [local:3444 :1]   | ucp_context_0 intra-node cfg#2 | remote memory write by ucp_put* from host memory to cuda/dev[2]    |
[1790055287.323342] [local:3444 :1]   +--------------------------------+-------------------+------------------------------------------------+
[1790055287.323342] [local:3444 :1]   |                         0..220 | short             | rc_mlx5/mlx5_6:1/path0                         |
[1790055287.323343] [local:3444 :1]   |                      221..1193 | copy-in           | rc_mlx5/mlx5_6:1/path0                         |
[1790055287.323344] [local:3444 :1]   |                      1194..inf | zero-copy         | rc_mlx5/mlx5_6:1 50% on path0 and 50% on path1 |
[1790055287.323344] [local:3444 :1]   +--------------------------------+-------------------+------------------------------------------------+
[1790055287.323416] [local:3444 :1]   +--------------------------------+-------------------------------------------------------------------------------------+
[1790055287.323417] [local:3444 :1]   | ucp_context_0 intra-node cfg#2 | remote memory write by ucp_put*(fast-completion) from host memory to cuda/dev[2]    |
[1790055287.323418] [local:3444 :1]   +--------------------------------+------------------------------------+------------------------------------------------+
[1790055287.323418] [local:3444 :1]   |                         0..220 | short                              | rc_mlx5/mlx5_6:1/path0                         |
[1790055287.323419] [local:3444 :1]   |                      221..9292 | copy-in                            | rc_mlx5/mlx5_6:1/path0                         |
[1790055287.323419] [local:3444 :1]   |                      9293..inf | zero-copy                          | rc_mlx5/mlx5_6:1 50% on path0 and 50% on path1 |
[1790055287.323420] [local:3444 :1]   +--------------------------------+------------------------------------+------------------------------------------------+
[1790055287.323509] [local:3444 :1]   +--------------------------------+---------------------------------------------------------------------------+
[1790055287.323515] [local:3444 :1]   | ucp_context_0 intra-node cfg#2 | remote memory write by ucp_put*(multi) from host memory to cuda/dev[2]    |
[1790055287.323515] [local:3444 :1]   +--------------------------------+--------------------------+------------------------------------------------+
[1790055287.323516] [local:3444 :1]   |                         0..220 | short                    | rc_mlx5/mlx5_6:1/path0                         |
[1790055287.323516] [local:3444 :1]   |                      221..1285 | copy-in                  | rc_mlx5/mlx5_6:1/path0                         |
[1790055287.323517] [local:3444 :1]   |                      1286..inf | zero-copy                | rc_mlx5/mlx5_6:1 50% on path0 and 50% on path1 |
[1790055287.323517] [local:3444 :1]   +--------------------------------+--------------------------+------------------------------------------------+
[1790055287.323754] [local:3444 :1]   +--------------------------------+----------------------------------------------------+
[1790055287.323755] [local:3444 :1]   | ucp_context_0 intra-node cfg#2 | active message by ucp_am_send* from host memory    |
[1790055287.323756] [local:3444 :1]   +--------------------------------+---------------------------+------------------------+
[1790055287.323756] [local:3444 :1]   |                         0..226 | short                     | rc_mlx5/mlx5_6:1/path0 |
[1790055287.323757] [local:3444 :1]   |                       227..404 | copy-in                   | rc_mlx5/mlx5_6:1/path0 |
[1790055287.323757] [local:3444 :1]   |                      405..8246 | zero-copy                 | rc_mlx5/mlx5_6:1/path0 |
[1790055287.323758] [local:3444 :1]   |                      8247..inf | multi-frag zero-copy      | rc_mlx5/mlx5_6:1/path0 |
[1790055287.323758] [local:3444 :1]   +--------------------------------+---------------------------+------------------------+
[1790055287.323922] [local:3444 :1]   +--------------------------------+---------------------------------------------------------------------+
[1790055287.323923] [local:3444 :1]   | ucp_context_0 intra-node cfg#2 | active message by ucp_am_send*(fast-completion) from host memory    |
[1790055287.323924] [local:3444 :1]   +--------------------------------+--------------------------------------------+------------------------+
[1790055287.323924] [local:3444 :1]   |                         0..226 | short                                      | rc_mlx5/mlx5_6:1/path0 |
[1790055287.323925] [local:3444 :1]   |                      227..8246 | copy-in                                    | rc_mlx5/mlx5_6:1/path0 |
[1790055287.323925] [local:3444 :1]   |                     8247..9187 | multi-frag copy-in                         | rc_mlx5/mlx5_6:1/path0 |
[1790055287.323926] [local:3444 :1]   |                      9188..inf | multi-frag zero-copy                       | rc_mlx5/mlx5_6:1/path0 |
[1790055287.323926] [local:3444 :1]   +--------------------------------+--------------------------------------------+------------------------+
[1790055287.324546] [local:3444 :1]   +--------------------------------+-----------------------------------------------------------+
[1790055287.324547] [local:3444 :1]   | ucp_context_0 intra-node cfg#2 | active message by ucp_am_send*(multi) from host memory    |
[1790055287.324548] [local:3444 :1]   +--------------------------------+----------------------------------+------------------------+
[1790055287.324548] [local:3444 :1]   |                         0..226 | short                            | rc_mlx5/mlx5_6:1/path0 |
[1790055287.324549] [local:3444 :1]   |                       227..440 | copy-in                          | rc_mlx5/mlx5_6:1/path0 |
[1790055287.324549] [local:3444 :1]   |                      441..8246 | zero-copy                        | rc_mlx5/mlx5_6:1/path0 |
[1790055287.324550] [local:3444 :1]   |                      8247..inf | multi-frag zero-copy             | rc_mlx5/mlx5_6:1/path0 |
[1790055287.324550] [local:3444 :1]   +--------------------------------+----------------------------------+---