nebius_compute_v1_gpu_cluster.local: Creating...
nebius_mk8s_v1_cluster.topology: Creating...
nebius_compute_v1_gpu_cluster.local: Creation complete after 2s [id=computegpucluster-e00qq2bq0kgs34s0k1]
nebius_mk8s_v1_cluster.topology: Still creating... [00m10s elapsed]
nebius_mk8s_v1_cluster.topology: Still creating... [00m20s elapsed]
nebius_mk8s_v1_cluster.topology: Still creating... [00m30s elapsed]
nebius_mk8s_v1_cluster.topology: Still creating... [00m40s elapsed]
nebius_mk8s_v1_cluster.topology: Still creating... [00m50s elapsed]
nebius_mk8s_v1_cluster.topology: Still creating... [01m00s elapsed]
nebius_mk8s_v1_cluster.topology: Still creating... [01m10s elapsed]
nebius_mk8s_v1_cluster.topology: Still creating... [01m20s elapsed]
nebius_mk8s_v1_cluster.topology: Still creating... [01m30s elapsed]
nebius_mk8s_v1_cluster.topology: Still creating... [01m40s elapsed]
nebius_mk8s_v1_cluster.topology: Still creating... [01m50s elapsed]
nebius_mk8s_v1_cluster.topology: Still creating... [02m00s elapsed]
nebius_mk8s_v1_cluster.topology: Still creating... [02m10s elapsed]
nebius_mk8s_v1_cluster.topology: Still creating... [02m20s elapsed]
nebius_mk8s_v1_cluster.topology: Still creating... [02m30s elapsed]
nebius_mk8s_v1_cluster.topology: Still creating... [02m40s elapsed]
nebius_mk8s_v1_cluster.topology: Still creating... [02m50s elapsed]
nebius_mk8s_v1_cluster.topology: Still creating... [03m00s elapsed]
nebius_mk8s_v1_cluster.topology: Still creating... [03m10s elapsed]
nebius_mk8s_v1_cluster.topology: Still creating... [03m20s elapsed]
nebius_mk8s_v1_cluster.topology: Still creating... [03m30s elapsed]
nebius_mk8s_v1_cluster.topology: Still creating... [03m40s elapsed]
nebius_mk8s_v1_cluster.topology: Still creating... [03m50s elapsed]
nebius_mk8s_v1_cluster.topology: Still creating... [04m00s elapsed]
nebius_mk8s_v1_cluster.topology: Still creating... [04m10s elapsed]
nebius_mk8s_v1_cluster.topology: Still creating... [04m20s elapsed]
nebius_mk8s_v1_cluster.topology: Creation complete after 4m22s [id=mk8scluster-e00j047rg0ceaxwr8h]
nebius_mk8s_v1_node_group.cpu: Creating...
nebius_mk8s_v1_node_group.gpu["remote"]: Creating...
nebius_mk8s_v1_node_group.gpu["local"]: Creating...
nebius_mk8s_v1_node_group.gpu["remote"]: Still creating... [00m10s elapsed]
nebius_mk8s_v1_node_group.cpu: Still creating... [00m10s elapsed]
nebius_mk8s_v1_node_group.gpu["local"]: Still creating... [00m10s elapsed]
nebius_mk8s_v1_node_group.gpu["remote"]: Still creating... [00m20s elapsed]
nebius_mk8s_v1_node_group.gpu["local"]: Still creating... [00m20s elapsed]
nebius_mk8s_v1_node_group.cpu: Still creating... [00m20s elapsed]
nebius_mk8s_v1_node_group.cpu: Still creating... [00m30s elapsed]
nebius_mk8s_v1_node_group.gpu["remote"]: Still creating... [00m30s elapsed]
nebius_mk8s_v1_node_group.gpu["local"]: Still creating... [00m30s elapsed]
nebius_mk8s_v1_node_group.cpu: Still creating... [00m40s elapsed]
nebius_mk8s_v1_node_group.gpu["local"]: Still creating... [00m40s elapsed]
nebius_mk8s_v1_node_group.gpu["remote"]: Still creating... [00m40s elapsed]
nebius_mk8s_v1_node_group.cpu: Still creating... [00m50s elapsed]
nebius_mk8s_v1_node_group.gpu["remote"]: Still creating... [00m50s elapsed]
nebius_mk8s_v1_node_group.gpu["local"]: Still creating... [00m50s elapsed]
nebius_mk8s_v1_node_group.gpu["local"]: Still creating... [01m00s elapsed]
nebius_mk8s_v1_node_group.gpu["remote"]: Still creating... [01m00s elapsed]
nebius_mk8s_v1_node_group.cpu: Still creating... [01m00s elapsed]
nebius_mk8s_v1_node_group.gpu["remote"]: Still creating... [01m10s elapsed]
nebius_mk8s_v1_node_group.gpu["local"]: Still creating... [01m10s elapsed]
nebius_mk8s_v1_node_group.cpu: Still creating... [01m10s elapsed]
nebius_mk8s_v1_node_group.cpu: Still creating... [01m20s elapsed]
nebius_mk8s_v1_node_group.gpu["remote"]: Still creating... [01m20s elapsed]
nebius_mk8s_v1_node_group.gpu["local"]: Still creating... [01m20s elapsed]
nebius_mk8s_v1_node_group.gpu["local"]: Still creating... [01m30s elapsed]
nebius_mk8s_v1_node_group.gpu["remote"]: Still creating... [01m30s elapsed]
nebius_mk8s_v1_node_group.cpu: Still creating... [01m30s elapsed]
nebius_mk8s_v1_node_group.gpu["remote"]: Still creating... [01m40s elapsed]
nebius_mk8s_v1_node_group.gpu["local"]: Still creating... [01m40s elapsed]
nebius_mk8s_v1_node_group.cpu: Still creating... [01m40s elapsed]
nebius_mk8s_v1_node_group.gpu["local"]: Still creating... [01m50s elapsed]
nebius_mk8s_v1_node_group.gpu["remote"]: Still creating... [01m50s elapsed]
nebius_mk8s_v1_node_group.cpu: Still creating... [01m50s elapsed]
nebius_mk8s_v1_node_group.gpu["remote"]: Still creating... [02m00s elapsed]
nebius_mk8s_v1_node_group.cpu: Still creating... [02m00s elapsed]
nebius_mk8s_v1_node_group.gpu["local"]: Still creating... [02m00s elapsed]
nebius_mk8s_v1_node_group.gpu["remote"]: Creation complete after 2m2s [id=mk8snodegroup-e00qxycfthf1kevffm]
nebius_mk8s_v1_node_group.gpu["local"]: Still creating... [02m10s elapsed]
nebius_mk8s_v1_node_group.cpu: Still creating... [02m10s elapsed]
nebius_mk8s_v1_node_group.cpu: Still creating... [02m20s elapsed]
nebius_mk8s_v1_node_group.gpu["local"]: Still creating... [02m20s elapsed]
nebius_mk8s_v1_node_group.gpu["local"]: Still creating... [02m30s elapsed]
nebius_mk8s_v1_node_group.cpu: Still creating... [02m30s elapsed]
nebius_mk8s_v1_node_group.cpu: Still creating... [02m40s elapsed]
nebius_mk8s_v1_node_group.gpu["local"]: Still creating... [02m40s elapsed]
nebius_mk8s_v1_node_group.gpu["local"]: Still creating... [02m50s elapsed]
nebius_mk8s_v1_node_group.cpu: Still creating... [02m50s elapsed]
nebius_mk8s_v1_node_group.cpu: Creation complete after 2m56s [id=mk8snodegroup-e00fqc81fnr3027aqn]
nebius_mk8s_v1_node_group.gpu["local"]: Still creating... [03m00s elapsed]
nebius_mk8s_v1_node_group.gpu["local"]: Still creating... [03m10s elapsed]
nebius_mk8s_v1_node_group.gpu["local"]: Still creating... [03m20s elapsed]
nebius_mk8s_v1_node_group.gpu["local"]: Still creating... [03m30s elapsed]
nebius_mk8s_v1_node_group.gpu["local"]: Still creating... [03m40s elapsed]
nebius_mk8s_v1_node_group.gpu["local"]: Still creating... [03m50s elapsed]
nebius_mk8s_v1_node_group.gpu["local"]: Still creating... [04m00s elapsed]
nebius_mk8s_v1_node_group.gpu["local"]: Still creating... [04m10s elapsed]
nebius_mk8s_v1_node_group.gpu["local"]: Still creating... [04m20s elapsed]
nebius_mk8s_v1_node_group.gpu["local"]: Still creating... [04m31s elapsed]
nebius_mk8s_v1_node_group.gpu["local"]: Still creating... [04m41s elapsed]
nebius_mk8s_v1_node_group.gpu["local"]: Still creating... [04m51s elapsed]
nebius_mk8s_v1_node_group.gpu["local"]: Still creating... [05m01s elapsed]
nebius_mk8s_v1_node_group.gpu["local"]: Still creating... [05m11s elapsed]
nebius_mk8s_v1_node_group.gpu["local"]: Still creating... [05m21s elapsed]
nebius_mk8s_v1_node_group.gpu["local"]: Still creating... [05m31s elapsed]
nebius_mk8s_v1_node_group.gpu["local"]: Still creating... [05m41s elapsed]
nebius_mk8s_v1_node_group.gpu["local"]: Still creating... [05m51s elapsed]
nebius_mk8s_v1_node_group.gpu["local"]: Still creating... [06m01s elapsed]
nebius_mk8s_v1_node_group.gpu["local"]: Still creating... [06m11s elapsed]
nebius_mk8s_v1_node_group.gpu["local"]: Still creating... [06m21s elapsed]
nebius_mk8s_v1_node_group.gpu["local"]: Still creating... [06m31s elapsed]
nebius_mk8s_v1_node_group.gpu["local"]: Still creating... [06m41s elapsed]
nebius_mk8s_v1_node_group.gpu["local"]: Still creating... [06m51s elapsed]
Stopping operation...

Interrupt received.
Please wait for Terraform to exit or data loss may occur.
Gracefully shutting down...

nebius_mk8s_v1_node_group.gpu["local"]: Still creating... [07m01s elapsed]
╷
│ Error: execution halted
│ 
│ 
╵
╷
│ Error: execution halted
│ 
│ 
╵
╷
│ Error: resource creation failed
│ 
│   with nebius_mk8s_v1_node_group.gpu["local"],
│   on main.tf line 41, in resource "nebius_mk8s_v1_node_group" "gpu":
│   41: resource "nebius_mk8s_v1_node_group" "gpu" {
│ 
│ resource creation failed: operation wait: context canceled
│ 
│ This issue may be linked to the API request call. The following information
│ may be helpful while debugging the issue:
│ Request ID: 7da6320e-1db8-4a63-a66c-d68134212bba
│ Trace ID: 7bde9ddeb80c826f80c7a708b9ff1c1b
│ 
│ Latest Request ID: b3acbb35-5a08-4cba-bd4b-1cbcd03ed60b
│ Latest Trace ID: 925d4d56c5bd2726b3a14b379c5bef0a
╵
