[0m[1mnebius_mk8s_v1_cluster.topology: Creating...[0m[0m
[0m[1mnebius_mk8s_v1_cluster.topology: Still creating... [00m10s elapsed][0m[0m
[0m[1mnebius_mk8s_v1_cluster.topology: Still creating... [00m20s elapsed][0m[0m
[0m[1mnebius_mk8s_v1_cluster.topology: Still creating... [00m30s elapsed][0m[0m
[0m[1mnebius_mk8s_v1_cluster.topology: Still creating... [00m40s elapsed][0m[0m
[0m[1mnebius_mk8s_v1_cluster.topology: Still creating... [00m50s elapsed][0m[0m
[0m[1mnebius_mk8s_v1_cluster.topology: Still creating... [01m00s elapsed][0m[0m
[0m[1mnebius_mk8s_v1_cluster.topology: Still creating... [01m10s elapsed][0m[0m
[0m[1mnebius_mk8s_v1_cluster.topology: Still creating... [01m20s elapsed][0m[0m
[0m[1mnebius_mk8s_v1_cluster.topology: Still creating... [01m30s elapsed][0m[0m
[0m[1mnebius_mk8s_v1_cluster.topology: Still creating... [01m40s elapsed][0m[0m
[0m[1mnebius_mk8s_v1_cluster.topology: Still creating... [01m50s elapsed][0m[0m
[0m[1mnebius_mk8s_v1_cluster.topology: Still creating... [02m00s elapsed][0m[0m
[0m[1mnebius_mk8s_v1_cluster.topology: Still creating... [02m10s elapsed][0m[0m
[0m[1mnebius_mk8s_v1_cluster.topology: Still creating... [02m20s elapsed][0m[0m
[0m[1mnebius_mk8s_v1_cluster.topology: Still creating... [02m30s elapsed][0m[0m
[0m[1mnebius_mk8s_v1_cluster.topology: Still creating... [02m40s elapsed][0m[0m
[0m[1mnebius_mk8s_v1_cluster.topology: Still creating... [02m50s elapsed][0m[0m
[0m[1mnebius_mk8s_v1_cluster.topology: Still creating... [03m00s elapsed][0m[0m
[0m[1mnebius_mk8s_v1_cluster.topology: Still creating... [03m10s elapsed][0m[0m
[0m[1mnebius_mk8s_v1_cluster.topology: Still creating... [03m20s elapsed][0m[0m
[0m[1mnebius_mk8s_v1_cluster.topology: Still creating... [03m30s elapsed][0m[0m
[0m[1mnebius_mk8s_v1_cluster.topology: Still creating... [03m40s elapsed][0m[0m
[0m[1mnebius_mk8s_v1_cluster.topology: Still creating... [03m50s elapsed][0m[0m
[0m[1mnebius_mk8s_v1_cluster.topology: Still creating... [04m00s elapsed][0m[0m
[0m[1mnebius_mk8s_v1_cluster.topology: Still creating... [04m10s elapsed][0m[0m
[0m[1mnebius_mk8s_v1_cluster.topology: Creation complete after 4m10s [id=mk8scluster-e00q9yqgwhacxfbxnn][0m
[0m[1mnebius_mk8s_v1_node_group.cpu: Creating...[0m[0m
[0m[1mnebius_mk8s_v1_node_group.gpu["remote"]: Creating...[0m[0m
[0m[1mnebius_mk8s_v1_node_group.gpu["local"]: Creating...[0m[0m
[0m[1mnebius_mk8s_v1_node_group.cpu: Still creating... [00m10s elapsed][0m[0m
[0m[1mnebius_mk8s_v1_node_group.gpu["remote"]: Still creating... [00m10s elapsed][0m[0m
[0m[1mnebius_mk8s_v1_node_group.gpu["local"]: Still creating... [00m10s elapsed][0m[0m
[0m[1mnebius_mk8s_v1_node_group.gpu["remote"]: Still creating... [00m20s elapsed][0m[0m
[0m[1mnebius_mk8s_v1_node_group.cpu: Still creating... [00m20s elapsed][0m[0m
[0m[1mnebius_mk8s_v1_node_group.gpu["local"]: Still creating... [00m20s elapsed][0m[0m
[0m[1mnebius_mk8s_v1_node_group.cpu: Still creating... [00m30s elapsed][0m[0m
[0m[1mnebius_mk8s_v1_node_group.gpu["remote"]: Still creating... [00m30s elapsed][0m[0m
[0m[1mnebius_mk8s_v1_node_group.gpu["local"]: Still creating... [00m30s elapsed][0m[0m
[0m[1mnebius_mk8s_v1_node_group.gpu["remote"]: Still creating... [00m40s elapsed][0m[0m
[0m[1mnebius_mk8s_v1_node_group.gpu["local"]: Still creating... [00m40s elapsed][0m[0m
[0m[1mnebius_mk8s_v1_node_group.cpu: Still creating... [00m40s elapsed][0m[0m
[0m[1mnebius_mk8s_v1_node_group.cpu: Still creating... [00m50s elapsed][0m[0m
[0m[1mnebius_mk8s_v1_node_group.gpu["remote"]: Still creating... [00m50s elapsed][0m[0m
[0m[1mnebius_mk8s_v1_node_group.gpu["local"]: Still creating... [00m50s elapsed][0m[0m
[0m[1mnebius_mk8s_v1_node_group.gpu["local"]: Still creating... [01m00s elapsed][0m[0m
[0m[1mnebius_mk8s_v1_node_group.cpu: Still creating... [01m00s elapsed][0m[0m
[0m[1mnebius_mk8s_v1_node_group.gpu["remote"]: Still creating... [01m00s elapsed][0m[0m
[0m[1mnebius_mk8s_v1_node_group.gpu["local"]: Still creating... [01m10s elapsed][0m[0m
[0m[1mnebius_mk8s_v1_node_group.gpu["remote"]: Still creating... [01m10s elapsed][0m[0m
[0m[1mnebius_mk8s_v1_node_group.cpu: Still creating... [01m10s elapsed][0m[0m
[0m[1mnebius_mk8s_v1_node_group.gpu["local"]: Still creating... [01m20s elapsed][0m[0m
[0m[1mnebius_mk8s_v1_node_group.cpu: Still creating... [01m20s elapsed][0m[0m
[0m[1mnebius_mk8s_v1_node_group.gpu["remote"]: Still creating... [01m20s elapsed][0m[0m
[0m[1mnebius_mk8s_v1_node_group.gpu["remote"]: Still creating... [01m30s elapsed][0m[0m
[0m[1mnebius_mk8s_v1_node_group.gpu["local"]: Still creating... [01m30s elapsed][0m[0m
[0m[1mnebius_mk8s_v1_node_group.cpu: Still creating... [01m30s elapsed][0m[0m
[0m[1mnebius_mk8s_v1_node_group.cpu: Still creating... [01m40s elapsed][0m[0m
[0m[1mnebius_mk8s_v1_node_group.gpu["remote"]: Still creating... [01m40s elapsed][0m[0m
[0m[1mnebius_mk8s_v1_node_group.gpu["local"]: Still creating... [01m40s elapsed][0m[0m
[0m[1mnebius_mk8s_v1_node_group.gpu["local"]: Still creating... [01m50s elapsed][0m[0m
[0m[1mnebius_mk8s_v1_node_group.gpu["remote"]: Still creating... [01m50s elapsed][0m[0m
[0m[1mnebius_mk8s_v1_node_group.cpu: Still creating... [01m50s elapsed][0m[0m
[0m[1mnebius_mk8s_v1_node_group.cpu: Still creating... [02m00s elapsed][0m[0m
[0m[1mnebius_mk8s_v1_node_group.gpu["remote"]: Still creating... [02m00s elapsed][0m[0m
[0m[1mnebius_mk8s_v1_node_group.gpu["local"]: Still creating... [02m00s elapsed][0m[0m
[0m[1mnebius_mk8s_v1_node_group.gpu["local"]: Still creating... [02m10s elapsed][0m[0m
[0m[1mnebius_mk8s_v1_node_group.cpu: Still creating... [02m10s elapsed][0m[0m
[0m[1mnebius_mk8s_v1_node_group.gpu["remote"]: Still creating... [02m10s elapsed][0m[0m
[0m[1mnebius_mk8s_v1_node_group.gpu["local"]: Still creating... [02m20s elapsed][0m[0m
[0m[1mnebius_mk8s_v1_node_group.gpu["remote"]: Still creating... [02m20s elapsed][0m[0m
[0m[1mnebius_mk8s_v1_node_group.cpu: Still creating... [02m20s elapsed][0m[0m
[0m[1mnebius_mk8s_v1_node_group.cpu: Still creating... [02m30s elapsed][0m[0m
[0m[1mnebius_mk8s_v1_node_group.gpu["remote"]: Still creating... [02m30s elapsed][0m[0m
[0m[1mnebius_mk8s_v1_node_group.gpu["local"]: Still creating... [02m30s elapsed][0m[0m
[0m[1mnebius_mk8s_v1_node_group.gpu["local"]: Still creating... [02m40s elapsed][0m[0m
[0m[1mnebius_mk8s_v1_node_group.cpu: Still creating... [02m40s elapsed][0m[0m
[0m[1mnebius_mk8s_v1_node_group.gpu["remote"]: Still creating... [02m40s elapsed][0m[0m
[0m[1mnebius_mk8s_v1_node_group.cpu: Creation complete after 2m40s [id=mk8snodegroup-e00dv6hqwsg3rpa8bh][0m
[0m[1mnebius_mk8s_v1_node_group.gpu["remote"]: Still creating... [02m50s elapsed][0m[0m
[0m[1mnebius_mk8s_v1_node_group.gpu["local"]: Still creating... [02m50s elapsed][0m[0m
[0m[1mnebius_mk8s_v1_node_group.gpu["local"]: Still creating... [03m00s elapsed][0m[0m
[0m[1mnebius_mk8s_v1_node_group.gpu["remote"]: Still creating... [03m00s elapsed][0m[0m
[0m[1mnebius_mk8s_v1_node_group.gpu["local"]: Still creating... [03m10s elapsed][0m[0m
[0m[1mnebius_mk8s_v1_node_group.gpu["remote"]: Still creating... [03m10s elapsed][0m[0m
[0m[1mnebius_mk8s_v1_node_group.gpu["remote"]: Creation complete after 3m12s [id=mk8snodegroup-e00zqzfffgmebzwrmh][0m
[0m[1mnebius_mk8s_v1_node_group.gpu["local"]: Still creating... [03m20s elapsed][0m[0m
[0m[1mnebius_mk8s_v1_node_group.gpu["local"]: Still creating... [03m30s elapsed][0m[0m
[0m[1mnebius_mk8s_v1_node_group.gpu["local"]: Still creating... [03m40s elapsed][0m[0m
[0m[1mnebius_mk8s_v1_node_group.gpu["local"]: Still creating... [03m50s elapsed][0m[0m
[0m[1mnebius_mk8s_v1_node_group.gpu["local"]: Still creating... [04m00s elapsed][0m[0m
[0m[1mnebius_mk8s_v1_node_group.gpu["local"]: Still creating... [04m10s elapsed][0m[0m
[0m[1mnebius_mk8s_v1_node_group.gpu["local"]: Still creating... [04m20s elapsed][0m[0m
[0m[1mnebius_mk8s_v1_node_group.gpu["local"]: Still creating... [04m30s elapsed][0m[0m
[0m[1mnebius_mk8s_v1_node_group.gpu["local"]: Still creating... [04m40s elapsed][0m[0m
[0m[1mnebius_mk8s_v1_node_group.gpu["local"]: Still creating... [04m50s elapsed][0m[0m
[0m[1mnebius_mk8s_v1_node_group.gpu["local"]: Still creating... [05m00s elapsed][0m[0m
[0m[1mnebius_mk8s_v1_node_group.gpu["local"]: Still creating... [05m10s elapsed][0m[0m
[0m[1mnebius_mk8s_v1_node_group.gpu["local"]: Still creating... [05m20s elapsed][0m[0m
[0m[1mnebius_mk8s_v1_node_group.gpu["local"]: Still creating... [05m30s elapsed][0m[0m
[0m[1mnebius_mk8s_v1_node_group.gpu["local"]: Still creating... [05m40s elapsed][0m[0m
[0m[1mnebius_mk8s_v1_node_group.gpu["local"]: Still creating... [05m50s elapsed][0m[0m
[0m[1mnebius_mk8s_v1_node_group.gpu["local"]: Still creating... [06m00s elapsed][0m[0m
[0m[1mnebius_mk8s_v1_node_group.gpu["local"]: Still creating... [06m10s elapsed][0m[0m
[0m[1mnebius_mk8s_v1_node_group.gpu["local"]: Still creating... [06m20s elapsed][0m[0m
[0m[1mnebius_mk8s_v1_node_group.gpu["local"]: Still creating... [06m30s elapsed][0m[0m
[0m[1mnebius_mk8s_v1_node_group.gpu["local"]: Still creating... [06m40s elapsed][0m[0m
[0m[1mnebius_mk8s_v1_node_group.gpu["local"]: Still creating... [06m50s elapsed][0m[0m
[0m[1mnebius_mk8s_v1_node_group.gpu["local"]: Still creating... [07m00s elapsed][0m[0m
[0m[1mnebius_mk8s_v1_node_group.gpu["local"]: Still creating... [07m10s elapsed][0m[0m
[0m[1mnebius_mk8s_v1_node_group.gpu["local"]: Still creating... [07m20s elapsed][0m[0m
[0m[1mnebius_mk8s_v1_node_group.gpu["local"]: Still creating... [07m30s elapsed][0m[0m
[0m[1mnebius_mk8s_v1_node_group.gpu["local"]: Still creating... [07m40s elapsed][0m[0m
[0m[1mnebius_mk8s_v1_node_group.gpu["local"]: Still creating... [07m50s elapsed][0m[0m
[0m[1mnebius_mk8s_v1_node_group.gpu["local"]: Still creating... [08m00s elapsed][0m[0m
[0m[1mnebius_mk8s_v1_node_group.gpu["local"]: Still creating... [08m10s elapsed][0m[0m
[0m[1mnebius_mk8s_v1_node_group.gpu["local"]: Still creating... [08m20s elapsed][0m[0m
[0m[1mnebius_mk8s_v1_node_group.gpu["local"]: Still creating... [08m30s elapsed][0m[0m
[0m[1mnebius_mk8s_v1_node_group.gpu["local"]: Still creating... [08m40s elapsed][0m[0m
[0m[1mnebius_mk8s_v1_node_group.gpu["local"]: Still creating... [08m50s elapsed][0m[0m
[0m[1mnebius_mk8s_v1_node_group.gpu["local"]: Still creating... [09m00s elapsed][0m[0m
[0m[1mnebius_mk8s_v1_node_group.gpu["local"]: Still creating... [09m10s elapsed][0m[0m
[0m[1mnebius_mk8s_v1_node_group.gpu["local"]: Still creating... [09m20s elapsed][0m[0m
[0m[1mnebius_mk8s_v1_node_group.gpu["local"]: Still creating... [09m30s elapsed][0m[0m
[0m[1mnebius_mk8s_v1_node_group.gpu["local"]: Still creating... [09m40s elapsed][0m[0m
[0m[1mnebius_mk8s_v1_node_group.gpu["local"]: Still creating... [09m50s elapsed][0m[0m
[0m[1mnebius_mk8s_v1_node_group.gpu["local"]: Still creating... [10m00s elapsed][0m[0m
[0m[1mnebius_mk8s_v1_node_group.gpu["local"]: Still creating... [10m10s elapsed][0m[0m
[0m[1mnebius_mk8s_v1_node_group.gpu["local"]: Still creating... [10m20s elapsed][0m[0m
[0m[1mnebius_mk8s_v1_node_group.gpu["local"]: Still creating... [10m30s elapsed][0m[0m
Stopping operation...

Interrupt received.
Please wait for Terraform to exit or data loss may occur.
Gracefully shutting down...

[0m[1mnebius_mk8s_v1_node_group.gpu["local"]: Still creating... [10m40s elapsed][0m[0m
[31m╷[0m[0m
[31m│[0m [0m[1m[31mError: [0m[0m[1mexecution halted[0m
[31m│[0m [0m
[31m│[0m [0m[0m
[31m╵[0m[0m
[31m╷[0m[0m
[31m│[0m [0m[1m[31mError: [0m[0m[1mexecution halted[0m
[31m│[0m [0m
[31m│[0m [0m[0m
[31m╵[0m[0m
[31m╷[0m[0m
[31m│[0m [0m[1m[31mError: [0m[0m[1mresource creation failed[0m
[31m│[0m [0m
[31m│[0m [0m[0m  with nebius_mk8s_v1_node_group.gpu["local"],
[31m│[0m [0m  on main.tf line 35, in resource "nebius_mk8s_v1_node_group" "gpu":
[31m│[0m [0m  35: resource "nebius_mk8s_v1_node_group" "gpu" [4m{[0m[0m
[31m│[0m [0m
[31m│[0m [0mresource creation failed: operation wait: context canceled
[31m│[0m [0m
[31m│[0m [0mThis issue may be linked to the API request call. The following information
[31m│[0m [0mmay be helpful while debugging the issue:
[31m│[0m [0mRequest ID: 6d8960dc-bf60-4957-b62b-a0b0adda6a90
[31m│[0m [0mTrace ID: c5721b9df9f30e72145eb57e7e94fadd
[31m│[0m [0m
[31m│[0m [0mLatest Request ID: aea13c71-6d95-4c58-98dc-51bf662d5ec3
[31m│[0m [0mLatest Trace ID: 384dfffe1e1565f41edbc2cd67affa5a
[31m╵[0m[0m
