[0m[1mnebius_mk8s_v1_cluster.topology: Refreshing state... [id=mk8scluster-e00q9yqgwhacxfbxnn][0m
[0m[1mnebius_mk8s_v1_node_group.gpu["remote"]: Refreshing state... [id=mk8snodegroup-e00zqzfffgmebzwrmh][0m
[0m[1mnebius_mk8s_v1_node_group.cpu: Refreshing state... [id=mk8snodegroup-e00dv6hqwsg3rpa8bh][0m
[0m[1mnebius_mk8s_v1_node_group.gpu["local"]: Refreshing state... [id=mk8snodegroup-e00mpbvnacd5vapxmj][0m

Terraform used the selected providers to generate the following execution
plan. Resource actions are indicated with the following symbols:
  [31m-[0m destroy[0m

Terraform will perform the following actions:

[1m  # nebius_mk8s_v1_cluster.topology[0m will be [1m[31mdestroyed[0m
[0m  [31m-[0m[0m resource "nebius_mk8s_v1_cluster" "topology" {
      [31m-[0m[0m control_plane    = {
          [31m-[0m[0m endpoints = {
              [31m-[0m[0m public_endpoint = {} [90m-> null[0m[0m
            } [90m-> null[0m[0m
          [31m-[0m[0m subnet_id = "vpcsubnet-e00qj3n64waebbvgkn" [90m-> null[0m[0m
          [31m-[0m[0m version   = "1.35" [90m-> null[0m[0m
        } [90m-> null[0m[0m
      [31m-[0m[0m created_at       = "2026-09-15T15:23:49Z" [90m-> null[0m[0m
      [31m-[0m[0m id               = "mk8scluster-e00q9yqgwhacxfbxnn" [90m-> null[0m[0m
      [31m-[0m[0m labels_all       = {} [90m-> null[0m[0m
      [31m-[0m[0m metadata         = {} [90m-> null[0m[0m
      [31m-[0m[0m name             = "router-topology" [90m-> null[0m[0m
      [31m-[0m[0m parent_id        = "project-e00y7nnzpr00b95he2k13g" [90m-> null[0m[0m
      [31m-[0m[0m resource_version = 2 [90m-> null[0m[0m
      [31m-[0m[0m status           = {
          [31m-[0m[0m control_plane = {
              [31m-[0m[0m auth              = {
                  [31m-[0m[0m cluster_ca_certificate = <<-EOT
                        -----BEGIN CERTIFICATE-----
                        MIIC6jCCAdKgAwIBAgIBADANBgkqhkiG9w0BAQsFADAVMRMwEQYDVQQDEwprdWJl
                        cm5ldGVzMB4XDTI2MDkxNTE1MTkyN1oXDTM2MDkxMjE1MjQyN1owFTETMBEGA1UE
                        AxMKa3ViZXJuZXRlczCCASIwDQYJKoZIhvcNAQEBBQADggEPADCCAQoCggEBAMi1
                        PcEJq0CaPid2M5w1w1NTelTXvGIv1lJLEUjIKyYtgq1hNXwi/AyoRrFnvKskntLC
                        1EVagQDhG2rW8LnV7iSszVVVG3uf7obfzvqOk91zqP71GwULKdD7uOfPHvZO8sEB
                        QlRz8PQRGgo4rgBXgxiY70R/fIS4rsIFIj7HlOTQTWsXsx06VzGYsu8+9/ORwkHs
                        q3WbuqV4R6NX/11Lpp5+czZCyR5fMhzoG/FmxzZGnYd4ym+7lnCKfMLpMsCDA1ij
                        pUgLZ7X7k1GQmUNKJcQHH321d1Zv5mWkPCqzhfijhRzt0OxwUwpJYe+cuHUJGusr
                        69CxfnSvKg5bFBnPDiECAwEAAaNFMEMwDgYDVR0PAQH/BAQDAgKkMBIGA1UdEwEB
                        /wQIMAYBAf8CAQAwHQYDVR0OBBYEFAcJ2lWfH7dGtdbjA9V+hyYq0i24MA0GCSqG
                        SIb3DQEBCwUAA4IBAQBbUTO92MEQsNdZ16++XnSsET8kYvCZ0vIB+TNFp5Ux8f5f
                        u0NGKhIUOGsCHSpu0gkWQ7JwGdmAJqAxt8vapd1z2K5mq62RBTz7x7OIUHjfFlky
                        WUCCDafhRXlHbG0jnlIPBhR1eXa9tcAWMmdYmWEf8tkEYxcsJxxRkpdt+c+9jc6E
                        OqzSZY9XGbHf0ZFCAIc3fkz9xrTtd98/MRFnTQ6lKRIo9sscJX6HT7lQ/UzpRU9g
                        r+Idq9BFE8DKQBAvE9ZL5DXKArFLYmDeXt4lb+3rCtTBxtJlW53QCxnYSEQa/Ebv
                        Iny5IlP8h+B7GKnyggT82IXglUp+a0pRorxs7DPp
                        -----END CERTIFICATE-----
                    EOT [90m-> null[0m[0m
                } [90m-> null[0m[0m
              [31m-[0m[0m endpoints         = {
                  [31m-[0m[0m private_endpoint = "https://pr.mk8scluster-e00q9yqgwhacxfbxnn.mk8s.eu-north1.nebius.cloud:443" [90m-> null[0m[0m
                  [31m-[0m[0m public_endpoint  = "https://pu.mk8scluster-e00q9yqgwhacxfbxnn.mk8s.eu-north1.nebius.cloud:443" [90m-> null[0m[0m
                } [90m-> null[0m[0m
              [31m-[0m[0m etcd_cluster_size = 3 [90m-> null[0m[0m
              [31m-[0m[0m version           = "1.35" [90m-> null[0m[0m
            } [90m-> null[0m[0m
          [31m-[0m[0m state         = "RUNNING" [90m-> null[0m[0m
        } [90m-> null[0m[0m
      [31m-[0m[0m updated_at       = "2026-09-15T15:30:17Z" [90m-> null[0m[0m
    }

[1m  # nebius_mk8s_v1_node_group.cpu[0m will be [1m[31mdestroyed[0m
[0m  [31m-[0m[0m resource "nebius_mk8s_v1_node_group" "cpu" {
      [31m-[0m[0m created_at       = "2026-09-15T15:28:01Z" [90m-> null[0m[0m
      [31m-[0m[0m fixed_node_count = 1 [90m-> null[0m[0m
      [31m-[0m[0m id               = "mk8snodegroup-e00dv6hqwsg3rpa8bh" [90m-> null[0m[0m
      [31m-[0m[0m labels_all       = {} [90m-> null[0m[0m
      [31m-[0m[0m metadata         = {} [90m-> null[0m[0m
      [31m-[0m[0m name             = "router-cpu" [90m-> null[0m[0m
      [31m-[0m[0m parent_id        = "mk8scluster-e00q9yqgwhacxfbxnn" [90m-> null[0m[0m
      [31m-[0m[0m resource_version = 1 [90m-> null[0m[0m
      [31m-[0m[0m status           = {
          [31m-[0m[0m events            = [
              [31m-[0m[0m {
                  [31m-[0m[0m first_occurred_at = "2026-09-15T15:28:02Z" [90m-> null[0m[0m
                  [31m-[0m[0m last_occurrence   = {
                      [31m-[0m[0m code        = "ComputeInstanceStopped" [90m-> null[0m[0m
                      [31m-[0m[0m level       = "WARN" [90m-> null[0m[0m
                      [31m-[0m[0m message     = "Compute instance is stopped for node mk8snodegroup-e00dv6hqwsg3rpa8bh-jfqb2-w8hln" [90m-> null[0m[0m
                      [31m-[0m[0m occurred_at = "2026-09-15T15:28:02Z" [90m-> null[0m[0m
                    } [90m-> null[0m[0m
                  [31m-[0m[0m occurrence_count  = 1 [90m-> null[0m[0m
                },
              [31m-[0m[0m {
                  [31m-[0m[0m first_occurred_at = "2026-09-15T15:28:48Z" [90m-> null[0m[0m
                  [31m-[0m[0m last_occurrence   = {
                      [31m-[0m[0m code        = "NodeProvisioning" [90m-> null[0m[0m
                      [31m-[0m[0m level       = "WARN" [90m-> null[0m[0m
                      [31m-[0m[0m message     = "Waiting for a node with matching ProviderID to exist for node mk8snodegroup-e00dv6hqwsg3rpa8bh-jfqb2-w8hln" [90m-> null[0m[0m
                      [31m-[0m[0m occurred_at = "2026-09-15T15:28:48Z" [90m-> null[0m[0m
                    } [90m-> null[0m[0m
                  [31m-[0m[0m occurrence_count  = 1 [90m-> null[0m[0m
                },
              [31m-[0m[0m {
                  [31m-[0m[0m first_occurred_at = "2026-09-15T15:29:20Z" [90m-> null[0m[0m
                  [31m-[0m[0m last_occurrence   = {
                      [31m-[0m[0m code        = "NodeConditionsFailed" [90m-> null[0m[0m
                      [31m-[0m[0m level       = "WARN" [90m-> null[0m[0m
                      [31m-[0m[0m message     = "Node condition Ready is False for node mk8snodegroup-e00dv6hqwsg3rpa8bh-jfqb2-w8hln" [90m-> null[0m[0m
                      [31m-[0m[0m occurred_at = "2026-09-15T15:29:20Z" [90m-> null[0m[0m
                    } [90m-> null[0m[0m
                  [31m-[0m[0m occurrence_count  = 1 [90m-> null[0m[0m
                },
            ] [90m-> null[0m[0m
          [31m-[0m[0m node_count        = 1 [90m-> null[0m[0m
          [31m-[0m[0m ready_node_count  = 1 [90m-> null[0m[0m
          [31m-[0m[0m state             = "RUNNING" [90m-> null[0m[0m
          [31m-[0m[0m strategy          = {
              [31m-[0m[0m drain_timeout   = "10m" [90m-> null[0m[0m
              [31m-[0m[0m max_surge       = {
                  [31m-[0m[0m count = 0 [90m-> null[0m[0m
                } [90m-> null[0m[0m
              [31m-[0m[0m max_unavailable = {
                  [31m-[0m[0m count = 1 [90m-> null[0m[0m
                } [90m-> null[0m[0m
            } [90m-> null[0m[0m
          [31m-[0m[0m target_node_count = 1 [90m-> null[0m[0m
          [31m-[0m[0m version           = "v1.35.7-nebius-node.74" [90m-> null[0m[0m
        } [90m-> null[0m[0m
      [31m-[0m[0m template         = {
          [31m-[0m[0m boot_disk          = {
              [31m-[0m[0m block_size_bytes = 0 [90m-> null[0m[0m
              [31m-[0m[0m size_gibibytes   = 64 [90m-> null[0m[0m
              [31m-[0m[0m type             = "NETWORK_SSD" [90m-> null[0m[0m
            } [90m-> null[0m[0m
          [31m-[0m[0m network_interfaces = [
              [31m-[0m[0m {
                  [31m-[0m[0m security_groups = [] [90m-> null[0m[0m
                  [31m-[0m[0m subnet_id       = "vpcsubnet-e00qj3n64waebbvgkn" [90m-> null[0m[0m
                },
            ] [90m-> null[0m[0m
          [31m-[0m[0m resources          = {
              [31m-[0m[0m platform = "cpu-d3" [90m-> null[0m[0m
              [31m-[0m[0m preset   = "16vcpu-64gb" [90m-> null[0m[0m
            } [90m-> null[0m[0m
        } [90m-> null[0m[0m
      [31m-[0m[0m updated_at       = "2026-09-15T15:28:01Z" [90m-> null[0m[0m
    }

[1m  # nebius_mk8s_v1_node_group.gpu["local"][0m will be [1m[31mdestroyed[0m
[0m  [31m-[0m[0m resource "nebius_mk8s_v1_node_group" "gpu" {
      [31m-[0m[0m created_at       = "2026-09-15T15:28:00Z" [90m-> null[0m[0m
      [31m-[0m[0m fixed_node_count = 1 [90m-> null[0m[0m
      [31m-[0m[0m id               = "mk8snodegroup-e00mpbvnacd5vapxmj" [90m-> null[0m[0m
      [31m-[0m[0m labels_all       = {} [90m-> null[0m[0m
      [31m-[0m[0m metadata         = {} [90m-> null[0m[0m
      [31m-[0m[0m name             = "router-local" [90m-> null[0m[0m
      [31m-[0m[0m parent_id        = "mk8scluster-e00q9yqgwhacxfbxnn" [90m-> null[0m[0m
      [31m-[0m[0m resource_version = 1 [90m-> null[0m[0m
      [31m-[0m[0m status           = {
          [31m-[0m[0m events            = [
              [31m-[0m[0m {
                  [31m-[0m[0m first_occurred_at = "2026-09-15T15:33:55Z" [90m-> null[0m[0m
                  [31m-[0m[0m last_occurrence   = {
                      [31m-[0m[0m code        = "ComputeInstanceOperationFailed" [90m-> null[0m[0m
                      [31m-[0m[0m level       = "ERROR" [90m-> null[0m[0m
                      [31m-[0m[0m message     = "Operation computeoperation-e00pn8e3fftjmfdn6b \"Create Instance\" of compute instance is failed for node mk8snodegroup-e00mpbvnacd5vapxmj-czckb-bdmjx" [90m-> null[0m[0m
                      [31m-[0m[0m occurred_at = "2026-09-15T15:33:55Z" [90m-> null[0m[0m
                    } [90m-> null[0m[0m
                  [31m-[0m[0m occurrence_count  = 1 [90m-> null[0m[0m
                },
              [31m-[0m[0m {
                  [31m-[0m[0m first_occurred_at = "2026-09-15T15:28:02Z" [90m-> null[0m[0m
                  [31m-[0m[0m last_occurrence   = {
                      [31m-[0m[0m code        = "ComputeInstanceStopped" [90m-> null[0m[0m
                      [31m-[0m[0m level       = "WARN" [90m-> null[0m[0m
                      [31m-[0m[0m message     = "Compute instance is stopped for node mk8snodegroup-e00mpbvnacd5vapxmj-czckb-bdmjx" [90m-> null[0m[0m
                      [31m-[0m[0m occurred_at = "2026-09-15T15:33:48Z" [90m-> null[0m[0m
                    } [90m-> null[0m[0m
                  [31m-[0m[0m occurrence_count  = 2 [90m-> null[0m[0m
                },
              [31m-[0m[0m {
                  [31m-[0m[0m first_occurred_at = "2026-09-15T15:28:01Z" [90m-> null[0m[0m
                  [31m-[0m[0m last_occurrence   = {
                      [31m-[0m[0m code        = "WaitingForNodeRef" [90m-> null[0m[0m
                      [31m-[0m[0m level       = "INFO" [90m-> null[0m[0m
                      [31m-[0m[0m message     = "WaitingForNodeRef for node mk8snodegroup-e00mpbvnacd5vapxmj-czckb-bdmjx" [90m-> null[0m[0m
                      [31m-[0m[0m occurred_at = "2026-09-15T15:28:01Z" [90m-> null[0m[0m
                    } [90m-> null[0m[0m
                  [31m-[0m[0m occurrence_count  = 1 [90m-> null[0m[0m
                },
            ] [90m-> null[0m[0m
          [31m-[0m[0m node_count        = 1 [90m-> null[0m[0m
          [31m-[0m[0m reconciling       = true [90m-> null[0m[0m
          [31m-[0m[0m state             = "PROVISIONING" [90m-> null[0m[0m
          [31m-[0m[0m strategy          = {
              [31m-[0m[0m drain_timeout   = "10m" [90m-> null[0m[0m
              [31m-[0m[0m max_surge       = {
                  [31m-[0m[0m count = 0 [90m-> null[0m[0m
                } [90m-> null[0m[0m
              [31m-[0m[0m max_unavailable = {
                  [31m-[0m[0m count = 1 [90m-> null[0m[0m
                } [90m-> null[0m[0m
            } [90m-> null[0m[0m
          [31m-[0m[0m target_node_count = 1 [90m-> null[0m[0m
        } [90m-> null[0m[0m
      [31m-[0m[0m template         = {
          [31m-[0m[0m boot_disk          = {
              [31m-[0m[0m block_size_bytes = 0 [90m-> null[0m[0m
              [31m-[0m[0m size_gibibytes   = 256 [90m-> null[0m[0m
              [31m-[0m[0m type             = "NETWORK_SSD" [90m-> null[0m[0m
            } [90m-> null[0m[0m
          [31m-[0m[0m gpu_settings       = {
              [31m-[0m[0m drivers_preset = "cuda13.0" [90m-> null[0m[0m
            } [90m-> null[0m[0m
          [31m-[0m[0m network_interfaces = [
              [31m-[0m[0m {
                  [31m-[0m[0m security_groups = [] [90m-> null[0m[0m
                  [31m-[0m[0m subnet_id       = "vpcsubnet-e00qj3n64waebbvgkn" [90m-> null[0m[0m
                },
            ] [90m-> null[0m[0m
          [31m-[0m[0m reservation_policy = {
              [31m-[0m[0m policy = "FORBID" [90m-> null[0m[0m
            } [90m-> null[0m[0m
          [31m-[0m[0m resources          = {
              [31m-[0m[0m platform = "gpu-l40s-d" [90m-> null[0m[0m
              [31m-[0m[0m preset   = "2gpu-64vcpu-384gb" [90m-> null[0m[0m
            } [90m-> null[0m[0m
        } [90m-> null[0m[0m
      [31m-[0m[0m updated_at       = "2026-09-15T15:28:00Z" [90m-> null[0m[0m
      [31m-[0m[0m version          = "1.35" [90m-> null[0m[0m
    }

[1m  # nebius_mk8s_v1_node_group.gpu["remote"][0m will be [1m[31mdestroyed[0m
[0m  [31m-[0m[0m resource "nebius_mk8s_v1_node_group" "gpu" {
      [31m-[0m[0m created_at       = "2026-09-15T15:27:59Z" [90m-> null[0m[0m
      [31m-[0m[0m fixed_node_count = 1 [90m-> null[0m[0m
      [31m-[0m[0m id               = "mk8snodegroup-e00zqzfffgmebzwrmh" [90m-> null[0m[0m
      [31m-[0m[0m labels_all       = {} [90m-> null[0m[0m
      [31m-[0m[0m metadata         = {} [90m-> null[0m[0m
      [31m-[0m[0m name             = "router-remote" [90m-> null[0m[0m
      [31m-[0m[0m parent_id        = "mk8scluster-e00q9yqgwhacxfbxnn" [90m-> null[0m[0m
      [31m-[0m[0m resource_version = 1 [90m-> null[0m[0m
      [31m-[0m[0m status           = {
          [31m-[0m[0m events            = [
              [31m-[0m[0m {
                  [31m-[0m[0m first_occurred_at = "2026-09-15T15:28:01Z" [90m-> null[0m[0m
                  [31m-[0m[0m last_occurrence   = {
                      [31m-[0m[0m code        = "ComputeInstanceStopped" [90m-> null[0m[0m
                      [31m-[0m[0m level       = "WARN" [90m-> null[0m[0m
                      [31m-[0m[0m message     = "Compute instance is stopped for node mk8snodegroup-e00zqzfffgmebzwrmh-x9gfx-skvx6" [90m-> null[0m[0m
                      [31m-[0m[0m occurred_at = "2026-09-15T15:28:01Z" [90m-> null[0m[0m
                    } [90m-> null[0m[0m
                  [31m-[0m[0m occurrence_count  = 1 [90m-> null[0m[0m
                },
              [31m-[0m[0m {
                  [31m-[0m[0m first_occurred_at = "2026-09-15T15:30:18Z" [90m-> null[0m[0m
                  [31m-[0m[0m last_occurrence   = {
                      [31m-[0m[0m code        = "NodeProvisioning" [90m-> null[0m[0m
                      [31m-[0m[0m level       = "WARN" [90m-> null[0m[0m
                      [31m-[0m[0m message     = "Waiting for a node with matching ProviderID to exist for node mk8snodegroup-e00zqzfffgmebzwrmh-x9gfx-skvx6" [90m-> null[0m[0m
                      [31m-[0m[0m occurred_at = "2026-09-15T15:30:18Z" [90m-> null[0m[0m
                    } [90m-> null[0m[0m
                  [31m-[0m[0m occurrence_count  = 1 [90m-> null[0m[0m
                },
              [31m-[0m[0m {
                  [31m-[0m[0m first_occurred_at = "2026-09-15T15:30:46Z" [90m-> null[0m[0m
                  [31m-[0m[0m last_occurrence   = {
                      [31m-[0m[0m code        = "NodeConditionsFailed" [90m-> null[0m[0m
                      [31m-[0m[0m level       = "WARN" [90m-> null[0m[0m
                      [31m-[0m[0m message     = "Node condition Ready is False for node mk8snodegroup-e00zqzfffgmebzwrmh-x9gfx-skvx6" [90m-> null[0m[0m
                      [31m-[0m[0m occurred_at = "2026-09-15T15:30:46Z" [90m-> null[0m[0m
                    } [90m-> null[0m[0m
                  [31m-[0m[0m occurrence_count  = 1 [90m-> null[0m[0m
                },
            ] [90m-> null[0m[0m
          [31m-[0m[0m node_count        = 1 [90m-> null[0m[0m
          [31m-[0m[0m ready_node_count  = 1 [90m-> null[0m[0m
          [31m-[0m[0m state             = "RUNNING" [90m-> null[0m[0m
          [31m-[0m[0m strategy          = {
              [31m-[0m[0m drain_timeout   = "10m" [90m-> null[0m[0m
              [31m-[0m[0m max_surge       = {
                  [31m-[0m[0m count = 0 [90m-> null[0m[0m
                } [90m-> null[0m[0m
              [31m-[0m[0m max_unavailable = {
                  [31m-[0m[0m count = 1 [90m-> null[0m[0m
                } [90m-> null[0m[0m
            } [90m-> null[0m[0m
          [31m-[0m[0m target_node_count = 1 [90m-> null[0m[0m
          [31m-[0m[0m version           = "v1.35.7-nebius-node.74" [90m-> null[0m[0m
        } [90m-> null[0m[0m
      [31m-[0m[0m template         = {
          [31m-[0m[0m boot_disk          = {
              [31m-[0m[0m block_size_bytes = 0 [90m-> null[0m[0m
              [31m-[0m[0m size_gibibytes   = 256 [90m-> null[0m[0m
              [31m-[0m[0m type             = "NETWORK_SSD" [90m-> null[0m[0m
            } [90m-> null[0m[0m
          [31m-[0m[0m gpu_settings       = {
              [31m-[0m[0m drivers_preset = "cuda13.0" [90m-> null[0m[0m
            } [90m-> null[0m[0m
          [31m-[0m[0m network_interfaces = [
              [31m-[0m[0m {
                  [31m-[0m[0m security_groups = [] [90m-> null[0m[0m
                  [31m-[0m[0m subnet_id       = "vpcsubnet-e00qj3n64waebbvgkn" [90m-> null[0m[0m
                },
            ] [90m-> null[0m[0m
          [31m-[0m[0m reservation_policy = {
              [31m-[0m[0m policy = "FORBID" [90m-> null[0m[0m
            } [90m-> null[0m[0m
          [31m-[0m[0m resources          = {
              [31m-[0m[0m platform = "gpu-l40s-d" [90m-> null[0m[0m
              [31m-[0m[0m preset   = "1gpu-16vcpu-96gb" [90m-> null[0m[0m
            } [90m-> null[0m[0m
        } [90m-> null[0m[0m
      [31m-[0m[0m updated_at       = "2026-09-15T15:27:59Z" [90m-> null[0m[0m
      [31m-[0m[0m version          = "1.35" [90m-> null[0m[0m
    }

[1mPlan:[0m [0m0 to add, 0 to change, 4 to destroy.

Changes to Outputs:
  [31m-[0m[0m cluster_id = "mk8scluster-e00q9yqgwhacxfbxnn" [90m-> null[0m[0m
[0m[1mnebius_mk8s_v1_node_group.gpu["remote"]: Destroying... [id=mk8snodegroup-e00zqzfffgmebzwrmh][0m[0m
[0m[1mnebius_mk8s_v1_node_group.gpu["local"]: Destroying... [id=mk8snodegroup-e00mpbvnacd5vapxmj][0m[0m
[0m[1mnebius_mk8s_v1_node_group.cpu: Destroying... [id=mk8snodegroup-e00dv6hqwsg3rpa8bh][0m[0m
[0m[1mnebius_mk8s_v1_node_group.cpu: Still destroying... [id=mk8snodegroup-e00dv6hqwsg3rpa8bh, 00m10s elapsed][0m[0m
[0m[1mnebius_mk8s_v1_node_group.gpu["remote"]: Still destroying... [id=mk8snodegroup-e00zqzfffgmebzwrmh, 00m10s elapsed][0m[0m
[0m[1mnebius_mk8s_v1_node_group.gpu["local"]: Still destroying... [id=mk8snodegroup-e00mpbvnacd5vapxmj, 00m10s elapsed][0m[0m
[0m[1mnebius_mk8s_v1_node_group.cpu: Still destroying... [id=mk8snodegroup-e00dv6hqwsg3rpa8bh, 00m20s elapsed][0m[0m
[0m[1mnebius_mk8s_v1_node_group.gpu["local"]: Still destroying... [id=mk8snodegroup-e00mpbvnacd5vapxmj, 00m20s elapsed][0m[0m
[0m[1mnebius_mk8s_v1_node_group.gpu["remote"]: Still destroying... [id=mk8snodegroup-e00zqzfffgmebzwrmh, 00m20s elapsed][0m[0m
[0m[1mnebius_mk8s_v1_node_group.cpu: Still destroying... [id=mk8snodegroup-e00dv6hqwsg3rpa8bh, 00m30s elapsed][0m[0m
[0m[1mnebius_mk8s_v1_node_group.gpu["remote"]: Still destroying... [id=mk8snodegroup-e00zqzfffgmebzwrmh, 00m30s elapsed][0m[0m
[0m[1mnebius_mk8s_v1_node_group.gpu["local"]: Still destroying... [id=mk8snodegroup-e00mpbvnacd5vapxmj, 00m30s elapsed][0m[0m
[0m[1mnebius_mk8s_v1_node_group.gpu["local"]: Destruction complete after 32s[0m
[0m[1mnebius_mk8s_v1_node_group.cpu: Still destroying... [id=mk8snodegroup-e00dv6hqwsg3rpa8bh, 00m40s elapsed][0m[0m
[0m[1mnebius_mk8s_v1_node_group.gpu["remote"]: Still destroying... [id=mk8snodegroup-e00zqzfffgmebzwrmh, 00m40s elapsed][0m[0m
[0m[1mnebius_mk8s_v1_node_group.cpu: Still destroying... [id=mk8snodegroup-e00dv6hqwsg3rpa8bh, 00m50s elapsed][0m[0m
[0m[1mnebius_mk8s_v1_node_group.gpu["remote"]: Still destroying... [id=mk8snodegroup-e00zqzfffgmebzwrmh, 00m50s elapsed][0m[0m
[0m[1mnebius_mk8s_v1_node_group.gpu["remote"]: Still destroying... [id=mk8snodegroup-e00zqzfffgmebzwrmh, 01m00s elapsed][0m[0m
[0m[1mnebius_mk8s_v1_node_group.cpu: Still destroying... [id=mk8snodegroup-e00dv6hqwsg3rpa8bh, 01m00s elapsed][0m[0m
[0m[1mnebius_mk8s_v1_node_group.cpu: Still destroying... [id=mk8snodegroup-e00dv6hqwsg3rpa8bh, 01m10s elapsed][0m[0m
[0m[1mnebius_mk8s_v1_node_group.gpu["remote"]: Still destroying... [id=mk8snodegroup-e00zqzfffgmebzwrmh, 01m10s elapsed][0m[0m
[0m[1mnebius_mk8s_v1_node_group.cpu: Still destroying... [id=mk8snodegroup-e00dv6hqwsg3rpa8bh, 01m20s elapsed][0m[0m
[0m[1mnebius_mk8s_v1_node_group.gpu["remote"]: Still destroying... [id=mk8snodegroup-e00zqzfffgmebzwrmh, 01m20s elapsed][0m[0m
[0m[1mnebius_mk8s_v1_node_group.cpu: Still destroying... [id=mk8snodegroup-e00dv6hqwsg3rpa8bh, 01m30s elapsed][0m[0m
[0m[1mnebius_mk8s_v1_node_group.gpu["remote"]: Still destroying... [id=mk8snodegroup-e00zqzfffgmebzwrmh, 01m30s elapsed][0m[0m
[0m[1mnebius_mk8s_v1_node_group.gpu["remote"]: Still destroying... [id=mk8snodegroup-e00zqzfffgmebzwrmh, 01m40s elapsed][0m[0m
[0m[1mnebius_mk8s_v1_node_group.cpu: Still destroying... [id=mk8snodegroup-e00dv6hqwsg3rpa8bh, 01m40s elapsed][0m[0m
[0m[1mnebius_mk8s_v1_node_group.cpu: Still destroying... [id=mk8snodegroup-e00dv6hqwsg3rpa8bh, 01m50s elapsed][0m[0m
[0m[1mnebius_mk8s_v1_node_group.gpu["remote"]: Still destroying... [id=mk8snodegroup-e00zqzfffgmebzwrmh, 01m50s elapsed][0m[0m
[0m[1mnebius_mk8s_v1_node_group.gpu["remote"]: Still destroying... [id=mk8snodegroup-e00zqzfffgmebzwrmh, 02m00s elapsed][0m[0m
[0m[1mnebius_mk8s_v1_node_group.cpu: Still destroying... [id=mk8snodegroup-e00dv6hqwsg3rpa8bh, 02m00s elapsed][0m[0m
[0m[1mnebius_mk8s_v1_node_group.cpu: Still destroying... [id=mk8snodegroup-e00dv6hqwsg3rpa8bh, 02m10s elapsed][0m[0m
[0m[1mnebius_mk8s_v1_node_group.gpu["remote"]: Still destroying... [id=mk8snodegroup-e00zqzfffgmebzwrmh, 02m10s elapsed][0m[0m
[0m[1mnebius_mk8s_v1_node_group.gpu["remote"]: Still destroying... [id=mk8snodegroup-e00zqzfffgmebzwrmh, 02m20s elapsed][0m[0m
[0m[1mnebius_mk8s_v1_node_group.cpu: Still destroying... [id=mk8snodegroup-e00dv6hqwsg3rpa8bh, 02m20s elapsed][0m[0m
[0m[1mnebius_mk8s_v1_node_group.cpu: Still destroying... [id=mk8snodegroup-e00dv6hqwsg3rpa8bh, 02m30s elapsed][0m[0m
[0m[1mnebius_mk8s_v1_node_group.gpu["remote"]: Still destroying... [id=mk8snodegroup-e00zqzfffgmebzwrmh, 02m30s elapsed][0m[0m
[0m[1mnebius_mk8s_v1_node_group.gpu["remote"]: Still destroying... [id=mk8snodegroup-e00zqzfffgmebzwrmh, 02m40s elapsed][0m[0m
[0m[1mnebius_mk8s_v1_node_group.cpu: Still destroying... [id=mk8snodegroup-e00dv6hqwsg3rpa8bh, 02m40s elapsed][0m[0m
[0m[1mnebius_mk8s_v1_node_group.cpu: Still destroying... [id=mk8snodegroup-e00dv6hqwsg3rpa8bh, 02m50s elapsed][0m[0m
[0m[1mnebius_mk8s_v1_node_group.gpu["remote"]: Still destroying... [id=mk8snodegroup-e00zqzfffgmebzwrmh, 02m50s elapsed][0m[0m
[0m[1mnebius_mk8s_v1_node_group.gpu["remote"]: Still destroying... [id=mk8snodegroup-e00zqzfffgmebzwrmh, 03m00s elapsed][0m[0m
[0m[1mnebius_mk8s_v1_node_group.cpu: Still destroying... [id=mk8snodegroup-e00dv6hqwsg3rpa8bh, 03m00s elapsed][0m[0m
[0m[1mnebius_mk8s_v1_node_group.cpu: Still destroying... [id=mk8snodegroup-e00dv6hqwsg3rpa8bh, 03m10s elapsed][0m[0m
[0m[1mnebius_mk8s_v1_node_group.gpu["remote"]: Still destroying... [id=mk8snodegroup-e00zqzfffgmebzwrmh, 03m10s elapsed][0m[0m
[0m[1mnebius_mk8s_v1_node_group.gpu["remote"]: Still destroying... [id=mk8snodegroup-e00zqzfffgmebzwrmh, 03m20s elapsed][0m[0m
[0m[1mnebius_mk8s_v1_node_group.cpu: Still destroying... [id=mk8snodegroup-e00dv6hqwsg3rpa8bh, 03m20s elapsed][0m[0m
[0m[1mnebius_mk8s_v1_node_group.cpu: Still destroying... [id=mk8snodegroup-e00dv6hqwsg3rpa8bh, 03m30s elapsed][0m[0m
[0m[1mnebius_mk8s_v1_node_group.gpu["remote"]: Still destroying... [id=mk8snodegroup-e00zqzfffgmebzwrmh, 03m30s elapsed][0m[0m
[0m[1mnebius_mk8s_v1_node_group.gpu["remote"]: Still destroying... [id=mk8snodegroup-e00zqzfffgmebzwrmh, 03m40s elapsed][0m[0m
[0m[1mnebius_mk8s_v1_node_group.cpu: Still destroying... [id=mk8snodegroup-e00dv6hqwsg3rpa8bh, 03m40s elapsed][0m[0m
[0m[1mnebius_mk8s_v1_node_group.cpu: Still destroying... [id=mk8snodegroup-e00dv6hqwsg3rpa8bh, 03m50s elapsed][0m[0m
[0m[1mnebius_mk8s_v1_node_group.gpu["remote"]: Still destroying... [id=mk8snodegroup-e00zqzfffgmebzwrmh, 03m50s elapsed][0m[0m
[0m[1mnebius_mk8s_v1_node_group.gpu["remote"]: Still destroying... [id=mk8snodegroup-e00zqzfffgmebzwrmh, 04m00s elapsed][0m[0m
[0m[1mnebius_mk8s_v1_node_group.cpu: Still destroying... [id=mk8snodegroup-e00dv6hqwsg3rpa8bh, 04m00s elapsed][0m[0m
[0m[1mnebius_mk8s_v1_node_group.cpu: Still destroying... [id=mk8snodegroup-e00dv6hqwsg3rpa8bh, 04m10s elapsed][0m[0m
[0m[1mnebius_mk8s_v1_node_group.gpu["remote"]: Still destroying... [id=mk8snodegroup-e00zqzfffgmebzwrmh, 04m10s elapsed][0m[0m
[0m[1mnebius_mk8s_v1_node_group.gpu["remote"]: Still destroying... [id=mk8snodegroup-e00zqzfffgmebzwrmh, 04m20s elapsed][0m[0m
[0m[1mnebius_mk8s_v1_node_group.cpu: Still destroying... [id=mk8snodegroup-e00dv6hqwsg3rpa8bh, 04m20s elapsed][0m[0m
[0m[1mnebius_mk8s_v1_node_group.gpu["remote"]: Still destroying... [id=mk8snodegroup-e00zqzfffgmebzwrmh, 04m31s elapsed][0m[0m
[0m[1mnebius_mk8s_v1_node_group.cpu: Still destroying... [id=mk8snodegroup-e00dv6hqwsg3rpa8bh, 04m31s elapsed][0m[0m
[0m[1mnebius_mk8s_v1_node_group.gpu["remote"]: Still destroying... [id=mk8snodegroup-e00zqzfffgmebzwrmh, 04m41s elapsed][0m[0m
[0m[1mnebius_mk8s_v1_node_group.cpu: Still destroying... [id=mk8snodegroup-e00dv6hqwsg3rpa8bh, 04m41s elapsed][0m[0m
[0m[1mnebius_mk8s_v1_node_group.cpu: Still destroying... [id=mk8snodegroup-e00dv6hqwsg3rpa8bh, 04m51s elapsed][0m[0m
[0m[1mnebius_mk8s_v1_node_group.gpu["remote"]: Still destroying... [id=mk8snodegroup-e00zqzfffgmebzwrmh, 04m51s elapsed][0m[0m
[0m[1mnebius_mk8s_v1_node_group.cpu: Still destroying... [id=mk8snodegroup-e00dv6hqwsg3rpa8bh, 05m01s elapsed][0m[0m
[0m[1mnebius_mk8s_v1_node_group.gpu["remote"]: Still destroying... [id=mk8snodegroup-e00zqzfffgmebzwrmh, 05m01s elapsed][0m[0m
[0m[1mnebius_mk8s_v1_node_group.gpu["remote"]: Destruction complete after 5m3s[0m
[0m[1mnebius_mk8s_v1_node_group.cpu: Still destroying... [id=mk8snodegroup-e00dv6hqwsg3rpa8bh, 05m11s elapsed][0m[0m
[0m[1mnebius_mk8s_v1_node_group.cpu: Still destroying... [id=mk8snodegroup-e00dv6hqwsg3rpa8bh, 05m21s elapsed][0m[0m
[0m[1mnebius_mk8s_v1_node_group.cpu: Still destroying... [id=mk8snodegroup-e00dv6hqwsg3rpa8bh, 05m31s elapsed][0m[0m
[0m[1mnebius_mk8s_v1_node_group.cpu: Still destroying... [id=mk8snodegroup-e00dv6hqwsg3rpa8bh, 05m41s elapsed][0m[0m
[0m[1mnebius_mk8s_v1_node_group.cpu: Still destroying... [id=mk8snodegroup-e00dv6hqwsg3rpa8bh, 05m51s elapsed][0m[0m
[0m[1mnebius_mk8s_v1_node_group.cpu: Still destroying... [id=mk8snodegroup-e00dv6hqwsg3rpa8bh, 06m01s elapsed][0m[0m
[0m[1mnebius_mk8s_v1_node_group.cpu: Still destroying... [id=mk8snodegroup-e00dv6hqwsg3rpa8bh, 06m11s elapsed][0m[0m
[0m[1mnebius_mk8s_v1_node_group.cpu: Still destroying... [id=mk8snodegroup-e00dv6hqwsg3rpa8bh, 06m21s elapsed][0m[0m
[0m[1mnebius_mk8s_v1_node_group.cpu: Destruction complete after 6m23s[0m
[0m[1mnebius_mk8s_v1_cluster.topology: Destroying... [id=mk8scluster-e00q9yqgwhacxfbxnn][0m[0m
[0m[1mnebius_mk8s_v1_cluster.topology: Still destroying... [id=mk8scluster-e00q9yqgwhacxfbxnn, 00m10s elapsed][0m[0m
[0m[1mnebius_mk8s_v1_cluster.topology: Still destroying... [id=mk8scluster-e00q9yqgwhacxfbxnn, 00m20s elapsed][0m[0m
[0m[1mnebius_mk8s_v1_cluster.topology: Still destroying... [id=mk8scluster-e00q9yqgwhacxfbxnn, 00m30s elapsed][0m[0m
[0m[1mnebius_mk8s_v1_cluster.topology: Still destroying... [id=mk8scluster-e00q9yqgwhacxfbxnn, 00m40s elapsed][0m[0m
[0m[1mnebius_mk8s_v1_cluster.topology: Still destroying... [id=mk8scluster-e00q9yqgwhacxfbxnn, 00m50s elapsed][0m[0m
[0m[1mnebius_mk8s_v1_cluster.topology: Still destroying... [id=mk8scluster-e00q9yqgwhacxfbxnn, 01m00s elapsed][0m[0m
[0m[1mnebius_mk8s_v1_cluster.topology: Still destroying... [id=mk8scluster-e00q9yqgwhacxfbxnn, 01m10s elapsed][0m[0m
[0m[1mnebius_mk8s_v1_cluster.topology: Still destroying... [id=mk8scluster-e00q9yqgwhacxfbxnn, 01m20s elapsed][0m[0m
[0m[1mnebius_mk8s_v1_cluster.topology: Still destroying... [id=mk8scluster-e00q9yqgwhacxfbxnn, 01m30s elapsed][0m[0m
[0m[1mnebius_mk8s_v1_cluster.topology: Still destroying... [id=mk8scluster-e00q9yqgwhacxfbxnn, 01m40s elapsed][0m[0m
[0m[1mnebius_mk8s_v1_cluster.topology: Still destroying... [id=mk8scluster-e00q9yqgwhacxfbxnn, 01m50s elapsed][0m[0m
[0m[1mnebius_mk8s_v1_cluster.topology: Still destroying... [id=mk8scluster-e00q9yqgwhacxfbxnn, 02m00s elapsed][0m[0m
[0m[1mnebius_mk8s_v1_cluster.topology: Still destroying... [id=mk8scluster-e00q9yqgwhacxfbxnn, 02m10s elapsed][0m[0m
[0m[1mnebius_mk8s_v1_cluster.topology: Still destroying... [id=mk8scluster-e00q9yqgwhacxfbxnn, 02m20s elapsed][0m[0m
[0m[1mnebius_mk8s_v1_cluster.topology: Still destroying... [id=mk8scluster-e00q9yqgwhacxfbxnn, 02m30s elapsed][0m[0m
[0m[1mnebius_mk8s_v1_cluster.topology: Still destroying... [id=mk8scluster-e00q9yqgwhacxfbxnn, 02m40s elapsed][0m[0m
[0m[1mnebius_mk8s_v1_cluster.topology: Destruction complete after 2m40s[0m
[0m[1m[32m
Destroy complete! Resources: 4 destroyed.[0m
== independent teardown verification (project: project-e00y7nnzpr00b95he2k13g) ==
--- nebius compute instance list
    count: 0
--- nebius mk8s cluster list
    count: 0
--- nebius compute disk list
    count: 0
--- nebius compute filesystem list
    count: 0
PASS — instances, clusters, disks and filesystems are empty in this project.
Other resource types and other projects were not checked.
